Archive member included to satisfy reference by file (symbol)

D:\BLDC\smo\Middlewares\ST\ARM\DSP\Lib\libarm_cortexM4lf_math.a(arm_sin_cos_f32.o)
                              CMakeFiles/smo.elf.dir/BSP/source/SMO.c.obj (arm_sin_cos_f32)
D:\BLDC\smo\Middlewares\ST\ARM\DSP\Lib\libarm_cortexM4lf_math.a(arm_sin_f32.o)
                              CMakeFiles/smo.elf.dir/BSP/source/hfi.c.obj (arm_sin_f32)
D:\BLDC\smo\Middlewares\ST\ARM\DSP\Lib\libarm_cortexM4lf_math.a(arm_cos_f32.o)
                              CMakeFiles/smo.elf.dir/BSP/source/hfi.c.obj (arm_cos_f32)
D:\BLDC\smo\Middlewares\ST\ARM\DSP\Lib\libarm_cortexM4lf_math.a(arm_common_tables.o)
                              D:\BLDC\smo\Middlewares\ST\ARM\DSP\Lib\libarm_cortexM4lf_math.a(arm_sin_cos_f32.o) (sinTable_f32)
d:/gun-tools/arm-embedded-tools/bin/../lib/gcc/arm-none-eabi/9.2.1/../../../../arm-none-eabi/lib/thumb/v7e-m+fp/hard\libm.a(lib_a-sf_fmax.o)
                              CMakeFiles/smo.elf.dir/BSP/source/svpwm.c.obj (fmaxf)
d:/gun-tools/arm-embedded-tools/bin/../lib/gcc/arm-none-eabi/9.2.1/../../../../arm-none-eabi/lib/thumb/v7e-m+fp/hard\libm.a(lib_a-sf_fmin.o)
                              CMakeFiles/smo.elf.dir/BSP/source/svpwm.c.obj (fminf)
d:/gun-tools/arm-embedded-tools/bin/../lib/gcc/arm-none-eabi/9.2.1/../../../../arm-none-eabi/lib/thumb/v7e-m+fp/hard\libm.a(lib_a-sf_fpclassify.o)
                              d:/gun-tools/arm-embedded-tools/bin/../lib/gcc/arm-none-eabi/9.2.1/../../../../arm-none-eabi/lib/thumb/v7e-m+fp/hard\libm.a(lib_a-sf_fmax.o) (__fpclassifyf)
d:/gun-tools/arm-embedded-tools/bin/../lib/gcc/arm-none-eabi/9.2.1/../../../../arm-none-eabi/lib/thumb/v7e-m+fp/hard\libm.a(lib_a-wf_fmod.o)
                              CMakeFiles/smo.elf.dir/BSP/source/hfi.c.obj (fmodf)
d:/gun-tools/arm-embedded-tools/bin/../lib/gcc/arm-none-eabi/9.2.1/../../../../arm-none-eabi/lib/thumb/v7e-m+fp/hard\libm.a(lib_a-ef_fmod.o)
                              d:/gun-tools/arm-embedded-tools/bin/../lib/gcc/arm-none-eabi/9.2.1/../../../../arm-none-eabi/lib/thumb/v7e-m+fp/hard\libm.a(lib_a-wf_fmod.o) (__ieee754_fmodf)
d:/gun-tools/arm-embedded-tools/bin/../lib/gcc/arm-none-eabi/9.2.1/../../../../arm-none-eabi/lib/thumb/v7e-m+fp/hard\libm.a(lib_a-s_lib_ver.o)
                              d:/gun-tools/arm-embedded-tools/bin/../lib/gcc/arm-none-eabi/9.2.1/../../../../arm-none-eabi/lib/thumb/v7e-m+fp/hard\libm.a(lib_a-wf_fmod.o) (__fdlib_version)
d:/gun-tools/arm-embedded-tools/bin/../lib/gcc/arm-none-eabi/9.2.1/../../../../arm-none-eabi/lib/thumb/v7e-m+fp/hard\libm.a(lib_a-s_matherr.o)
                              d:/gun-tools/arm-embedded-tools/bin/../lib/gcc/arm-none-eabi/9.2.1/../../../../arm-none-eabi/lib/thumb/v7e-m+fp/hard\libm.a(lib_a-wf_fmod.o) (matherr)
d:/gun-tools/arm-embedded-tools/bin/../lib/gcc/arm-none-eabi/9.2.1/thumb/v7e-m+fp/hard\libgcc.a(_arm_addsubdf3.o)
                              d:/gun-tools/arm-embedded-tools/bin/../lib/gcc/arm-none-eabi/9.2.1/../../../../arm-none-eabi/lib/thumb/v7e-m+fp/hard\libm.a(lib_a-wf_fmod.o) (__aeabi_f2d)
d:/gun-tools/arm-embedded-tools/bin/../lib/gcc/arm-none-eabi/9.2.1/thumb/v7e-m+fp/hard\libgcc.a(_arm_muldivdf3.o)
                              d:/gun-tools/arm-embedded-tools/bin/../lib/gcc/arm-none-eabi/9.2.1/../../../../arm-none-eabi/lib/thumb/v7e-m+fp/hard\libm.a(lib_a-wf_fmod.o) (__aeabi_ddiv)
d:/gun-tools/arm-embedded-tools/bin/../lib/gcc/arm-none-eabi/9.2.1/thumb/v7e-m+fp/hard\libgcc.a(_arm_truncdfsf2.o)
                              d:/gun-tools/arm-embedded-tools/bin/../lib/gcc/arm-none-eabi/9.2.1/../../../../arm-none-eabi/lib/thumb/v7e-m+fp/hard\libm.a(lib_a-wf_fmod.o) (__aeabi_d2f)
d:/gun-tools/arm-embedded-tools/bin/../lib/gcc/arm-none-eabi/9.2.1/thumb/v7e-m+fp/hard\libgcc.a(_aeabi_uldivmod.o)
                              CMakeFiles/smo.elf.dir/Drivers/STM32G4xx_HAL_Driver/Src/stm32g4xx_hal_uart.c.obj (__aeabi_uldivmod)
d:/gun-tools/arm-embedded-tools/bin/../lib/gcc/arm-none-eabi/9.2.1/thumb/v7e-m+fp/hard\libgcc.a(_udivmoddi4.o)
                              d:/gun-tools/arm-embedded-tools/bin/../lib/gcc/arm-none-eabi/9.2.1/thumb/v7e-m+fp/hard\libgcc.a(_aeabi_uldivmod.o) (__udivmoddi4)
d:/gun-tools/arm-embedded-tools/bin/../lib/gcc/arm-none-eabi/9.2.1/thumb/v7e-m+fp/hard\libgcc.a(unwind-arm.o)
                              CMakeFiles/smo.elf.dir/BSP/source/XMODEM.C.obj (__aeabi_unwind_cpp_pr0)
d:/gun-tools/arm-embedded-tools/bin/../lib/gcc/arm-none-eabi/9.2.1/thumb/v7e-m+fp/hard\libgcc.a(libunwind.o)
                              d:/gun-tools/arm-embedded-tools/bin/../lib/gcc/arm-none-eabi/9.2.1/thumb/v7e-m+fp/hard\libgcc.a(unwind-arm.o) (restore_core_regs)
d:/gun-tools/arm-embedded-tools/bin/../lib/gcc/arm-none-eabi/9.2.1/thumb/v7e-m+fp/hard\libgcc.a(pr-support.o)
                              d:/gun-tools/arm-embedded-tools/bin/../lib/gcc/arm-none-eabi/9.2.1/thumb/v7e-m+fp/hard\libgcc.a(unwind-arm.o) (__gnu_unwind_execute)
[...]
Memory Configuration

Name             Origin             Length             Attributes
RAM              0x20000000         0x00008000         xrw
FLASH            0x08000000         0x00020000         xr
*default*        0x00000000         0xffffffff

Linker script and memory map

LOAD d:/gun-tools/arm-embedded-tools/bin/../lib/gcc/arm-none-eabi/9.2.1/thumb/v7e-m+fp/hard/crti.o
LOAD d:/gun-tools/arm-embedded-tools/bin/../lib/gcc/arm-none-eabi/9.2.1/thumb/v7e-m+fp/hard/crtbegin.o
LOAD d:/gun-tools/arm-embedded-tools/bin/../lib/gcc/arm-none-eabi/9.2.1/../../../../arm-none-eabi/lib/thumb/v7e-m+fp/hard/crt0.o
LOAD CMakeFiles/smo.elf.dir/BSP/source/SMO.c.obj
LOAD CMakeFiles/smo.elf.dir/BSP/source/XMODEM.C.obj
LOAD CMakeFiles/smo.elf.dir/BSP/source/communication.c.obj
LOAD CMakeFiles/smo.elf.dir/BSP/source/currentPid.c.obj
LOAD CMakeFiles/smo.elf.dir/BSP/source/hfi.c.obj
LOAD CMakeFiles/smo.elf.dir/BSP/source/if.c.obj
LOAD CMakeFiles/smo.elf.dir/BSP/source/key.c.obj
LOAD CMakeFiles/smo.elf.dir/BSP/source/led.c.obj
LOAD CMakeFiles/smo.elf.dir/BSP/source/param.c.obj
LOAD CMakeFiles/smo.elf.dir/BSP/source/speedPid.c.obj
LOAD CMakeFiles/smo.elf.dir/BSP/source/svpwm.c.obj
LOAD CMakeFiles/smo.elf.dir/Core/Src/adc.c.obj
LOAD CMakeFiles/smo.elf.dir/Core/Src/comp.c.obj
LOAD CMakeFiles/smo.elf.dir/Core/Src/dac.c.obj
LOAD CMakeFiles/smo.elf.dir/Core/Src/dma.c.obj
LOAD CMakeFiles/smo.elf.dir/Core/Src/fdcan.c.obj
LOAD CMakeFiles/smo.elf.dir/Core/Src/gpio.c.obj
LOAD CMakeFiles/smo.elf.dir/Core/Src/main.c.obj
LOAD CMakeFiles/smo.elf.dir/Core/Src/opamp.c.obj
LOAD CMakeFiles/smo.elf.dir/Core/Src/stm32g4xx_hal_msp.c.obj
LOAD CMakeFiles/smo.elf.dir/Core/Src/stm32g4xx_it.c.obj
LOAD CMakeFiles/smo.elf.dir/Core/Src/syscalls.c.obj
LOAD CMakeFiles/smo.elf.dir/Core/Src/sysmem.c.obj
LOAD CMakeFiles/smo.elf.dir/Core/Src/system_stm32g4xx.c.obj
LOAD CMakeFiles/smo.elf.dir/Core/Src/tim.c.obj
LOAD CMakeFiles/smo.elf.dir/Core/Src/usart.c.obj
LOAD CMakeFiles/smo.elf.dir/Core/Startup/startup_stm32g431cbux.s.obj
LOAD CMakeFiles/smo.elf.dir/Drivers/STM32G4xx_HAL_Driver/Src/stm32g4xx_hal.c.obj
LOAD CMakeFiles/smo.elf.dir/Drivers/STM32G4xx_HAL_Driver/Src/stm32g4xx_hal_adc.c.obj
LOAD CMakeFiles/smo.elf.dir/Drivers/STM32G4xx_HAL_Driver/Src/stm32g4xx_hal_adc_ex.c.obj
LOAD CMakeFiles/smo.elf.dir/Drivers/STM32G4xx_HAL_Driver/Src/stm32g4xx_hal_comp.c.obj
LOAD CMakeFiles/smo.elf.dir/Drivers/STM32G4xx_HAL_Driver/Src/stm32g4xx_hal_cortex.c.obj
LOAD CMakeFiles/smo.elf.dir/Drivers/STM32G4xx_HAL_Driver/Src/stm32g4xx_hal_dac.c.obj
LOAD CMakeFiles/smo.elf.dir/Drivers/STM32G4xx_HAL_Driver/Src/stm32g4xx_hal_dac_ex.c.obj
LOAD CMakeFiles/smo.elf.dir/Drivers/STM32G4xx_HAL_Driver/Src/stm32g4xx_hal_dma.c.obj
LOAD CMakeFiles/smo.elf.dir/Drivers/STM32G4xx_HAL_Driver/Src/stm32g4xx_hal_dma_ex.c.obj
LOAD CMakeFiles/smo.elf.dir/Drivers/STM32G4xx_HAL_Driver/Src/stm32g4xx_hal_exti.c.obj
LOAD CMakeFiles/smo.elf.dir/Drivers/STM32G4xx_HAL_Driver/Src/stm32g4xx_hal_fdcan.c.obj
LOAD CMakeFiles/smo.elf.dir/Drivers/STM32G4xx_HAL_Driver/Src/stm32g4xx_hal_flash.c.obj
LOAD CMakeFiles/smo.elf.dir/Drivers/STM32G4xx_HAL_Driver/Src/stm32g4xx_hal_flash_ex.c.obj
LOAD CMakeFiles/smo.elf.dir/Drivers/STM32G4xx_HAL_Driver/Src/stm32g4xx_hal_flash_ramfunc.c.obj
LOAD CMakeFiles/smo.elf.dir/Drivers/STM32G4xx_HAL_Driver/Src/stm32g4xx_hal_gpio.c.obj
LOAD CMakeFiles/smo.elf.dir/Drivers/STM32G4xx_HAL_Driver/Src/stm32g4xx_hal_opamp.c.obj
LOAD CMakeFiles/smo.elf.dir/Drivers/STM32G4xx_HAL_Driver/Src/stm32g4xx_hal_opamp_ex.c.obj
LOAD CMakeFiles/smo.elf.dir/Drivers/STM32G4xx_HAL_Driver/Src/stm32g4xx_hal_pwr.c.obj
LOAD CMakeFiles/smo.elf.dir/Drivers/STM32G4xx_HAL_Driver/Src/stm32g4xx_hal_pwr_ex.c.obj
LOAD CMakeFiles/smo.elf.dir/Drivers/STM32G4xx_HAL_Driver/Src/stm32g4xx_hal_rcc.c.obj
LOAD CMakeFiles/smo.elf.dir/Drivers/STM32G4xx_HAL_Driver/Src/stm32g4xx_hal_rcc_ex.c.obj
LOAD CMakeFiles/smo.elf.dir/Drivers/STM32G4xx_HAL_Driver/Src/stm32g4xx_hal_tim.c.obj
LOAD CMakeFiles/smo.elf.dir/Drivers/STM32G4xx_HAL_Driver/Src/stm32g4xx_hal_tim_ex.c.obj
LOAD CMakeFiles/smo.elf.dir/Drivers/STM32G4xx_HAL_Driver/Src/stm32g4xx_hal_uart.c.obj
LOAD CMakeFiles/smo.elf.dir/Drivers/STM32G4xx_HAL_Driver/Src/stm32g4xx_hal_uart_ex.c.obj
LOAD CMakeFiles/smo.elf.dir/Drivers/STM32G4xx_HAL_Driver/Src/stm32g4xx_ll_adc.c.obj
LOAD CMakeFiles/smo.elf.dir/modbus/ascii/mbascii.c.obj
LOAD CMakeFiles/smo.elf.dir/modbus/functions/mbfunccoils.c.obj
LOAD CMakeFiles/smo.elf.dir/modbus/functions/mbfuncdiag.c.obj
LOAD CMakeFiles/smo.elf.dir/modbus/functions/mbfuncdisc.c.obj
LOAD CMakeFiles/smo.elf.dir/modbus/functions/mbfuncholding.c.obj
LOAD CMakeFiles/smo.elf.dir/modbus/functions/mbfuncinput.c.obj
LOAD CMakeFiles/smo.elf.dir/modbus/functions/mbfuncother.c.obj
LOAD CMakeFiles/smo.elf.dir/modbus/functions/mbutils.c.obj
LOAD CMakeFiles/smo.elf.dir/modbus/mb.c.obj
LOAD CMakeFiles/smo.elf.dir/modbus/port.c.obj
LOAD CMakeFiles/smo.elf.dir/modbus/portevent.c.obj
LOAD CMakeFiles/smo.elf.dir/modbus/portserial.c.obj
LOAD CMakeFiles/smo.elf.dir/modbus/porttimer.c.obj
LOAD CMakeFiles/smo.elf.dir/modbus/rtu/mbcrc.c.obj
LOAD CMakeFiles/smo.elf.dir/modbus/rtu/mbrtu.c.obj
LOAD CMakeFiles/smo.elf.dir/modbus/tcp/mbtcp.c.obj
LOAD D:\BLDC\smo\Middlewares\ST\ARM\DSP\Lib\libarm_cortexM4lf_math.a
LOAD d:/gun-tools/arm-embedded-tools/bin/../lib/gcc/arm-none-eabi/9.2.1/../../../../arm-none-eabi/lib/thumb/v7e-m+fp/hard\libstdc++.a
LOAD d:/gun-tools/arm-embedded-tools/bin/../lib/gcc/arm-none-eabi/9.2.1/../../../../arm-none-eabi/lib/thumb/v7e-m+fp/hard\libm.a
START GROUP
LOAD d:/gun-tools/arm-embedded-tools/bin/../lib/gcc/arm-none-eabi/9.2.1/thumb/v7e-m+fp/hard\libgcc.a
LOAD d:/gun-tools/arm-embedded-tools/bin/../lib/gcc/arm-none-eabi/9.2.1/../../../../arm-none-eabi/lib/thumb/v7e-m+fp/hard\libg.a
LOAD d:/gun-tools/arm-embedded-tools/bin/../lib/gcc/arm-none-eabi/9.2.1/../../../../arm-none-eabi/lib/thumb/v7e-m+fp/hard\libc.a
END GROUP
LOAD d:/gun-tools/arm-embedded-tools/bin/../lib/gcc/arm-none-eabi/9.2.1/thumb/v7e-m+fp/hard/crtend.o
LOAD d:/gun-tools/arm-embedded-tools/bin/../lib/gcc/arm-none-eabi/9.2.1/thumb/v7e-m+fp/hard/crtn.o
                0x20008000                _estack = (ORIGIN (RAM) + LENGTH (RAM))
                0x00000200                _Min_Heap_Size = 0x200
                0x00000400                _Min_Stack_Size = 0x400

.isr_vector     0x08000000      0x1d8
                0x08000000                . = ALIGN (0x4)
 *(.isr_vector)
 .isr_vector    0x08000000      0x1d8 CMakeFiles/smo.elf.dir/Core/Startup/startup_stm32g431cbux.s.obj
                0x08000000                g_pfnVectors
                0x080001d8                . = ALIGN (0x4)

.text           0x08000200     0xba7c
                0x08000200                . = ALIGN (0x4)
 *(.text)
 .text          0x08000200       0x40 d:/gun-tools/arm-embedded-tools/bin/../lib/gcc/arm-none-eabi/9.2.1/thumb/v7e-m+fp/hard/crtbegin.o
 .text          0x08000240      0x378 d:/gun-tools/arm-embedded-tools/bin/../lib/gcc/arm-none-eabi/9.2.1/thumb/v7e-m+fp/hard\libgcc.a(_arm_addsubdf3.o)
                0x08000240                __aeabi_drsub
                0x08000248                __aeabi_dsub
                0x08000248                __subdf3
                0x0800024c                __aeabi_dadd
                0x0800024c                __adddf3
                0x080004c4                __floatunsidf
                0x080004c4                __aeabi_ui2d
                0x080004e4                __floatsidf
                0x080004e4                __aeabi_i2d
                0x08000508                __aeabi_f2d
                0x08000508                __extendsfdf2
                0x0800054c                __floatundidf
                0x0800054c                __aeabi_ul2d
                0x0800055c                __floatdidf
                0x0800055c                __aeabi_l2d
 .text          0x080005b8      0x424 d:/gun-tools/arm-embedded-tools/bin/../lib/gcc/arm-none-eabi/9.2.1/thumb/v7e-m+fp/hard\libgcc.a(_arm_muldivdf3.o)
                0x080005b8                __aeabi_dmul
                0x080005b8                __muldf3
                0x0800080c                __divdf3
                0x0800080c                __aeabi_ddiv
 .text          0x080009dc       0xa0 d:/gun-tools/arm-embedded-tools/bin/../lib/gcc/arm-none-eabi/9.2.1/thumb/v7e-m+fp/hard\libgcc.a(_arm_truncdfsf2.o)
                0x080009dc                __truncdfsf2
                0x080009dc                __aeabi_d2f
 .text          0x08000a7c       0x30 d:/gun-tools/arm-embedded-tools/bin/../lib/gcc/arm-none-eabi/9.2.1/thumb/v7e-m+fp/hard\libgcc.a(_aeabi_uldivmod.o)
                0x08000a7c                __aeabi_uldivmod
 .text          0x08000aac      0x2c4 d:/gun-tools/arm-embedded-tools/bin/../lib/gcc/arm-none-eabi/9.2.1/thumb/v7e-m+fp/hard\libgcc.a(_udivmoddi4.o)
                0x08000aac                __udivmoddi4
 .text          0x08000d70        0x4 d:/gun-tools/arm-embedded-tools/bin/../lib/gcc/arm-none-eabi/9.2.1/thumb/v7e-m+fp/hard\libgcc.a(_dvmd_tls.o)
                0x08000d70                __aeabi_idiv0
                0x08000d70                __aeabi_ldiv0
 .text          0x08000d74      0x134 d:/gun-tools/arm-embedded-tools/bin/../lib/gcc/arm-none-eabi/9.2.1/../../../../arm-none-eabi/lib/thumb/v7e-m+fp/hard\libg.a(lib_a-memcpy.o)
                0x08000d74                memcpy
 *fill*         0x08000ea8        0x8 
 .text          0x08000eb0       0xa0 d:/gun-tools/arm-embedded-tools/bin/../lib/gcc/arm-none-eabi/9.2.1/../../../../arm-none-eabi/lib/thumb/v7e-m+fp/hard\libg.a(lib_a-memchr.o)
                0x08000eb0                memchr
 *fill*         0x08000f50       0x30 
 .text          0x08000f80       0xdc d:/gun-tools/arm-embedded-tools/bin/../lib/gcc/arm-none-eabi/9.2.1/../../../../arm-none-eabi/lib/thumb/v7e-m+fp/hard\libg.a(lib_a-strlen.o)
                0x08000f80                strlen
 *(.text*)
 .text.saturation
                0x0800105c       0x5c CMakeFiles/smo.elf.dir/BSP/source/SMO.c.obj
                0x0800105c                saturation
 .text.Estimator_Init
                0x080010b8       0x80 CMakeFiles/smo.elf.dir/BSP/source/SMO.c.obj
                0x080010b8                Estimator_Init
 .text.Estimator_Step
                0x08001138      0x1b8 CMakeFiles/smo.elf.dir/BSP/source/SMO.c.obj
                0x08001138                Estimator_Step
 .text.currentPidStep
                0x080012f0       0x68 CMakeFiles/smo.elf.dir/BSP/source/currentPid.c.obj
 .text.currentPidParamInit
                0x08001358       0x8c CMakeFiles/smo.elf.dir/BSP/source/currentPid.c.obj
                0x08001358                currentPidParamInit
 .text.setIdRef
                0x080013e4        0x6 CMakeFiles/smo.elf.dir/BSP/source/currentPid.c.obj
                0x080013e4                setIdRef
 .text.setIdFdk
                0x080013ea        0x6 CMakeFiles/smo.elf.dir/BSP/source/currentPid.c.obj
                0x080013ea                setIdFdk
 .text.setIqRef
                0x080013f0        0x6 CMakeFiles/smo.elf.dir/BSP/source/currentPid.c.obj
                0x080013f0                setIqRef
 .text.setIqFdk
                0x080013f6        0x6 CMakeFiles/smo.elf.dir/BSP/source/currentPid.c.obj
                0x080013f6                setIqFdk
 .text.currentPidCalculate
                0x080013fc       0x2c CMakeFiles/smo.elf.dir/BSP/source/currentPid.c.obj
                0x080013fc                currentPidCalculate
 .text.hfiInit  0x08001428       0x30 CMakeFiles/smo.elf.dir/BSP/source/hfi.c.obj
                0x08001428                hfiInit
 .text.hfiSeparateCurrents
                0x08001458       0x6e CMakeFiles/smo.elf.dir/BSP/source/hfi.c.obj
                0x08001458                hfiSeparateCurrents
 *fill*         0x080014c6        0x2 
 .text.hfiStep  0x080014c8      0x170 CMakeFiles/smo.elf.dir/BSP/source/hfi.c.obj
                0x080014c8                hfiStep
 .text.absf     0x08001638       0x12 CMakeFiles/smo.elf.dir/BSP/source/if.c.obj
 *fill*         0x0800164a        0x2 
 .text.ifStep   0x0800164c      0x4c4 CMakeFiles/smo.elf.dir/BSP/source/if.c.obj
                0x0800164c                ifStep
 .text.HAL_GPIO_EXTI_Callback
                0x08001b10       0x80 CMakeFiles/smo.elf.dir/BSP/source/key.c.obj
                0x08001b10                HAL_GPIO_EXTI_Callback
 .text.led1Ctrl
                0x08001b90       0x18 CMakeFiles/smo.elf.dir/BSP/source/led.c.obj
                0x08001b90                led1Ctrl
 .text.paramInit
                0x08001ba8       0x40 CMakeFiles/smo.elf.dir/BSP/source/param.c.obj
                0x08001ba8                paramInit
 .text.speedPidStep
                0x08001be8       0x40 CMakeFiles/smo.elf.dir/BSP/source/speedPid.c.obj
 .text.speedPidParamInit
                0x08001c28       0x2c CMakeFiles/smo.elf.dir/BSP/source/speedPid.c.obj
                0x08001c28                speedPidParamInit
 .text.setSpeedRef
                0x08001c54       0x14 CMakeFiles/smo.elf.dir/BSP/source/speedPid.c.obj
                0x08001c54                setSpeedRef
 .text.setSpeedFdk
                0x08001c68        0x6 CMakeFiles/smo.elf.dir/BSP/source/speedPid.c.obj
                0x08001c68                setSpeedFdk
 *fill*         0x08001c6e        0x2 
 .text.speedPidCalculate
                0x08001c70       0x10 CMakeFiles/smo.elf.dir/BSP/source/speedPid.c.obj
                0x08001c70                speedPidCalculate
 .text.svpwmParamInit
                0x08001c80       0x14 CMakeFiles/smo.elf.dir/BSP/source/svpwm.c.obj
                0x08001c80                svpwmParamInit
 .text.antiClarkConvert
                0x08001c94       0x38 CMakeFiles/smo.elf.dir/BSP/source/svpwm.c.obj
                0x08001c94                antiClarkConvert
 .text.antiParkConvert
                0x08001ccc       0x64 CMakeFiles/smo.elf.dir/BSP/source/svpwm.c.obj
                0x08001ccc                antiParkConvert
 .text.clarkConvert
                0x08001d30       0x28 CMakeFiles/smo.elf.dir/BSP/source/svpwm.c.obj
                0x08001d30                clarkConvert
 .text.parkConvert
                0x08001d58       0x64 CMakeFiles/smo.elf.dir/BSP/source/svpwm.c.obj
                0x08001d58                parkConvert
 .text.svpwmCalculate
                0x08001dbc       0xb8 CMakeFiles/smo.elf.dir/BSP/source/svpwm.c.obj
                0x08001dbc                svpwmCalculate
 .text.MX_ADC1_Init
                0x08001e74      0x114 CMakeFiles/smo.elf.dir/Core/Src/adc.c.obj
                0x08001e74                MX_ADC1_Init
 .text.MX_ADC2_Init
                0x08001f88       0xd4 CMakeFiles/smo.elf.dir/Core/Src/adc.c.obj
                0x08001f88                MX_ADC2_Init
 .text.HAL_ADC_MspInit
                0x0800205c      0x154 CMakeFiles/smo.elf.dir/Core/Src/adc.c.obj
                0x0800205c                HAL_ADC_MspInit
 .text.HAL_ADCEx_InjectedConvCpltCallback
                0x080021b0      0x1e0 CMakeFiles/smo.elf.dir/Core/Src/adc.c.obj
                0x080021b0                HAL_ADCEx_InjectedConvCpltCallback
 .text.MX_COMP1_Init
                0x08002390       0x34 CMakeFiles/smo.elf.dir/Core/Src/comp.c.obj
                0x08002390                MX_COMP1_Init
 .text.HAL_COMP_MspInit
                0x080023c4       0x64 CMakeFiles/smo.elf.dir/Core/Src/comp.c.obj
                0x080023c4                HAL_COMP_MspInit
 .text.MX_DAC1_Init
                0x08002428       0x5c CMakeFiles/smo.elf.dir/Core/Src/dac.c.obj
                0x08002428                MX_DAC1_Init
 .text.MX_DAC3_Init
                0x08002484       0x58 CMakeFiles/smo.elf.dir/Core/Src/dac.c.obj
                0x08002484                MX_DAC3_Init
 .text.HAL_DAC_MspInit
                0x080024dc       0x84 CMakeFiles/smo.elf.dir/Core/Src/dac.c.obj
                0x080024dc                HAL_DAC_MspInit
 .text.MX_DMA_Init
                0x08002560       0x54 CMakeFiles/smo.elf.dir/Core/Src/dma.c.obj
                0x08002560                MX_DMA_Init
 .text.MX_FDCAN1_Init
                0x080025b4       0x4c CMakeFiles/smo.elf.dir/Core/Src/fdcan.c.obj
                0x080025b4                MX_FDCAN1_Init
 .text.HAL_FDCAN_MspInit
                0x08002600       0xa0 CMakeFiles/smo.elf.dir/Core/Src/fdcan.c.obj
                0x08002600                HAL_FDCAN_MspInit
 .text.MX_GPIO_Init
                0x080026a0       0xac CMakeFiles/smo.elf.dir/Core/Src/gpio.c.obj
                0x080026a0                MX_GPIO_Init
 .text.Error_Handler
                0x0800274c        0x4 CMakeFiles/smo.elf.dir/Core/Src/main.c.obj
                0x0800274c                Error_Handler
 .text.SystemClock_Config
                0x08002750       0x6e CMakeFiles/smo.elf.dir/Core/Src/main.c.obj
                0x08002750                SystemClock_Config
 *fill*         0x080027be        0x2 
 .text.main     0x080027c0      0x180 CMakeFiles/smo.elf.dir/Core/Src/main.c.obj
                0x080027c0                main
 .text.MX_OPAMP1_Init
                0x08002940       0x30 CMakeFiles/smo.elf.dir/Core/Src/opamp.c.obj
                0x08002940                MX_OPAMP1_Init
 .text.MX_OPAMP2_Init
                0x08002970       0x30 CMakeFiles/smo.elf.dir/Core/Src/opamp.c.obj
                0x08002970                MX_OPAMP2_Init
 .text.MX_OPAMP3_Init
                0x080029a0       0x30 CMakeFiles/smo.elf.dir/Core/Src/opamp.c.obj
                0x080029a0                MX_OPAMP3_Init
 .text.HAL_OPAMP_MspInit
                0x080029d0       0xc0 CMakeFiles/smo.elf.dir/Core/Src/opamp.c.obj
                0x080029d0                HAL_OPAMP_MspInit
 .text.HAL_MspInit
                0x08002a90       0x38 CMakeFiles/smo.elf.dir/Core/Src/stm32g4xx_hal_msp.c.obj
                0x08002a90                HAL_MspInit
 .text.NMI_Handler
                0x08002ac8        0x2 CMakeFiles/smo.elf.dir/Core/Src/stm32g4xx_it.c.obj
                0x08002ac8                NMI_Handler
 .text.HardFault_Handler
                0x08002aca        0x2 CMakeFiles/smo.elf.dir/Core/Src/stm32g4xx_it.c.obj
                0x08002aca                HardFault_Handler
 .text.MemManage_Handler
                0x08002acc        0x2 CMakeFiles/smo.elf.dir/Core/Src/stm32g4xx_it.c.obj
                0x08002acc                MemManage_Handler
 .text.BusFault_Handler
                0x08002ace        0x2 CMakeFiles/smo.elf.dir/Core/Src/stm32g4xx_it.c.obj
                0x08002ace                BusFault_Handler
 .text.UsageFault_Handler
                0x08002ad0        0x2 CMakeFiles/smo.elf.dir/Core/Src/stm32g4xx_it.c.obj
                0x08002ad0                UsageFault_Handler
 .text.SVC_Handler
                0x08002ad2        0x2 CMakeFiles/smo.elf.dir/Core/Src/stm32g4xx_it.c.obj
                0x08002ad2                SVC_Handler
 .text.DebugMon_Handler
                0x08002ad4        0x2 CMakeFiles/smo.elf.dir/Core/Src/stm32g4xx_it.c.obj
                0x08002ad4                DebugMon_Handler
 .text.PendSV_Handler
                0x08002ad6        0x2 CMakeFiles/smo.elf.dir/Core/Src/stm32g4xx_it.c.obj
                0x08002ad6                PendSV_Handler
 .text.SysTick_Handler
                0x08002ad8        0x8 CMakeFiles/smo.elf.dir/Core/Src/stm32g4xx_it.c.obj
                0x08002ad8                SysTick_Handler
 .text.DMA1_Channel1_IRQHandler
                0x08002ae0       0x10 CMakeFiles/smo.elf.dir/Core/Src/stm32g4xx_it.c.obj
                0x08002ae0                DMA1_Channel1_IRQHandler
 .text.DMA1_Channel2_IRQHandler
                0x08002af0       0x10 CMakeFiles/smo.elf.dir/Core/Src/stm32g4xx_it.c.obj
                0x08002af0                DMA1_Channel2_IRQHandler
 .text.ADC1_2_IRQHandler
                0x08002b00       0x18 CMakeFiles/smo.elf.dir/Core/Src/stm32g4xx_it.c.obj
                0x08002b00                ADC1_2_IRQHandler
 .text.FDCAN1_IT0_IRQHandler
                0x08002b18       0x10 CMakeFiles/smo.elf.dir/Core/Src/stm32g4xx_it.c.obj
                0x08002b18                FDCAN1_IT0_IRQHandler
 .text.TIM1_BRK_TIM15_IRQHandler
                0x08002b28       0x10 CMakeFiles/smo.elf.dir/Core/Src/stm32g4xx_it.c.obj
                0x08002b28                TIM1_BRK_TIM15_IRQHandler
 .text.TIM1_UP_TIM16_IRQHandler
                0x08002b38       0x10 CMakeFiles/smo.elf.dir/Core/Src/stm32g4xx_it.c.obj
                0x08002b38                TIM1_UP_TIM16_IRQHandler
 .text.TIM1_CC_IRQHandler
                0x08002b48       0x10 CMakeFiles/smo.elf.dir/Core/Src/stm32g4xx_it.c.obj
                0x08002b48                TIM1_CC_IRQHandler
 .text.TIM3_IRQHandler
                0x08002b58       0x10 CMakeFiles/smo.elf.dir/Core/Src/stm32g4xx_it.c.obj
                0x08002b58                TIM3_IRQHandler
 .text.EXTI15_10_IRQHandler
                0x08002b68       0x1c CMakeFiles/smo.elf.dir/Core/Src/stm32g4xx_it.c.obj
                0x08002b68                EXTI15_10_IRQHandler
 .text.COMP1_2_3_IRQHandler
                0x08002b84       0x10 CMakeFiles/smo.elf.dir/Core/Src/stm32g4xx_it.c.obj
                0x08002b84                COMP1_2_3_IRQHandler
 .text._getpid  0x08002b94        0x4 CMakeFiles/smo.elf.dir/Core/Src/syscalls.c.obj
                0x08002b94                _getpid
 .text._kill    0x08002b98       0x10 CMakeFiles/smo.elf.dir/Core/Src/syscalls.c.obj
                0x08002b98                _kill
 .text._exit    0x08002ba8        0xc CMakeFiles/smo.elf.dir/Core/Src/syscalls.c.obj
                0x08002ba8                _exit
 .text._read    0x08002bb4       0x20 CMakeFiles/smo.elf.dir/Core/Src/syscalls.c.obj
                0x08002bb4                _read
 .text._write   0x08002bd4       0x1c CMakeFiles/smo.elf.dir/Core/Src/syscalls.c.obj
                0x08002bd4                _write
 .text._close   0x08002bf0        0x6 CMakeFiles/smo.elf.dir/Core/Src/syscalls.c.obj
                0x08002bf0                _close
 .text._fstat   0x08002bf6        0xa CMakeFiles/smo.elf.dir/Core/Src/syscalls.c.obj
                0x08002bf6                _fstat
 .text._isatty  0x08002c00        0x4 CMakeFiles/smo.elf.dir/Core/Src/syscalls.c.obj
                0x08002c00                _isatty
 .text._lseek   0x08002c04        0x4 CMakeFiles/smo.elf.dir/Core/Src/syscalls.c.obj
                0x08002c04                _lseek
 .text._sbrk    0x08002c08       0x48 CMakeFiles/smo.elf.dir/Core/Src/sysmem.c.obj
                0x08002c08                _sbrk
 .text.SystemInit
                0x08002c50       0x14 CMakeFiles/smo.elf.dir/Core/Src/system_stm32g4xx.c.obj
                0x08002c50                SystemInit
 .text.MX_TIM3_Init
                0x08002c64       0x70 CMakeFiles/smo.elf.dir/Core/Src/tim.c.obj
                0x08002c64                MX_TIM3_Init
 .text.MX_TIM4_Init
                0x08002cd4       0x70 CMakeFiles/smo.elf.dir/Core/Src/tim.c.obj
                0x08002cd4                MX_TIM4_Init
 .text.HAL_TIM_Base_MspInit
                0x08002d44       0xb0 CMakeFiles/smo.elf.dir/Core/Src/tim.c.obj
                0x08002d44                HAL_TIM_Base_MspInit
 .text.HAL_TIM_MspPostInit
                0x08002df4       0x9c CMakeFiles/smo.elf.dir/Core/Src/tim.c.obj
                0x08002df4                HAL_TIM_MspPostInit
 .text.MX_TIM1_Init
                0x08002e90      0x178 CMakeFiles/smo.elf.dir/Core/Src/tim.c.obj
                0x08002e90                MX_TIM1_Init
 .text.MX_USART3_UART_Init
                0x08003008       0x68 CMakeFiles/smo.elf.dir/Core/Src/usart.c.obj
                0x08003008                MX_USART3_UART_Init
 .text.HAL_UART_MspInit
                0x08003070      0x10c CMakeFiles/smo.elf.dir/Core/Src/usart.c.obj
                0x08003070                HAL_UART_MspInit
 .text.Reset_Handler
                0x0800317c       0x50 CMakeFiles/smo.elf.dir/Core/Startup/startup_stm32g431cbux.s.obj
                0x0800317c                Reset_Handler
 .text.Default_Handler
                0x080031cc        0x2 CMakeFiles/smo.elf.dir/Core/Startup/startup_stm32g431cbux.s.obj
                0x080031cc                RTC_Alarm_IRQHandler
                0x080031cc                EXTI2_IRQHandler
                0x080031cc                TIM8_TRG_COM_IRQHandler
                0x080031cc                TIM8_CC_IRQHandler
                0x080031cc                USB_HP_IRQHandler
                0x080031cc                CORDIC_IRQHandler
                0x080031cc                EXTI3_IRQHandler
                0x080031cc                I2C3_ER_IRQHandler
                0x080031cc                EXTI0_IRQHandler
                0x080031cc                I2C2_EV_IRQHandler
                0x080031cc                FPU_IRQHandler
                0x080031cc                FDCAN1_IT1_IRQHandler
                0x080031cc                SPI1_IRQHandler
                0x080031cc                TIM6_DAC_IRQHandler
                0x080031cc                TIM8_UP_IRQHandler
                0x080031cc                DMA2_Channel2_IRQHandler
                0x080031cc                DMA1_Channel4_IRQHandler
                0x080031cc                TIM4_IRQHandler
                0x080031cc                DMA2_Channel1_IRQHandler
                0x080031cc                I2C1_EV_IRQHandler
                0x080031cc                DMA1_Channel6_IRQHandler
                0x080031cc                UART4_IRQHandler
                0x080031cc                DMA2_Channel4_IRQHandler
                0x080031cc                RCC_IRQHandler
                0x080031cc                Default_Handler
                0x080031cc                RTC_TAMP_LSECSS_IRQHandler
                0x080031cc                FMAC_IRQHandler
                0x080031cc                TIM7_IRQHandler
                0x080031cc                UCPD1_IRQHandler
                0x080031cc                I2C3_EV_IRQHandler
                0x080031cc                EXTI9_5_IRQHandler
                0x080031cc                RTC_WKUP_IRQHandler
                0x080031cc                PVD_PVM_IRQHandler
                0x080031cc                SPI2_IRQHandler
                0x080031cc                DMA2_Channel5_IRQHandler
                0x080031cc                CRS_IRQHandler
                0x080031cc                DMA1_Channel5_IRQHandler
                0x080031cc                USB_LP_IRQHandler
                0x080031cc                EXTI4_IRQHandler
                0x080031cc                RNG_IRQHandler
                0x080031cc                TIM1_TRG_COM_TIM17_IRQHandler
                0x080031cc                DMA1_Channel3_IRQHandler
                0x080031cc                WWDG_IRQHandler
                0x080031cc                LPUART1_IRQHandler
                0x080031cc                DMA2_Channel6_IRQHandler
                0x080031cc                TIM2_IRQHandler
                0x080031cc                EXTI1_IRQHandler
                0x080031cc                USART2_IRQHandler
                0x080031cc                I2C2_ER_IRQHandler
                0x080031cc                TIM8_BRK_IRQHandler
                0x080031cc                FLASH_IRQHandler
                0x080031cc                USART1_IRQHandler
                0x080031cc                SPI3_IRQHandler
                0x080031cc                I2C1_ER_IRQHandler
                0x080031cc                LPTIM1_IRQHandler
                0x080031cc                DMAMUX_OVR_IRQHandler
                0x080031cc                USBWakeUp_IRQHandler
                0x080031cc                SAI1_IRQHandler
                0x080031cc                DMA2_Channel3_IRQHandler
                0x080031cc                COMP4_IRQHandler
 *fill*         0x080031ce        0x2 
 .text.HAL_InitTick
                0x080031d0       0x50 CMakeFiles/smo.elf.dir/Drivers/STM32G4xx_HAL_Driver/Src/stm32g4xx_hal.c.obj
                0x080031d0                HAL_InitTick
 .text.HAL_Init
                0x08003220       0x1e CMakeFiles/smo.elf.dir/Drivers/STM32G4xx_HAL_Driver/Src/stm32g4xx_hal.c.obj
                0x08003220                HAL_Init
 *fill*         0x0800323e        0x2 
 .text.HAL_IncTick
                0x08003240       0x18 CMakeFiles/smo.elf.dir/Drivers/STM32G4xx_HAL_Driver/Src/stm32g4xx_hal.c.obj
                0x08003240                HAL_IncTick
 .text.HAL_GetTick
                0x08003258        0xc CMakeFiles/smo.elf.dir/Drivers/STM32G4xx_HAL_Driver/Src/stm32g4xx_hal.c.obj
                0x08003258                HAL_GetTick
 .text.HAL_ADC_Init
                0x08003264      0x234 CMakeFiles/smo.elf.dir/Drivers/STM32G4xx_HAL_Driver/Src/stm32g4xx_hal_adc.c.obj
                0x08003264                HAL_ADC_Init
 .text.HAL_ADC_ConvCpltCallback
                0x08003498        0x2 CMakeFiles/smo.elf.dir/Drivers/STM32G4xx_HAL_Driver/Src/stm32g4xx_hal_adc.c.obj
                0x08003498                HAL_ADC_ConvCpltCallback
 .text.HAL_ADC_LevelOutOfWindowCallback
                0x0800349a        0x2 CMakeFiles/smo.elf.dir/Drivers/STM32G4xx_HAL_Driver/Src/stm32g4xx_hal_adc.c.obj
                0x0800349a                HAL_ADC_LevelOutOfWindowCallback
 .text.HAL_ADC_ErrorCallback
                0x0800349c        0x2 CMakeFiles/smo.elf.dir/Drivers/STM32G4xx_HAL_Driver/Src/stm32g4xx_hal_adc.c.obj
                0x0800349c                HAL_ADC_ErrorCallback
 *fill*         0x0800349e        0x2 
 .text.HAL_ADC_IRQHandler
                0x080034a0      0x294 CMakeFiles/smo.elf.dir/Drivers/STM32G4xx_HAL_Driver/Src/stm32g4xx_hal_adc.c.obj
                0x080034a0                HAL_ADC_IRQHandler
 .text.HAL_ADC_ConfigChannel
                0x08003734      0x4d4 CMakeFiles/smo.elf.dir/Drivers/STM32G4xx_HAL_Driver/Src/stm32g4xx_hal_adc.c.obj
                0x08003734                HAL_ADC_ConfigChannel
 .text.ADC_Enable
                0x08003c08       0xd8 CMakeFiles/smo.elf.dir/Drivers/STM32G4xx_HAL_Driver/Src/stm32g4xx_hal_adc.c.obj
                0x08003c08                ADC_Enable
 .text.ADC_Disable
                0x08003ce0       0x94 CMakeFiles/smo.elf.dir/Drivers/STM32G4xx_HAL_Driver/Src/stm32g4xx_hal_adc.c.obj
                0x08003ce0                ADC_Disable
 .text.HAL_ADCEx_Calibration_Start
                0x08003d74       0x9c CMakeFiles/smo.elf.dir/Drivers/STM32G4xx_HAL_Driver/Src/stm32g4xx_hal_adc_ex.c.obj
                0x08003d74                HAL_ADCEx_Calibration_Start
 .text.HAL_ADCEx_InjectedStart
                0x08003e10       0xf0 CMakeFiles/smo.elf.dir/Drivers/STM32G4xx_HAL_Driver/Src/stm32g4xx_hal_adc_ex.c.obj
                0x08003e10                HAL_ADCEx_InjectedStart
 .text.HAL_ADCEx_InjectedStart_IT
                0x08003f00      0x134 CMakeFiles/smo.elf.dir/Drivers/STM32G4xx_HAL_Driver/Src/stm32g4xx_hal_adc_ex.c.obj
                0x08003f00                HAL_ADCEx_InjectedStart_IT
 .text.HAL_ADCEx_InjectedQueueOverflowCallback
                0x08004034        0x2 CMakeFiles/smo.elf.dir/Drivers/STM32G4xx_HAL_Driver/Src/stm32g4xx_hal_adc_ex.c.obj
                0x08004034                HAL_ADCEx_InjectedQueueOverflowCallback
 .text.HAL_ADCEx_LevelOutOfWindow2Callback
                0x08004036        0x2 CMakeFiles/smo.elf.dir/Drivers/STM32G4xx_HAL_Driver/Src/stm32g4xx_hal_adc_ex.c.obj
                0x08004036                HAL_ADCEx_LevelOutOfWindow2Callback
 .text.HAL_ADCEx_LevelOutOfWindow3Callback
                0x08004038        0x2 CMakeFiles/smo.elf.dir/Drivers/STM32G4xx_HAL_Driver/Src/stm32g4xx_hal_adc_ex.c.obj
                0x08004038                HAL_ADCEx_LevelOutOfWindow3Callback
 .text.HAL_ADCEx_EndOfSamplingCallback
                0x0800403a        0x2 CMakeFiles/smo.elf.dir/Drivers/STM32G4xx_HAL_Driver/Src/stm32g4xx_hal_adc_ex.c.obj
                0x0800403a                HAL_ADCEx_EndOfSamplingCallback
 .text.HAL_ADCEx_InjectedConfigChannel
                0x0800403c      0x61c CMakeFiles/smo.elf.dir/Drivers/STM32G4xx_HAL_Driver/Src/stm32g4xx_hal_adc_ex.c.obj
                0x0800403c                HAL_ADCEx_InjectedConfigChannel
 .text.HAL_ADCEx_MultiModeConfigChannel
                0x08004658      0x114 CMakeFiles/smo.elf.dir/Drivers/STM32G4xx_HAL_Driver/Src/stm32g4xx_hal_adc_ex.c.obj
                0x08004658                HAL_ADCEx_MultiModeConfigChannel
 .text.HAL_COMP_Init
                0x0800476c      0x164 CMakeFiles/smo.elf.dir/Drivers/STM32G4xx_HAL_Driver/Src/stm32g4xx_hal_comp.c.obj
                0x0800476c                HAL_COMP_Init
 .text.HAL_COMP_TriggerCallback
                0x080048d0        0x2 CMakeFiles/smo.elf.dir/Drivers/STM32G4xx_HAL_Driver/Src/stm32g4xx_hal_comp.c.obj
                0x080048d0                HAL_COMP_TriggerCallback
 *fill*         0x080048d2        0x2 
 .text.HAL_COMP_IRQHandler
                0x080048d4       0x4c CMakeFiles/smo.elf.dir/Drivers/STM32G4xx_HAL_Driver/Src/stm32g4xx_hal_comp.c.obj
                0x080048d4                HAL_COMP_IRQHandler
 .text.HAL_NVIC_SetPriorityGrouping
                0x08004920       0x24 CMakeFiles/smo.elf.dir/Drivers/STM32G4xx_HAL_Driver/Src/stm32g4xx_hal_cortex.c.obj
                0x08004920                HAL_NVIC_SetPriorityGrouping
 .text.HAL_NVIC_SetPriority
                0x08004944       0x68 CMakeFiles/smo.elf.dir/Drivers/STM32G4xx_HAL_Driver/Src/stm32g4xx_hal_cortex.c.obj
                0x08004944                HAL_NVIC_SetPriority
 .text.HAL_NVIC_EnableIRQ
                0x080049ac       0x1c CMakeFiles/smo.elf.dir/Drivers/STM32G4xx_HAL_Driver/Src/stm32g4xx_hal_cortex.c.obj
                0x080049ac                HAL_NVIC_EnableIRQ
 .text.HAL_SYSTICK_Config
                0x080049c8       0x2c CMakeFiles/smo.elf.dir/Drivers/STM32G4xx_HAL_Driver/Src/stm32g4xx_hal_cortex.c.obj
                0x080049c8                HAL_SYSTICK_Config
 .text.HAL_DAC_Init
                0x080049f4       0x24 CMakeFiles/smo.elf.dir/Drivers/STM32G4xx_HAL_Driver/Src/stm32g4xx_hal_dac.c.obj
                0x080049f4                HAL_DAC_Init
 .text.HAL_DAC_ConfigChannel
                0x08004a18      0x214 CMakeFiles/smo.elf.dir/Drivers/STM32G4xx_HAL_Driver/Src/stm32g4xx_hal_dac.c.obj
                0x08004a18                HAL_DAC_ConfigChannel
 .text.DMA_SetConfig
                0x08004c2c       0x40 CMakeFiles/smo.elf.dir/Drivers/STM32G4xx_HAL_Driver/Src/stm32g4xx_hal_dma.c.obj
 .text.DMA_CalcDMAMUXChannelBaseAndMask
                0x08004c6c       0x48 CMakeFiles/smo.elf.dir/Drivers/STM32G4xx_HAL_Driver/Src/stm32g4xx_hal_dma.c.obj
 .text.DMA_CalcDMAMUXRequestGenBaseAndMask
                0x08004cb4       0x28 CMakeFiles/smo.elf.dir/Drivers/STM32G4xx_HAL_Driver/Src/stm32g4xx_hal_dma.c.obj
 .text.HAL_DMA_Init
                0x08004cdc       0xd8 CMakeFiles/smo.elf.dir/Drivers/STM32G4xx_HAL_Driver/Src/stm32g4xx_hal_dma.c.obj
                0x08004cdc                HAL_DMA_Init
 .text.HAL_DMA_Start_IT
                0x08004db4       0x94 CMakeFiles/smo.elf.dir/Drivers/STM32G4xx_HAL_Driver/Src/stm32g4xx_hal_dma.c.obj
                0x08004db4                HAL_DMA_Start_IT
 .text.HAL_DMA_Abort
                0x08004e48       0x6c CMakeFiles/smo.elf.dir/Drivers/STM32G4xx_HAL_Driver/Src/stm32g4xx_hal_dma.c.obj
                0x08004e48                HAL_DMA_Abort
 .text.HAL_DMA_IRQHandler
                0x08004eb4       0xc4 CMakeFiles/smo.elf.dir/Drivers/STM32G4xx_HAL_Driver/Src/stm32g4xx_hal_dma.c.obj
                0x08004eb4                HAL_DMA_IRQHandler
 .text.HAL_DMA_GetError
                0x08004f78        0x4 CMakeFiles/smo.elf.dir/Drivers/STM32G4xx_HAL_Driver/Src/stm32g4xx_hal_dma.c.obj
                0x08004f78                HAL_DMA_GetError
 .text.FDCAN_CalcultateRamBlockAddresses
                0x08004f7c       0x68 CMakeFiles/smo.elf.dir/Drivers/STM32G4xx_HAL_Driver/Src/stm32g4xx_hal_fdcan.c.obj
 .text.HAL_FDCAN_Init
                0x08004fe4      0x1d4 CMakeFiles/smo.elf.dir/Drivers/STM32G4xx_HAL_Driver/Src/stm32g4xx_hal_fdcan.c.obj
                0x08004fe4                HAL_FDCAN_Init
 .text.HAL_FDCAN_TxEventFifoCallback
                0x080051b8        0x2 CMakeFiles/smo.elf.dir/Drivers/STM32G4xx_HAL_Driver/Src/stm32g4xx_hal_fdcan.c.obj
                0x080051b8                HAL_FDCAN_TxEventFifoCallback
 .text.HAL_FDCAN_RxFifo0Callback
                0x080051ba        0x2 CMakeFiles/smo.elf.dir/Drivers/STM32G4xx_HAL_Driver/Src/stm32g4xx_hal_fdcan.c.obj
                0x080051ba                HAL_FDCAN_RxFifo0Callback
 .text.HAL_FDCAN_RxFifo1Callback
                0x080051bc        0x2 CMakeFiles/smo.elf.dir/Drivers/STM32G4xx_HAL_Driver/Src/stm32g4xx_hal_fdcan.c.obj
                0x080051bc                HAL_FDCAN_RxFifo1Callback
 .text.HAL_FDCAN_TxFifoEmptyCallback
                0x080051be        0x2 CMakeFiles/smo.elf.dir/Drivers/STM32G4xx_HAL_Driver/Src/stm32g4xx_hal_fdcan.c.obj
                0x080051be                HAL_FDCAN_TxFifoEmptyCallback
 .text.HAL_FDCAN_TxBufferCompleteCallback
                0x080051c0        0x2 CMakeFiles/smo.elf.dir/Drivers/STM32G4xx_HAL_Driver/Src/stm32g4xx_hal_fdcan.c.obj
                0x080051c0                HAL_FDCAN_TxBufferCompleteCallback
 .text.HAL_FDCAN_TxBufferAbortCallback
                0x080051c2        0x2 CMakeFiles/smo.elf.dir/Drivers/STM32G4xx_HAL_Driver/Src/stm32g4xx_hal_fdcan.c.obj
                0x080051c2                HAL_FDCAN_TxBufferAbortCallback
 .text.HAL_FDCAN_TimestampWraparoundCallback
                0x080051c4        0x2 CMakeFiles/smo.elf.dir/Drivers/STM32G4xx_HAL_Driver/Src/stm32g4xx_hal_fdcan.c.obj
                0x080051c4                HAL_FDCAN_TimestampWraparoundCallback
 .text.HAL_FDCAN_TimeoutOccurredCallback
                0x080051c6        0x2 CMakeFiles/smo.elf.dir/Drivers/STM32G4xx_HAL_Driver/Src/stm32g4xx_hal_fdcan.c.obj
                0x080051c6                HAL_FDCAN_TimeoutOccurredCallback
 .text.HAL_FDCAN_HighPriorityMessageCallback
                0x080051c8        0x2 CMakeFiles/smo.elf.dir/Drivers/STM32G4xx_HAL_Driver/Src/stm32g4xx_hal_fdcan.c.obj
                0x080051c8                HAL_FDCAN_HighPriorityMessageCallback
 .text.HAL_FDCAN_ErrorCallback
                0x080051ca        0x2 CMakeFiles/smo.elf.dir/Drivers/STM32G4xx_HAL_Driver/Src/stm32g4xx_hal_fdcan.c.obj
                0x080051ca                HAL_FDCAN_ErrorCallback
 .text.HAL_FDCAN_ErrorStatusCallback
                0x080051cc        0x2 CMakeFiles/smo.elf.dir/Drivers/STM32G4xx_HAL_Driver/Src/stm32g4xx_hal_fdcan.c.obj
                0x080051cc                HAL_FDCAN_ErrorStatusCallback
 .text.HAL_FDCAN_IRQHandler
                0x080051ce      0x188 CMakeFiles/smo.elf.dir/Drivers/STM32G4xx_HAL_Driver/Src/stm32g4xx_hal_fdcan.c.obj
                0x080051ce                HAL_FDCAN_IRQHandler
 *fill*         0x08005356        0x2 
 .text.HAL_GPIO_Init
                0x08005358      0x1ac CMakeFiles/smo.elf.dir/Drivers/STM32G4xx_HAL_Driver/Src/stm32g4xx_hal_gpio.c.obj
                0x08005358                HAL_GPIO_Init
 .text.HAL_GPIO_WritePin
                0x08005504        0xa CMakeFiles/smo.elf.dir/Drivers/STM32G4xx_HAL_Driver/Src/stm32g4xx_hal_gpio.c.obj
                0x08005504                HAL_GPIO_WritePin
 *fill*         0x0800550e        0x2 
 .text.HAL_GPIO_EXTI_IRQHandler
                0x08005510       0x1c CMakeFiles/smo.elf.dir/Drivers/STM32G4xx_HAL_Driver/Src/stm32g4xx_hal_gpio.c.obj
                0x08005510                HAL_GPIO_EXTI_IRQHandler
 .text.HAL_OPAMP_Init
                0x0800552c      0x128 CMakeFiles/smo.elf.dir/Drivers/STM32G4xx_HAL_Driver/Src/stm32g4xx_hal_opamp.c.obj
                0x0800552c                HAL_OPAMP_Init
 .text.HAL_OPAMP_Start
                0x08005654       0x36 CMakeFiles/smo.elf.dir/Drivers/STM32G4xx_HAL_Driver/Src/stm32g4xx_hal_opamp.c.obj
                0x08005654                HAL_OPAMP_Start
 *fill*         0x0800568a        0x2 
 .text.HAL_PWREx_ControlVoltageScaling
                0x0800568c      0x10c CMakeFiles/smo.elf.dir/Drivers/STM32G4xx_HAL_Driver/Src/stm32g4xx_hal_pwr_ex.c.obj
                0x0800568c                HAL_PWREx_ControlVoltageScaling
 .text.HAL_PWREx_DisableUCPDDeadBattery
                0x08005798       0x10 CMakeFiles/smo.elf.dir/Drivers/STM32G4xx_HAL_Driver/Src/stm32g4xx_hal_pwr_ex.c.obj
                0x08005798                HAL_PWREx_DisableUCPDDeadBattery
 .text.RCC_GetSysClockFreqFromPLLSource
                0x080057a8       0x58 CMakeFiles/smo.elf.dir/Drivers/STM32G4xx_HAL_Driver/Src/stm32g4xx_hal_rcc.c.obj
 .text.HAL_RCC_OscConfig
                0x08005800      0x4e4 CMakeFiles/smo.elf.dir/Drivers/STM32G4xx_HAL_Driver/Src/stm32g4xx_hal_rcc.c.obj
                0x08005800                HAL_RCC_OscConfig
 .text.HAL_RCC_GetSysClockFreq
                0x08005ce4       0x88 CMakeFiles/smo.elf.dir/Drivers/STM32G4xx_HAL_Driver/Src/stm32g4xx_hal_rcc.c.obj
                0x08005ce4                HAL_RCC_GetSysClockFreq
 .text.HAL_RCC_ClockConfig
                0x08005d6c      0x1f8 CMakeFiles/smo.elf.dir/Drivers/STM32G4xx_HAL_Driver/Src/stm32g4xx_hal_rcc.c.obj
                0x08005d6c                HAL_RCC_ClockConfig
 .text.HAL_RCC_GetHCLKFreq
                0x08005f64        0xc CMakeFiles/smo.elf.dir/Drivers/STM32G4xx_HAL_Driver/Src/stm32g4xx_hal_rcc.c.obj
                0x08005f64                HAL_RCC_GetHCLKFreq
 .text.HAL_RCC_GetPCLK1Freq
                0x08005f70       0x24 CMakeFiles/smo.elf.dir/Drivers/STM32G4xx_HAL_Driver/Src/stm32g4xx_hal_rcc.c.obj
                0x08005f70                HAL_RCC_GetPCLK1Freq
 .text.HAL_RCC_GetPCLK2Freq
                0x08005f94       0x24 CMakeFiles/smo.elf.dir/Drivers/STM32G4xx_HAL_Driver/Src/stm32g4xx_hal_rcc.c.obj
                0x08005f94                HAL_RCC_GetPCLK2Freq
 .text.HAL_RCCEx_PeriphCLKConfig
                0x08005fb8      0x2e4 CMakeFiles/smo.elf.dir/Drivers/STM32G4xx_HAL_Driver/Src/stm32g4xx_hal_rcc_ex.c.obj
                0x08005fb8                HAL_RCCEx_PeriphCLKConfig
 .text.TIM_OC1_SetConfig
                0x0800629c       0x9c CMakeFiles/smo.elf.dir/Drivers/STM32G4xx_HAL_Driver/Src/stm32g4xx_hal_tim.c.obj
 .text.TIM_OC3_SetConfig
                0x08006338       0x8c CMakeFiles/smo.elf.dir/Drivers/STM32G4xx_HAL_Driver/Src/stm32g4xx_hal_tim.c.obj
 .text.TIM_OC4_SetConfig
                0x080063c4       0x8c CMakeFiles/smo.elf.dir/Drivers/STM32G4xx_HAL_Driver/Src/stm32g4xx_hal_tim.c.obj
 .text.TIM_OC5_SetConfig
                0x08006450       0x68 CMakeFiles/smo.elf.dir/Drivers/STM32G4xx_HAL_Driver/Src/stm32g4xx_hal_tim.c.obj
 .text.TIM_OC6_SetConfig
                0x080064b8       0x6c CMakeFiles/smo.elf.dir/Drivers/STM32G4xx_HAL_Driver/Src/stm32g4xx_hal_tim.c.obj
 .text.TIM_TI1_ConfigInputStage
                0x08006524       0x24 CMakeFiles/smo.elf.dir/Drivers/STM32G4xx_HAL_Driver/Src/stm32g4xx_hal_tim.c.obj
 .text.TIM_TI2_ConfigInputStage
                0x08006548       0x26 CMakeFiles/smo.elf.dir/Drivers/STM32G4xx_HAL_Driver/Src/stm32g4xx_hal_tim.c.obj
 .text.TIM_ITRx_SetConfig
                0x0800656e       0x14 CMakeFiles/smo.elf.dir/Drivers/STM32G4xx_HAL_Driver/Src/stm32g4xx_hal_tim.c.obj
 .text.HAL_TIM_PWM_MspInit
                0x08006582        0x2 CMakeFiles/smo.elf.dir/Drivers/STM32G4xx_HAL_Driver/Src/stm32g4xx_hal_tim.c.obj
                0x08006582                HAL_TIM_PWM_MspInit
 .text.HAL_TIM_OC_DelayElapsedCallback
                0x08006584        0x2 CMakeFiles/smo.elf.dir/Drivers/STM32G4xx_HAL_Driver/Src/stm32g4xx_hal_tim.c.obj
                0x08006584                HAL_TIM_OC_DelayElapsedCallback
 .text.HAL_TIM_IC_CaptureCallback
                0x08006586        0x2 CMakeFiles/smo.elf.dir/Drivers/STM32G4xx_HAL_Driver/Src/stm32g4xx_hal_tim.c.obj
                0x08006586                HAL_TIM_IC_CaptureCallback
 .text.HAL_TIM_PWM_PulseFinishedCallback
                0x08006588        0x2 CMakeFiles/smo.elf.dir/Drivers/STM32G4xx_HAL_Driver/Src/stm32g4xx_hal_tim.c.obj
                0x08006588                HAL_TIM_PWM_PulseFinishedCallback
 .text.HAL_TIM_TriggerCallback
                0x0800658a        0x2 CMakeFiles/smo.elf.dir/Drivers/STM32G4xx_HAL_Driver/Src/stm32g4xx_hal_tim.c.obj
                0x0800658a                HAL_TIM_TriggerCallback
 .text.HAL_TIM_IRQHandler
                0x0800658c      0x1ea CMakeFiles/smo.elf.dir/Drivers/STM32G4xx_HAL_Driver/Src/stm32g4xx_hal_tim.c.obj
                0x0800658c                HAL_TIM_IRQHandler
 *fill*         0x08006776        0x2 
 .text.TIM_Base_SetConfig
                0x08006778       0xc8 CMakeFiles/smo.elf.dir/Drivers/STM32G4xx_HAL_Driver/Src/stm32g4xx_hal_tim.c.obj
                0x08006778                TIM_Base_SetConfig
 .text.HAL_TIM_Base_Init
                0x08006840       0x60 CMakeFiles/smo.elf.dir/Drivers/STM32G4xx_HAL_Driver/Src/stm32g4xx_hal_tim.c.obj
                0x08006840                HAL_TIM_Base_Init
 .text.HAL_TIM_PWM_Init
                0x080068a0       0x60 CMakeFiles/smo.elf.dir/Drivers/STM32G4xx_HAL_Driver/Src/stm32g4xx_hal_tim.c.obj
                0x080068a0                HAL_TIM_PWM_Init
 .text.TIM_OC2_SetConfig
                0x08006900       0x8c CMakeFiles/smo.elf.dir/Drivers/STM32G4xx_HAL_Driver/Src/stm32g4xx_hal_tim.c.obj
                0x08006900                TIM_OC2_SetConfig
 .text.HAL_TIM_PWM_ConfigChannel
                0x0800698c      0x13a CMakeFiles/smo.elf.dir/Drivers/STM32G4xx_HAL_Driver/Src/stm32g4xx_hal_tim.c.obj
                0x0800698c                HAL_TIM_PWM_ConfigChannel
 .text.TIM_ETR_SetConfig
                0x08006ac6       0x18 CMakeFiles/smo.elf.dir/Drivers/STM32G4xx_HAL_Driver/Src/stm32g4xx_hal_tim.c.obj
                0x08006ac6                TIM_ETR_SetConfig
 *fill*         0x08006ade        0x2 
 .text.HAL_TIM_ConfigClockSource
                0x08006ae0      0x138 CMakeFiles/smo.elf.dir/Drivers/STM32G4xx_HAL_Driver/Src/stm32g4xx_hal_tim.c.obj
                0x08006ae0                HAL_TIM_ConfigClockSource
 .text.TIM_CCxChannelCmd
                0x08006c18       0x24 CMakeFiles/smo.elf.dir/Drivers/STM32G4xx_HAL_Driver/Src/stm32g4xx_hal_tim.c.obj
                0x08006c18                TIM_CCxChannelCmd
 .text.HAL_TIM_PWM_Start
                0x08006c3c      0x158 CMakeFiles/smo.elf.dir/Drivers/STM32G4xx_HAL_Driver/Src/stm32g4xx_hal_tim.c.obj
                0x08006c3c                HAL_TIM_PWM_Start
 .text.TIM_CCxNChannelCmd
                0x08006d94       0x24 CMakeFiles/smo.elf.dir/Drivers/STM32G4xx_HAL_Driver/Src/stm32g4xx_hal_tim_ex.c.obj
 .text.HAL_TIMEx_PWMN_Start
                0x08006db8       0xf4 CMakeFiles/smo.elf.dir/Drivers/STM32G4xx_HAL_Driver/Src/stm32g4xx_hal_tim_ex.c.obj
                0x08006db8                HAL_TIMEx_PWMN_Start
 .text.HAL_TIMEx_MasterConfigSynchronization
                0x08006eac       0x94 CMakeFiles/smo.elf.dir/Drivers/STM32G4xx_HAL_Driver/Src/stm32g4xx_hal_tim_ex.c.obj
                0x08006eac                HAL_TIMEx_MasterConfigSynchronization
 .text.HAL_TIMEx_ConfigBreakDeadTime
                0x08006f40       0xa0 CMakeFiles/smo.elf.dir/Drivers/STM32G4xx_HAL_Driver/Src/stm32g4xx_hal_tim_ex.c.obj
                0x08006f40                HAL_TIMEx_ConfigBreakDeadTime
 .text.HAL_TIMEx_ConfigBreakInput
                0x08006fe0       0xd4 CMakeFiles/smo.elf.dir/Drivers/STM32G4xx_HAL_Driver/Src/stm32g4xx_hal_tim_ex.c.obj
                0x08006fe0                HAL_TIMEx_ConfigBreakInput
 .text.HAL_TIMEx_CommutCallback
                0x080070b4        0x2 CMakeFiles/smo.elf.dir/Drivers/STM32G4xx_HAL_Driver/Src/stm32g4xx_hal_tim_ex.c.obj
                0x080070b4                HAL_TIMEx_CommutCallback
 .text.HAL_TIMEx_BreakCallback
                0x080070b6        0x2 CMakeFiles/smo.elf.dir/Drivers/STM32G4xx_HAL_Driver/Src/stm32g4xx_hal_tim_ex.c.obj
                0x080070b6                HAL_TIMEx_BreakCallback
 .text.HAL_TIMEx_Break2Callback
                0x080070b8        0x2 CMakeFiles/smo.elf.dir/Drivers/STM32G4xx_HAL_Driver/Src/stm32g4xx_hal_tim_ex.c.obj
                0x080070b8                HAL_TIMEx_Break2Callback
 .text.HAL_TIMEx_EncoderIndexCallback
                0x080070ba        0x2 CMakeFiles/smo.elf.dir/Drivers/STM32G4xx_HAL_Driver/Src/stm32g4xx_hal_tim_ex.c.obj
                0x080070ba                HAL_TIMEx_EncoderIndexCallback
 .text.HAL_TIMEx_DirectionChangeCallback
                0x080070bc        0x2 CMakeFiles/smo.elf.dir/Drivers/STM32G4xx_HAL_Driver/Src/stm32g4xx_hal_tim_ex.c.obj
                0x080070bc                HAL_TIMEx_DirectionChangeCallback
 .text.HAL_TIMEx_IndexErrorCallback
                0x080070be        0x2 CMakeFiles/smo.elf.dir/Drivers/STM32G4xx_HAL_Driver/Src/stm32g4xx_hal_tim_ex.c.obj
                0x080070be                HAL_TIMEx_IndexErrorCallback
 .text.HAL_TIMEx_TransitionErrorCallback
                0x080070c0        0x2 CMakeFiles/smo.elf.dir/Drivers/STM32G4xx_HAL_Driver/Src/stm32g4xx_hal_tim_ex.c.obj
                0x080070c0                HAL_TIMEx_TransitionErrorCallback
 .text.UART_EndTxTransfer
                0x080070c2       0x32 CMakeFiles/smo.elf.dir/Drivers/STM32G4xx_HAL_Driver/Src/stm32g4xx_hal_uart.c.obj
 .text.UART_EndRxTransfer
                0x080070f4       0x56 CMakeFiles/smo.elf.dir/Drivers/STM32G4xx_HAL_Driver/Src/stm32g4xx_hal_uart.c.obj
 .text.HAL_UART_DMAStop
                0x0800714a       0xb2 CMakeFiles/smo.elf.dir/Drivers/STM32G4xx_HAL_Driver/Src/stm32g4xx_hal_uart.c.obj
                0x0800714a                HAL_UART_DMAStop
 .text.HAL_UART_RxCpltCallback
                0x080071fc        0x2 CMakeFiles/smo.elf.dir/Drivers/STM32G4xx_HAL_Driver/Src/stm32g4xx_hal_uart.c.obj
                0x080071fc                HAL_UART_RxCpltCallback
 .text.HAL_UART_RxHalfCpltCallback
                0x080071fe        0x2 CMakeFiles/smo.elf.dir/Drivers/STM32G4xx_HAL_Driver/Src/stm32g4xx_hal_uart.c.obj
                0x080071fe                HAL_UART_RxHalfCpltCallback
 .text.HAL_UART_ErrorCallback
                0x08007200        0x2 CMakeFiles/smo.elf.dir/Drivers/STM32G4xx_HAL_Driver/Src/stm32g4xx_hal_uart.c.obj
                0x08007200                HAL_UART_ErrorCallback
 .text.UART_DMAError
                0x08007202       0x58 CMakeFiles/smo.elf.dir/Drivers/STM32G4xx_HAL_Driver/Src/stm32g4xx_hal_uart.c.obj
 .text.HAL_UARTEx_RxEventCallback
                0x0800725a        0x2 CMakeFiles/smo.elf.dir/Drivers/STM32G4xx_HAL_Driver/Src/stm32g4xx_hal_uart.c.obj
                0x0800725a                HAL_UARTEx_RxEventCallback
 .text.UART_DMARxHalfCplt
                0x0800725c       0x20 CMakeFiles/smo.elf.dir/Drivers/STM32G4xx_HAL_Driver/Src/stm32g4xx_hal_uart.c.obj
 .text.UART_DMAReceiveCplt
                0x0800727c       0x92 CMakeFiles/smo.elf.dir/Drivers/STM32G4xx_HAL_Driver/Src/stm32g4xx_hal_uart.c.obj
 *fill*         0x0800730e        0x2 
 .text.UART_SetConfig
                0x08007310      0x34c CMakeFiles/smo.elf.dir/Drivers/STM32G4xx_HAL_Driver/Src/stm32g4xx_hal_uart.c.obj
                0x08007310                UART_SetConfig
 .text.UART_AdvFeatureConfig
                0x0800765c       0xca CMakeFiles/smo.elf.dir/Drivers/STM32G4xx_HAL_Driver/Src/stm32g4xx_hal_uart.c.obj
                0x0800765c                UART_AdvFeatureConfig
 .text.UART_WaitOnFlagUntilTimeout
                0x08007726       0x9e CMakeFiles/smo.elf.dir/Drivers/STM32G4xx_HAL_Driver/Src/stm32g4xx_hal_uart.c.obj
                0x08007726                UART_WaitOnFlagUntilTimeout
 .text.UART_CheckIdleState
                0x080077c4       0xca CMakeFiles/smo.elf.dir/Drivers/STM32G4xx_HAL_Driver/Src/stm32g4xx_hal_uart.c.obj
                0x080077c4                UART_CheckIdleState
 .text.HAL_UART_Init
                0x0800788e       0x66 CMakeFiles/smo.elf.dir/Drivers/STM32G4xx_HAL_Driver/Src/stm32g4xx_hal_uart.c.obj
                0x0800788e                HAL_UART_Init
 .text.UART_Start_Receive_DMA
                0x080078f4       0xb0 CMakeFiles/smo.elf.dir/Drivers/STM32G4xx_HAL_Driver/Src/stm32g4xx_hal_uart.c.obj
                0x080078f4                UART_Start_Receive_DMA
 .text.HAL_UART_Receive_DMA
                0x080079a4       0x4c CMakeFiles/smo.elf.dir/Drivers/STM32G4xx_HAL_Driver/Src/stm32g4xx_hal_uart.c.obj
                0x080079a4                HAL_UART_Receive_DMA
 .text.UARTEx_SetNbDataToProcess
                0x080079f0       0x4c CMakeFiles/smo.elf.dir/Drivers/STM32G4xx_HAL_Driver/Src/stm32g4xx_hal_uart_ex.c.obj
 .text.HAL_UARTEx_DisableFifoMode
                0x08007a3c       0x3e CMakeFiles/smo.elf.dir/Drivers/STM32G4xx_HAL_Driver/Src/stm32g4xx_hal_uart_ex.c.obj
                0x08007a3c                HAL_UARTEx_DisableFifoMode
 .text.HAL_UARTEx_SetTxFifoThreshold
                0x08007a7a       0x4a CMakeFiles/smo.elf.dir/Drivers/STM32G4xx_HAL_Driver/Src/stm32g4xx_hal_uart_ex.c.obj
                0x08007a7a                HAL_UARTEx_SetTxFifoThreshold
 .text.HAL_UARTEx_SetRxFifoThreshold
                0x08007ac4       0x4a CMakeFiles/smo.elf.dir/Drivers/STM32G4xx_HAL_Driver/Src/stm32g4xx_hal_uart_ex.c.obj
                0x08007ac4                HAL_UARTEx_SetRxFifoThreshold
 .text.prvucMBCHAR2BIN
                0x08007b0e       0x1e CMakeFiles/smo.elf.dir/modbus/ascii/mbascii.c.obj
 .text.prvucMBLRC
                0x08007b2c       0x1a CMakeFiles/smo.elf.dir/modbus/ascii/mbascii.c.obj
 *fill*         0x08007b46        0x2 
 .text.prvucMBBIN2CHAR
                0x08007b48       0x38 CMakeFiles/smo.elf.dir/modbus/ascii/mbascii.c.obj
 .text.eMBASCIIInit
                0x08007b80       0x34 CMakeFiles/smo.elf.dir/modbus/ascii/mbascii.c.obj
                0x08007b80                eMBASCIIInit
 .text.eMBASCIIStart
                0x08007bb4       0x1c CMakeFiles/smo.elf.dir/modbus/ascii/mbascii.c.obj
                0x08007bb4                eMBASCIIStart
 .text.eMBASCIIStop
                0x08007bd0       0x10 CMakeFiles/smo.elf.dir/modbus/ascii/mbascii.c.obj
                0x08007bd0                eMBASCIIStop
 .text.eMBASCIIReceive
                0x08007be0       0x68 CMakeFiles/smo.elf.dir/modbus/ascii/mbascii.c.obj
                0x08007be0                eMBASCIIReceive
 .text.eMBASCIISend
                0x08007c48       0x68 CMakeFiles/smo.elf.dir/modbus/ascii/mbascii.c.obj
                0x08007c48                eMBASCIISend
 .text.xMBASCIIReceiveFSM
                0x08007cb0      0x150 CMakeFiles/smo.elf.dir/modbus/ascii/mbascii.c.obj
                0x08007cb0                xMBASCIIReceiveFSM
 .text.xMBASCIITransmitFSM
                0x08007e00      0x108 CMakeFiles/smo.elf.dir/modbus/ascii/mbascii.c.obj
                0x08007e00                xMBASCIITransmitFSM
 .text.xMBASCIITimerT1SExpired
                0x08007f08       0x4c CMakeFiles/smo.elf.dir/modbus/ascii/mbascii.c.obj
                0x08007f08                xMBASCIITimerT1SExpired
 .text.eMBFuncReadCoils
                0x08007f54       0x70 CMakeFiles/smo.elf.dir/modbus/functions/mbfunccoils.c.obj
                0x08007f54                eMBFuncReadCoils
 .text.eMBFuncWriteCoil
                0x08007fc4       0x5c CMakeFiles/smo.elf.dir/modbus/functions/mbfunccoils.c.obj
                0x08007fc4                eMBFuncWriteCoil
 .text.eMBFuncWriteMultipleCoils
                0x08008020       0x60 CMakeFiles/smo.elf.dir/modbus/functions/mbfunccoils.c.obj
                0x08008020                eMBFuncWriteMultipleCoils
 .text.eMBFuncReadDiscreteInputs
                0x08008080       0x6e CMakeFiles/smo.elf.dir/modbus/functions/mbfuncdisc.c.obj
                0x08008080                eMBFuncReadDiscreteInputs
 .text.eMBFuncWriteHoldingRegister
                0x080080ee       0x28 CMakeFiles/smo.elf.dir/modbus/functions/mbfuncholding.c.obj
                0x080080ee                eMBFuncWriteHoldingRegister
 .text.eMBFuncWriteMultipleHoldingRegister
                0x08008116       0x4e CMakeFiles/smo.elf.dir/modbus/functions/mbfuncholding.c.obj
                0x08008116                eMBFuncWriteMultipleHoldingRegister
 .text.eMBFuncReadHoldingRegister
                0x08008164       0x5c CMakeFiles/smo.elf.dir/modbus/functions/mbfuncholding.c.obj
                0x08008164                eMBFuncReadHoldingRegister
 .text.eMBFuncReadWriteMultipleHoldingRegister
                0x080081c0       0xa4 CMakeFiles/smo.elf.dir/modbus/functions/mbfuncholding.c.obj
                0x080081c0                eMBFuncReadWriteMultipleHoldingRegister
 .text.eMBFuncReadInputRegister
                0x08008264       0x60 CMakeFiles/smo.elf.dir/modbus/functions/mbfuncinput.c.obj
                0x08008264                eMBFuncReadInputRegister
 .text.eMBFuncReportSlaveID
                0x080082c4       0x24 CMakeFiles/smo.elf.dir/modbus/functions/mbfuncother.c.obj
                0x080082c4                eMBFuncReportSlaveID
 .text.xMBUtilSetBits
                0x080082e8       0x58 CMakeFiles/smo.elf.dir/modbus/functions/mbutils.c.obj
                0x080082e8                xMBUtilSetBits
 .text.xMBUtilGetBits
                0x08008340       0x28 CMakeFiles/smo.elf.dir/modbus/functions/mbutils.c.obj
                0x08008340                xMBUtilGetBits
 .text.prveMBError2Exception
                0x08008368       0x18 CMakeFiles/smo.elf.dir/modbus/functions/mbutils.c.obj
                0x08008368                prveMBError2Exception
 .text.eMBInit  0x08008380      0x10c CMakeFiles/smo.elf.dir/modbus/mb.c.obj
                0x08008380                eMBInit
 .text.eMBEnable
                0x0800848c       0x24 CMakeFiles/smo.elf.dir/modbus/mb.c.obj
                0x0800848c                eMBEnable
 .text.eMBPoll  0x080084b0      0x100 CMakeFiles/smo.elf.dir/modbus/mb.c.obj
                0x080084b0                eMBPoll
 .text.eMBRegInputCB
                0x080085b0       0x48 CMakeFiles/smo.elf.dir/modbus/port.c.obj
                0x080085b0                eMBRegInputCB
 .text.eMBRegHoldingCB
                0x080085f8       0x70 CMakeFiles/smo.elf.dir/modbus/port.c.obj
                0x080085f8                eMBRegHoldingCB
 .text.eMBRegCoilsCB
                0x08008668       0x7c CMakeFiles/smo.elf.dir/modbus/port.c.obj
                0x08008668                eMBRegCoilsCB
 .text.eMBRegDiscreteCB
                0x080086e4       0x48 CMakeFiles/smo.elf.dir/modbus/port.c.obj
                0x080086e4                eMBRegDiscreteCB
 .text.xMBPortEventInit
                0x0800872c       0x10 CMakeFiles/smo.elf.dir/modbus/portevent.c.obj
                0x0800872c                xMBPortEventInit
 .text.xMBPortEventPost
                0x0800873c       0x18 CMakeFiles/smo.elf.dir/modbus/portevent.c.obj
                0x0800873c                xMBPortEventPost
 .text.xMBPortEventGet
                0x08008754       0x20 CMakeFiles/smo.elf.dir/modbus/portevent.c.obj
                0x08008754                xMBPortEventGet
 .text.vMBPortSerialEnable
                0x08008774       0x24 CMakeFiles/smo.elf.dir/modbus/portserial.c.obj
                0x08008774                vMBPortSerialEnable
 .text.xMBPortSerialInit
                0x08008798       0x80 CMakeFiles/smo.elf.dir/modbus/portserial.c.obj
                0x08008798                xMBPortSerialInit
 .text.xMBPortSerialPutByte
                0x08008818       0x10 CMakeFiles/smo.elf.dir/modbus/portserial.c.obj
                0x08008818                xMBPortSerialPutByte
 .text.xMBPortSerialGetByte
                0x08008828       0x30 CMakeFiles/smo.elf.dir/modbus/portserial.c.obj
                0x08008828                xMBPortSerialGetByte
 .text.USART3_IRQHandler
                0x08008858       0x74 CMakeFiles/smo.elf.dir/modbus/portserial.c.obj
                0x08008858                USART3_IRQHandler
 .text.prvvTIMERExpiredISR
                0x080088cc       0x10 CMakeFiles/smo.elf.dir/modbus/porttimer.c.obj
 .text.xMBPortTimersInit
                0x080088dc       0x84 CMakeFiles/smo.elf.dir/modbus/porttimer.c.obj
                0x080088dc                xMBPortTimersInit
 .text.vMBPortTimersEnable
                0x08008960       0x18 CMakeFiles/smo.elf.dir/modbus/porttimer.c.obj
                0x08008960                vMBPortTimersEnable
 .text.vMBPortTimersDisable
                0x08008978       0x28 CMakeFiles/smo.elf.dir/modbus/porttimer.c.obj
                0x08008978                vMBPortTimersDisable
 .text.HAL_TIM_PeriodElapsedCallback
                0x080089a0       0x24 CMakeFiles/smo.elf.dir/modbus/porttimer.c.obj
                0x080089a0                HAL_TIM_PeriodElapsedCallback
 .text.usMBCRC16
                0x080089c4       0x30 CMakeFiles/smo.elf.dir/modbus/rtu/mbcrc.c.obj
                0x080089c4                usMBCRC16
 .text.eMBRTUInit
                0x080089f4       0x40 CMakeFiles/smo.elf.dir/modbus/rtu/mbrtu.c.obj
                0x080089f4                eMBRTUInit
 .text.eMBRTUStart
                0x08008a34       0x18 CMakeFiles/smo.elf.dir/modbus/rtu/mbrtu.c.obj
                0x08008a34                eMBRTUStart
 .text.eMBRTUStop
                0x08008a4c       0x10 CMakeFiles/smo.elf.dir/modbus/rtu/mbrtu.c.obj
                0x08008a4c                eMBRTUStop
 .text.eMBRTUReceive
                0x08008a5c       0x68 CMakeFiles/smo.elf.dir/modbus/rtu/mbrtu.c.obj
                0x08008a5c                eMBRTUReceive
 .text.eMBRTUSend
                0x08008ac4       0x78 CMakeFiles/smo.elf.dir/modbus/rtu/mbrtu.c.obj
                0x08008ac4                eMBRTUSend
 .text.xMBRTUReceiveFSM
                0x08008b3c       0xb0 CMakeFiles/smo.elf.dir/modbus/rtu/mbrtu.c.obj
                0x08008b3c                xMBRTUReceiveFSM
 .text.xMBRTUTransmitFSM
                0x08008bec       0x94 CMakeFiles/smo.elf.dir/modbus/rtu/mbrtu.c.obj
                0x08008bec                xMBRTUTransmitFSM
 .text.xMBRTUTimerT35Expired
                0x08008c80       0x7c CMakeFiles/smo.elf.dir/modbus/rtu/mbrtu.c.obj
                0x08008c80                xMBRTUTimerT35Expired
 .text.arm_sin_cos_f32
                0x08008cfc      0x124 D:\BLDC\smo\Middlewares\ST\ARM\DSP\Lib\libarm_cortexM4lf_math.a(arm_sin_cos_f32.o)
                0x08008cfc                arm_sin_cos_f32
 .text.arm_sin_f32
                0x08008e20       0x8c D:\BLDC\smo\Middlewares\ST\ARM\DSP\Lib\libarm_cortexM4lf_math.a(arm_sin_f32.o)
                0x08008e20                arm_sin_f32
 .text.arm_cos_f32
                0x08008eac       0x94 D:\BLDC\smo\Middlewares\ST\ARM\DSP\Lib\libarm_cortexM4lf_math.a(arm_cos_f32.o)
                0x08008eac                arm_cos_f32
 .text.fmaxf    0x08008f40       0x3c d:/gun-tools/arm-embedded-tools/bin/../lib/gcc/arm-none-eabi/9.2.1/../../../../arm-none-eabi/lib/thumb/v7e-m+fp/hard\libm.a(lib_a-sf_fmax.o)
                0x08008f40                fmaxf
 .text.fminf    0x08008f7c       0x3c d:/gun-tools/arm-embedded-tools/bin/../lib/gcc/arm-none-eabi/9.2.1/../../../../arm-none-eabi/lib/thumb/v7e-m+fp/hard\libm.a(lib_a-sf_fmin.o)
                0x08008f7c                fminf
 .text.__fpclassifyf
                0x08008fb8       0x38 d:/gun-tools/arm-embedded-tools/bin/../lib/gcc/arm-none-eabi/9.2.1/../../../../arm-none-eabi/lib/thumb/v7e-m+fp/hard\libm.a(lib_a-sf_fpclassify.o)
                0x08008fb8                __fpclassifyf
 .text.fmodf    0x08008ff0       0xc0 d:/gun-tools/arm-embedded-tools/bin/../lib/gcc/arm-none-eabi/9.2.1/../../../../arm-none-eabi/lib/thumb/v7e-m+fp/hard\libm.a(lib_a-wf_fmod.o)
                0x08008ff0                fmodf
 .text.__ieee754_fmodf
                0x080090b0      0x120 d:/gun-tools/arm-embedded-tools/bin/../lib/gcc/arm-none-eabi/9.2.1/../../../../arm-none-eabi/lib/thumb/v7e-m+fp/hard\libm.a(lib_a-ef_fmod.o)
                0x080090b0                __ieee754_fmodf
 .text.matherr  0x080091d0        0x4 d:/gun-tools/arm-embedded-tools/bin/../lib/gcc/arm-none-eabi/9.2.1/../../../../arm-none-eabi/lib/thumb/v7e-m+fp/hard\libm.a(lib_a-s_matherr.o)
                0x080091d0                matherr
 .text.abort    0x080091d4       0x10 d:/gun-tools/arm-embedded-tools/bin/../lib/gcc/arm-none-eabi/9.2.1/../../../../arm-none-eabi/lib/thumb/v7e-m+fp/hard\libg.a(lib_a-abort.o)
                0x080091d4                abort
 .text.__assert_func
                0x080091e4       0x3c d:/gun-tools/arm-embedded-tools/bin/../lib/gcc/arm-none-eabi/9.2.1/../../../../arm-none-eabi/lib/thumb/v7e-m+fp/hard\libg.a(lib_a-assert.o)
                0x080091e4                __assert_func
 .text.__errno  0x08009220        0xc d:/gun-tools/arm-embedded-tools/bin/../lib/gcc/arm-none-eabi/9.2.1/../../../../arm-none-eabi/lib/thumb/v7e-m+fp/hard\libg.a(lib_a-errno.o)
                0x08009220                __errno
 .text.fiprintf
                0x0800922c       0x28 d:/gun-tools/arm-embedded-tools/bin/../lib/gcc/arm-none-eabi/9.2.1/../../../../arm-none-eabi/lib/thumb/v7e-m+fp/hard\libg.a(lib_a-fiprintf.o)
                0x0800922c                fiprintf
 .text.__libc_init_array
                0x08009254       0x48 d:/gun-tools/arm-embedded-tools/bin/../lib/gcc/arm-none-eabi/9.2.1/../../../../arm-none-eabi/lib/thumb/v7e-m+fp/hard\libg.a(lib_a-init.o)
                0x08009254                __libc_init_array
 .text.memset   0x0800929c       0xa0 d:/gun-tools/arm-embedded-tools/bin/../lib/gcc/arm-none-eabi/9.2.1/../../../../arm-none-eabi/lib/thumb/v7e-m+fp/hard\libg.a(lib_a-memset.o)
                0x0800929c                memset
 .text._raise_r
                0x0800933c       0x58 d:/gun-tools/arm-embedded-tools/bin/../lib/gcc/arm-none-eabi/9.2.1/../../../../arm-none-eabi/lib/thumb/v7e-m+fp/hard\libg.a(lib_a-signal.o)
                0x0800933c                _raise_r
 .text.raise    0x08009394       0x10 d:/gun-tools/arm-embedded-tools/bin/../lib/gcc/arm-none-eabi/9.2.1/../../../../arm-none-eabi/lib/thumb/v7e-m+fp/hard\libg.a(lib_a-signal.o)
                0x08009394                raise
 .text._kill_r  0x080093a4       0x2c d:/gun-tools/arm-embedded-tools/bin/../lib/gcc/arm-none-eabi/9.2.1/../../../../arm-none-eabi/lib/thumb/v7e-m+fp/hard\libg.a(lib_a-signalr.o)
                0x080093a4                _kill_r
 .text._getpid_r
                0x080093d0        0x4 d:/gun-tools/arm-embedded-tools/bin/../lib/gcc/arm-none-eabi/9.2.1/../../../../arm-none-eabi/lib/thumb/v7e-m+fp/hard\libg.a(lib_a-signalr.o)
                0x080093d0                _getpid_r
 .text.__sprint_r.part.0
                0x080093d4       0x78 d:/gun-tools/arm-embedded-tools/bin/../lib/gcc/arm-none-eabi/9.2.1/../../../../arm-none-eabi/lib/thumb/v7e-m+fp/hard\libg.a(lib_a-vfiprintf.o)
 .text._vfiprintf_r
                0x0800944c      0xd4c d:/gun-tools/arm-embedded-tools/bin/../lib/gcc/arm-none-eabi/9.2.1/../../../../arm-none-eabi/lib/thumb/v7e-m+fp/hard\libg.a(lib_a-vfiprintf.o)
                0x0800944c                _vfiprintf_r
 .text.__sbprintf
                0x0800a198       0x84 d:/gun-tools/arm-embedded-tools/bin/../lib/gcc/arm-none-eabi/9.2.1/../../../../arm-none-eabi/lib/thumb/v7e-m+fp/hard\libg.a(lib_a-vfiprintf.o)
 .text.__swsetup_r
                0x0800a21c       0xd0 d:/gun-tools/arm-embedded-tools/bin/../lib/gcc/arm-none-eabi/9.2.1/../../../../arm-none-eabi/lib/thumb/v7e-m+fp/hard\libg.a(lib_a-wsetup.o)
                0x0800a21c                __swsetup_r
 .text.startup.register_fini
                0x0800a2ec       0x14 d:/gun-tools/arm-embedded-tools/bin/../lib/gcc/arm-none-eabi/9.2.1/../../../../arm-none-eabi/lib/thumb/v7e-m+fp/hard\libg.a(lib_a-__call_atexit.o)
 .text.atexit   0x0800a300        0xc d:/gun-tools/arm-embedded-tools/bin/../lib/gcc/arm-none-eabi/9.2.1/../../../../arm-none-eabi/lib/thumb/v7e-m+fp/hard\libg.a(lib_a-atexit.o)
                0x0800a300                atexit
 .text.__sflush_r
                0x0800a30c      0x130 d:/gun-tools/arm-embedded-tools/bin/../lib/gcc/arm-none-eabi/9.2.1/../../../../arm-none-eabi/lib/thumb/v7e-m+fp/hard\libg.a(lib_a-fflush.o)
                0x0800a30c                __sflush_r
 .text._fflush_r
                0x0800a43c       0x5c d:/gun-tools/arm-embedded-tools/bin/../lib/gcc/arm-none-eabi/9.2.1/../../../../arm-none-eabi/lib/thumb/v7e-m+fp/hard\libg.a(lib_a-fflush.o)
                0x0800a43c                _fflush_r
 .text.std      0x0800a498       0x50 d:/gun-tools/arm-embedded-tools/bin/../lib/gcc/arm-none-eabi/9.2.1/../../../../arm-none-eabi/lib/thumb/v7e-m+fp/hard\libg.a(lib_a-findfp.o)
 .text._cleanup_r
                0x0800a4e8        0xc d:/gun-tools/arm-embedded-tools/bin/../lib/gcc/arm-none-eabi/9.2.1/../../../../arm-none-eabi/lib/thumb/v7e-m+fp/hard\libg.a(lib_a-findfp.o)
                0x0800a4e8                _cleanup_r
 .text.__sinit  0x0800a4f4       0x54 d:/gun-tools/arm-embedded-tools/bin/../lib/gcc/arm-none-eabi/9.2.1/../../../../arm-none-eabi/lib/thumb/v7e-m+fp/hard\libg.a(lib_a-findfp.o)
                0x0800a4f4                __sinit
 .text.__sfp_lock_acquire
                0x0800a548        0xc d:/gun-tools/arm-embedded-tools/bin/../lib/gcc/arm-none-eabi/9.2.1/../../../../arm-none-eabi/lib/thumb/v7e-m+fp/hard\libg.a(lib_a-findfp.o)
                0x0800a548                __sfp_lock_acquire
 .text.__sfp_lock_release
                0x0800a554        0xc d:/gun-tools/arm-embedded-tools/bin/../lib/gcc/arm-none-eabi/9.2.1/../../../../arm-none-eabi/lib/thumb/v7e-m+fp/hard\libg.a(lib_a-findfp.o)
                0x0800a554                __sfp_lock_release
 .text.__libc_fini_array
                0x0800a560       0x2c d:/gun-tools/arm-embedded-tools/bin/../lib/gcc/arm-none-eabi/9.2.1/../../../../arm-none-eabi/lib/thumb/v7e-m+fp/hard\libg.a(lib_a-fini.o)
                0x0800a560                __libc_fini_array
 .text.__fputwc
                0x0800a58c       0xa8 d:/gun-tools/arm-embedded-tools/bin/../lib/gcc/arm-none-eabi/9.2.1/../../../../arm-none-eabi/lib/thumb/v7e-m+fp/hard\libg.a(lib_a-fputwc.o)
                0x0800a58c                __fputwc
 .text._fputwc_r
                0x0800a634       0x68 d:/gun-tools/arm-embedded-tools/bin/../lib/gcc/arm-none-eabi/9.2.1/../../../../arm-none-eabi/lib/thumb/v7e-m+fp/hard\libg.a(lib_a-fputwc.o)
                0x0800a634                _fputwc_r
 .text._malloc_trim_r
                0x0800a69c       0xa0 d:/gun-tools/arm-embedded-tools/bin/../lib/gcc/arm-none-eabi/9.2.1/../../../../arm-none-eabi/lib/thumb/v7e-m+fp/hard\libg.a(lib_a-freer.o)
                0x0800a69c                _malloc_trim_r
 .text._free_r  0x0800a73c      0x208 d:/gun-tools/arm-embedded-tools/bin/../lib/gcc/arm-none-eabi/9.2.1/../../../../arm-none-eabi/lib/thumb/v7e-m+fp/hard\libg.a(lib_a-freer.o)
                0x0800a73c                _free_r
 .text.__sfvwrite_r
                0x0800a944      0x2e0 d:/gun-tools/arm-embedded-tools/bin/../lib/gcc/arm-none-eabi/9.2.1/../../../../arm-none-eabi/lib/thumb/v7e-m+fp/hard\libg.a(lib_a-fvwrite.o)
                0x0800a944                __sfvwrite_r
 .text._fwalk_reent
                0x0800ac24       0x48 d:/gun-tools/arm-embedded-tools/bin/../lib/gcc/arm-none-eabi/9.2.1/../../../../arm-none-eabi/lib/thumb/v7e-m+fp/hard\libg.a(lib_a-fwalk.o)
                0x0800ac24                _fwalk_reent
 .text.__locale_mb_cur_max
                0x0800ac6c        0xc d:/gun-tools/arm-embedded-tools/bin/../lib/gcc/arm-none-eabi/9.2.1/../../../../arm-none-eabi/lib/thumb/v7e-m+fp/hard\libg.a(lib_a-locale.o)
                0x0800ac6c                __locale_mb_cur_max
 .text._localeconv_r
                0x0800ac78        0x8 d:/gun-tools/arm-embedded-tools/bin/../lib/gcc/arm-none-eabi/9.2.1/../../../../arm-none-eabi/lib/thumb/v7e-m+fp/hard\libg.a(lib_a-localeconv.o)
                0x0800ac78                _localeconv_r
 .text.__retarget_lock_init_recursive
                0x0800ac80        0x4 d:/gun-tools/arm-embedded-tools/bin/../lib/gcc/arm-none-eabi/9.2.1/../../../../arm-none-eabi/lib/thumb/v7e-m+fp/hard\libg.a(lib_a-lock.o)
                0x0800ac80                __retarget_lock_init_recursive
 .text.__retarget_lock_close_recursive
                0x0800ac84        0x4 d:/gun-tools/arm-embedded-tools/bin/../lib/gcc/arm-none-eabi/9.2.1/../../../../arm-none-eabi/lib/thumb/v7e-m+fp/hard\libg.a(lib_a-lock.o)
                0x0800ac84                __retarget_lock_close_recursive
 .text.__retarget_lock_acquire_recursive
                0x0800ac88        0x4 d:/gun-tools/arm-embedded-tools/bin/../lib/gcc/arm-none-eabi/9.2.1/../../../../arm-none-eabi/lib/thumb/v7e-m+fp/hard\libg.a(lib_a-lock.o)
                0x0800ac88                __retarget_lock_acquire_recursive
 .text.__retarget_lock_release_recursive
                0x0800ac8c        0x4 d:/gun-tools/arm-embedded-tools/bin/../lib/gcc/arm-none-eabi/9.2.1/../../../../arm-none-eabi/lib/thumb/v7e-m+fp/hard\libg.a(lib_a-lock.o)
                0x0800ac8c                __retarget_lock_release_recursive
 .text.__swhatbuf_r
                0x0800ac90       0x5c d:/gun-tools/arm-embedded-tools/bin/../lib/gcc/arm-none-eabi/9.2.1/../../../../arm-none-eabi/lib/thumb/v7e-m+fp/hard\libg.a(lib_a-makebuf.o)
                0x0800ac90                __swhatbuf_r
 .text.__smakebuf_r
                0x0800acec       0x98 d:/gun-tools/arm-embedded-tools/bin/../lib/gcc/arm-none-eabi/9.2.1/../../../../arm-none-eabi/lib/thumb/v7e-m+fp/hard\libg.a(lib_a-makebuf.o)
                0x0800acec                __smakebuf_r
 .text._malloc_r
                0x0800ad84      0x574 d:/gun-tools/arm-embedded-tools/bin/../lib/gcc/arm-none-eabi/9.2.1/../../../../arm-none-eabi/lib/thumb/v7e-m+fp/hard\libg.a(lib_a-mallocr.o)
                0x0800ad84                _malloc_r
 .text.__ascii_mbtowc
                0x0800b2f8       0x2c d:/gun-tools/arm-embedded-tools/bin/../lib/gcc/arm-none-eabi/9.2.1/../../../../arm-none-eabi/lib/thumb/v7e-m+fp/hard\libg.a(lib_a-mbtowc_r.o)
                0x0800b2f8                __ascii_mbtowc
 .text.memmove  0x0800b324       0xd8 d:/gun-tools/arm-embedded-tools/bin/../lib/gcc/arm-none-eabi/9.2.1/../../../../arm-none-eabi/lib/thumb/v7e-m+fp/hard\libg.a(lib_a-memmove.o)
                0x0800b324                memmove
 .text.__malloc_lock
                0x0800b3fc        0xc d:/gun-tools/arm-embedded-tools/bin/../lib/gcc/arm-none-eabi/9.2.1/../../../../arm-none-eabi/lib/thumb/v7e-m+fp/hard\libg.a(lib_a-mlock.o)
                0x0800b3fc                __malloc_lock
 .text.__malloc_unlock
                0x0800b408        0xc d:/gun-tools/arm-embedded-tools/bin/../lib/gcc/arm-none-eabi/9.2.1/../../../../arm-none-eabi/lib/thumb/v7e-m+fp/hard\libg.a(lib_a-mlock.o)
                0x0800b408                __malloc_unlock
 .text._realloc_r
                0x0800b414      0x3e0 d:/gun-tools/arm-embedded-tools/bin/../lib/gcc/arm-none-eabi/9.2.1/../../../../arm-none-eabi/lib/thumb/v7e-m+fp/hard\libg.a(lib_a-reallocr.o)
                0x0800b414                _realloc_r
 .text._sbrk_r  0x0800b7f4       0x24 d:/gun-tools/arm-embedded-tools/bin/../lib/gcc/arm-none-eabi/9.2.1/../../../../arm-none-eabi/lib/thumb/v7e-m+fp/hard\libg.a(lib_a-sbrkr.o)
                0x0800b7f4                _sbrk_r
 .text.__sread  0x0800b818       0x24 d:/gun-tools/arm-embedded-tools/bin/../lib/gcc/arm-none-eabi/9.2.1/../../../../arm-none-eabi/lib/thumb/v7e-m+fp/hard\libg.a(lib_a-stdio.o)
                0x0800b818                __sread
 .text.__swrite
                0x0800b83c       0x40 d:/gun-tools/arm-embedded-tools/bin/../lib/gcc/arm-none-eabi/9.2.1/../../../../arm-none-eabi/lib/thumb/v7e-m+fp/hard\libg.a(lib_a-stdio.o)
                0x0800b83c                __swrite
 .text.__sseek  0x0800b87c       0x20 d:/gun-tools/arm-embedded-tools/bin/../lib/gcc/arm-none-eabi/9.2.1/../../../../arm-none-eabi/lib/thumb/v7e-m+fp/hard\libg.a(lib_a-stdio.o)
                0x0800b87c                __sseek
 .text.__sclose
                0x0800b89c        0x8 d:/gun-tools/arm-embedded-tools/bin/../lib/gcc/arm-none-eabi/9.2.1/../../../../arm-none-eabi/lib/thumb/v7e-m+fp/hard\libg.a(lib_a-stdio.o)
                0x0800b89c                __sclose
 .text.strncpy  0x0800b8a4       0x68 d:/gun-tools/arm-embedded-tools/bin/../lib/gcc/arm-none-eabi/9.2.1/../../../../arm-none-eabi/lib/thumb/v7e-m+fp/hard\libg.a(lib_a-strncpy.o)
                0x0800b8a4                strncpy
 .text.__swbuf_r
                0x0800b90c       0xb0 d:/gun-tools/arm-embedded-tools/bin/../lib/gcc/arm-none-eabi/9.2.1/../../../../arm-none-eabi/lib/thumb/v7e-m+fp/hard\libg.a(lib_a-wbuf.o)
                0x0800b90c                __swbuf_r
 .text._wcrtomb_r
                0x0800b9bc       0x3c d:/gun-tools/arm-embedded-tools/bin/../lib/gcc/arm-none-eabi/9.2.1/../../../../arm-none-eabi/lib/thumb/v7e-m+fp/hard\libg.a(lib_a-wcrtomb.o)
                0x0800b9bc                _wcrtomb_r
 .text.__ascii_wctomb
                0x0800b9f8       0x1c d:/gun-tools/arm-embedded-tools/bin/../lib/gcc/arm-none-eabi/9.2.1/../../../../arm-none-eabi/lib/thumb/v7e-m+fp/hard\libg.a(lib_a-wctomb_r.o)
                0x0800b9f8                __ascii_wctomb
 .text._write_r
                0x0800ba14       0x2c d:/gun-tools/arm-embedded-tools/bin/../lib/gcc/arm-none-eabi/9.2.1/../../../../arm-none-eabi/lib/thumb/v7e-m+fp/hard\libg.a(lib_a-writer.o)
                0x0800ba14                _write_r
 .text.__register_exitproc
                0x0800ba40       0x8c d:/gun-tools/arm-embedded-tools/bin/../lib/gcc/arm-none-eabi/9.2.1/../../../../arm-none-eabi/lib/thumb/v7e-m+fp/hard\libg.a(lib_a-__atexit.o)
                0x0800ba40                __register_exitproc
 .text._close_r
                0x0800bacc       0x24 d:/gun-tools/arm-embedded-tools/bin/../lib/gcc/arm-none-eabi/9.2.1/../../../../arm-none-eabi/lib/thumb/v7e-m+fp/hard\libg.a(lib_a-closer.o)
                0x0800bacc                _close_r
 .text._fclose_r
                0x0800baf0       0xcc d:/gun-tools/arm-embedded-tools/bin/../lib/gcc/arm-none-eabi/9.2.1/../../../../arm-none-eabi/lib/thumb/v7e-m+fp/hard\libg.a(lib_a-fclose.o)
                0x0800baf0                _fclose_r
 .text._fstat_r
                0x0800bbbc       0x2c d:/gun-tools/arm-embedded-tools/bin/../lib/gcc/arm-none-eabi/9.2.1/../../../../arm-none-eabi/lib/thumb/v7e-m+fp/hard\libg.a(lib_a-fstatr.o)
                0x0800bbbc                _fstat_r
 .text._isatty_r
                0x0800bbe8       0x24 d:/gun-tools/arm-embedded-tools/bin/../lib/gcc/arm-none-eabi/9.2.1/../../../../arm-none-eabi/lib/thumb/v7e-m+fp/hard\libg.a(lib_a-isattyr.o)
                0x0800bbe8                _isatty_r
 .text._lseek_r
                0x0800bc0c       0x2c d:/gun-tools/arm-embedded-tools/bin/../lib/gcc/arm-none-eabi/9.2.1/../../../../arm-none-eabi/lib/thumb/v7e-m+fp/hard\libg.a(lib_a-lseekr.o)
                0x0800bc0c                _lseek_r
 .text._read_r  0x0800bc38       0x2c d:/gun-tools/arm-embedded-tools/bin/../lib/gcc/arm-none-eabi/9.2.1/../../../../arm-none-eabi/lib/thumb/v7e-m+fp/hard\libg.a(lib_a-readr.o)
                0x0800bc38                _read_r
 *(.glue_7)
 .glue_7        0x0800bc64        0x0 linker stubs
 *(.glue_7t)
 .glue_7t       0x0800bc64        0x0 linker stubs
 *(.eh_frame)
 .eh_frame      0x0800bc64        0x0 d:/gun-tools/arm-embedded-tools/bin/../lib/gcc/arm-none-eabi/9.2.1/thumb/v7e-m+fp/hard/crtbegin.o
 *(.init)
 .init          0x0800bc64        0x4 d:/gun-tools/arm-embedded-tools/bin/../lib/gcc/arm-none-eabi/9.2.1/thumb/v7e-m+fp/hard/crti.o
                0x0800bc64                _init
 .init          0x0800bc68        0x8 d:/gun-tools/arm-embedded-tools/bin/../lib/gcc/arm-none-eabi/9.2.1/thumb/v7e-m+fp/hard/crtn.o
 *(.fini)
 .fini          0x0800bc70        0x4 d:/gun-tools/arm-embedded-tools/bin/../lib/gcc/arm-none-eabi/9.2.1/thumb/v7e-m+fp/hard/crti.o
                0x0800bc70                _fini
 .fini          0x0800bc74        0x8 d:/gun-tools/arm-embedded-tools/bin/../lib/gcc/arm-none-eabi/9.2.1/thumb/v7e-m+fp/hard/crtn.o
                0x0800bc7c                . = ALIGN (0x4)
                0x0800bc7c                _etext = .

.vfp11_veneer   0x0800bc7c        0x0
 .vfp11_veneer  0x0800bc7c        0x0 linker stubs

.v4_bx          0x0800bc7c        0x0
 .v4_bx         0x0800bc7c        0x0 linker stubs

.iplt           0x0800bc7c        0x0
 .iplt          0x0800bc7c        0x0 d:/gun-tools/arm-embedded-tools/bin/../lib/gcc/arm-none-eabi/9.2.1/thumb/v7e-m+fp/hard/crtbegin.o

.rodata         0x0800bc7c      0xe44
                0x0800bc7c                . = ALIGN (0x4)
 *(.rodata)
 *(.rodata*)
 .rodata.AHBPrescTable
                0x0800bc7c       0x10 CMakeFiles/smo.elf.dir/Core/Src/system_stm32g4xx.c.obj
                0x0800bc7c                AHBPrescTable
 .rodata.APBPrescTable
                0x0800bc8c        0x8 CMakeFiles/smo.elf.dir/Core/Src/system_stm32g4xx.c.obj
                0x0800bc8c                APBPrescTable
 .rodata.UARTPrescTable
                0x0800bc94       0x18 CMakeFiles/smo.elf.dir/Drivers/STM32G4xx_HAL_Driver/Src/stm32g4xx_hal_uart.c.obj
                0x0800bc94                UARTPrescTable
 .rodata.denominator.10239
                0x0800bcac        0x8 CMakeFiles/smo.elf.dir/Drivers/STM32G4xx_HAL_Driver/Src/stm32g4xx_hal_uart_ex.c.obj
 .rodata.numerator.10238
                0x0800bcb4        0x8 CMakeFiles/smo.elf.dir/Drivers/STM32G4xx_HAL_Driver/Src/stm32g4xx_hal_uart_ex.c.obj
 .rodata.prvucMBBIN2CHAR.str1.4
                0x0800bcbc       0x27 CMakeFiles/smo.elf.dir/modbus/ascii/mbascii.c.obj
 *fill*         0x0800bce3        0x1 
 .rodata.eMBASCIIReceive.str1.4
                0x0800bce4       0x25 CMakeFiles/smo.elf.dir/modbus/ascii/mbascii.c.obj
 *fill*         0x0800bd09        0x3 
 .rodata.xMBASCIIReceiveFSM.str1.4
                0x0800bd0c       0x1b CMakeFiles/smo.elf.dir/modbus/ascii/mbascii.c.obj
 *fill*         0x0800bd27        0x1 
 .rodata.xMBASCIITransmitFSM.str1.4
                0x0800bd28       0x1b CMakeFiles/smo.elf.dir/modbus/ascii/mbascii.c.obj
 *fill*         0x0800bd43        0x1 
 .rodata.xMBASCIITimerT1SExpired.str1.4
                0x0800bd44       0x44 CMakeFiles/smo.elf.dir/modbus/ascii/mbascii.c.obj
 .rodata.__func__.6690
                0x0800bd88       0x10 CMakeFiles/smo.elf.dir/modbus/ascii/mbascii.c.obj
 .rodata.__func__.6704
                0x0800bd98       0x13 CMakeFiles/smo.elf.dir/modbus/ascii/mbascii.c.obj
 *fill*         0x0800bdab        0x1 
 .rodata.__func__.6717
                0x0800bdac       0x14 CMakeFiles/smo.elf.dir/modbus/ascii/mbascii.c.obj
 .rodata.__func__.6734
                0x0800bdc0       0x18 CMakeFiles/smo.elf.dir/modbus/ascii/mbascii.c.obj
 .rodata.__func__.6741
                0x0800bdd8       0x10 CMakeFiles/smo.elf.dir/modbus/ascii/mbascii.c.obj
 .rodata.xMBUtilSetBits.str1.4
                0x0800bde8       0x37 CMakeFiles/smo.elf.dir/modbus/functions/mbutils.c.obj
 *fill*         0x0800be1f        0x1 
 .rodata.__func__.6609
                0x0800be20        0xf CMakeFiles/smo.elf.dir/modbus/functions/mbutils.c.obj
 *fill*         0x0800be2f        0x1 
 .rodata.aucCRCHi
                0x0800be30      0x100 CMakeFiles/smo.elf.dir/modbus/rtu/mbcrc.c.obj
 .rodata.aucCRCLo
                0x0800bf30      0x100 CMakeFiles/smo.elf.dir/modbus/rtu/mbcrc.c.obj
 .rodata.eMBRTUReceive.str1.4
                0x0800c030       0x1f CMakeFiles/smo.elf.dir/modbus/rtu/mbrtu.c.obj
                                 0x47 (size before relaxing)
 .rodata.xMBRTUReceiveFSM.str1.4
                0x0800c04f       0x1b CMakeFiles/smo.elf.dir/modbus/rtu/mbrtu.c.obj
 .rodata.xMBRTUTransmitFSM.str1.4
                0x0800c04f       0x1b CMakeFiles/smo.elf.dir/modbus/rtu/mbrtu.c.obj
 *fill*         0x0800c04f        0x1 
 .rodata.xMBRTUTimerT35Expired.str1.4
                0x0800c050       0x63 CMakeFiles/smo.elf.dir/modbus/rtu/mbrtu.c.obj
 *fill*         0x0800c0b3        0x1 
 .rodata.__func__.6677
                0x0800c0b4        0xe CMakeFiles/smo.elf.dir/modbus/rtu/mbrtu.c.obj
 *fill*         0x0800c0c2        0x2 
 .rodata.__func__.6690
                0x0800c0c4       0x11 CMakeFiles/smo.elf.dir/modbus/rtu/mbrtu.c.obj
 *fill*         0x0800c0d5        0x3 
 .rodata.__func__.6700
                0x0800c0d8       0x12 CMakeFiles/smo.elf.dir/modbus/rtu/mbrtu.c.obj
 *fill*         0x0800c0ea        0x2 
 .rodata.__func__.6713
                0x0800c0ec       0x16 CMakeFiles/smo.elf.dir/modbus/rtu/mbrtu.c.obj
 *fill*         0x0800c102        0x2 
 .rodata.sinTable_f32
                0x0800c104      0x804 D:\BLDC\smo\Middlewares\ST\ARM\DSP\Lib\libarm_cortexM4lf_math.a(arm_common_tables.o)
                0x0800c104                sinTable_f32
 .rodata.fmodf.str1.4
                0x0800c908        0x6 d:/gun-tools/arm-embedded-tools/bin/../lib/gcc/arm-none-eabi/9.2.1/../../../../arm-none-eabi/lib/thumb/v7e-m+fp/hard\libm.a(lib_a-wf_fmod.o)
 *fill*         0x0800c90e        0x2 
 .rodata.Zero   0x0800c910        0x8 d:/gun-tools/arm-embedded-tools/bin/../lib/gcc/arm-none-eabi/9.2.1/../../../../arm-none-eabi/lib/thumb/v7e-m+fp/hard\libm.a(lib_a-ef_fmod.o)
 .rodata.__assert_func.str1.4
                0x0800c918       0x3f d:/gun-tools/arm-embedded-tools/bin/../lib/gcc/arm-none-eabi/9.2.1/../../../../arm-none-eabi/lib/thumb/v7e-m+fp/hard\libg.a(lib_a-assert.o)
                                 0x43 (size before relaxing)
 *fill*         0x0800c957        0x1 
 .rodata._global_impure_ptr
                0x0800c958        0x4 d:/gun-tools/arm-embedded-tools/bin/../lib/gcc/arm-none-eabi/9.2.1/../../../../arm-none-eabi/lib/thumb/v7e-m+fp/hard\libg.a(lib_a-impure.o)
                0x0800c958                _global_impure_ptr
 .rodata._vfiprintf_r.str1.4
                0x0800c95c       0x2f d:/gun-tools/arm-embedded-tools/bin/../lib/gcc/arm-none-eabi/9.2.1/../../../../arm-none-eabi/lib/thumb/v7e-m+fp/hard\libg.a(lib_a-vfiprintf.o)
 *fill*         0x0800c98b        0x1 
 .rodata.blanks.8701
                0x0800c98c       0x10 d:/gun-tools/arm-embedded-tools/bin/../lib/gcc/arm-none-eabi/9.2.1/../../../../arm-none-eabi/lib/thumb/v7e-m+fp/hard\libg.a(lib_a-vfiprintf.o)
 .rodata.zeroes.8702
                0x0800c99c       0x10 d:/gun-tools/arm-embedded-tools/bin/../lib/gcc/arm-none-eabi/9.2.1/../../../../arm-none-eabi/lib/thumb/v7e-m+fp/hard\libg.a(lib_a-vfiprintf.o)
 .rodata._setlocale_r.str1.4
                0x0800c9ac        0xa d:/gun-tools/arm-embedded-tools/bin/../lib/gcc/arm-none-eabi/9.2.1/../../../../arm-none-eabi/lib/thumb/v7e-m+fp/hard\libg.a(lib_a-locale.o)
                                  0xd (size before relaxing)
 *fill*         0x0800c9b6        0x2 
 .rodata.str1.4
                0x0800c9b8        0x2 d:/gun-tools/arm-embedded-tools/bin/../lib/gcc/arm-none-eabi/9.2.1/../../../../arm-none-eabi/lib/thumb/v7e-m+fp/hard\libg.a(lib_a-locale.o)
 *fill*         0x0800c9ba        0x2 
 .rodata._ctype_
                0x0800c9bc      0x101 d:/gun-tools/arm-embedded-tools/bin/../lib/gcc/arm-none-eabi/9.2.1/../../../../arm-none-eabi/lib/thumb/v7e-m+fp/hard\libg.a(lib_a-ctype_.o)
                0x0800c9bc                _ctype_
                0x0800cac0                . = ALIGN (0x4)
 *fill*         0x0800cabd        0x3 

.ARM.extab      0x0800cac0        0x0
                0x0800cac0                . = ALIGN (0x4)
 *(.ARM.extab* .gnu.linkonce.armextab.*)
                0x0800cac0                . = ALIGN (0x4)

.ARM            0x0800cac0        0x8
                0x0800cac0                . = ALIGN (0x4)
                0x0800cac0                __exidx_start = .
 *(.ARM.exidx*)
 .ARM.exidx     0x0800cac0        0x8 d:/gun-tools/arm-embedded-tools/bin/../lib/gcc/arm-none-eabi/9.2.1/thumb/v7e-m+fp/hard\libgcc.a(_udivmoddi4.o)
                0x0800cac8                __exidx_end = .
                0x0800cac8                . = ALIGN (0x4)

.rel.dyn        0x0800cac8        0x0
 .rel.iplt      0x0800cac8        0x0 d:/gun-tools/arm-embedded-tools/bin/../lib/gcc/arm-none-eabi/9.2.1/thumb/v7e-m+fp/hard/crtbegin.o

.preinit_array  0x0800cac8        0x0
                0x0800cac8                . = ALIGN (0x4)
                0x0800cac8                PROVIDE (__preinit_array_start = .)
 *(.preinit_array*)
                0x0800cac8                PROVIDE (__preinit_array_end = .)
                0x0800cac8                . = ALIGN (0x4)

.init_array     0x0800cac8        0x8
                0x0800cac8                . = ALIGN (0x4)
                0x0800cac8                PROVIDE (__init_array_start = .)
 *(SORT_BY_NAME(.init_array.*))
 .init_array.00000
                0x0800cac8        0x4 d:/gun-tools/arm-embedded-tools/bin/../lib/gcc/arm-none-eabi/9.2.1/../../../../arm-none-eabi/lib/thumb/v7e-m+fp/hard\libg.a(lib_a-__call_atexit.o)
 *(.init_array*)
 .init_array    0x0800cacc        0x4 d:/gun-tools/arm-embedded-tools/bin/../lib/gcc/arm-none-eabi/9.2.1/thumb/v7e-m+fp/hard/crtbegin.o
                0x0800cad0                PROVIDE (__init_array_end = .)
                0x0800cad0                . = ALIGN (0x4)

.fini_array     0x0800cad0        0x4
                0x0800cad0                . = ALIGN (0x4)
                0x0800cad0                PROVIDE (__fini_array_start = .)
 *(SORT_BY_NAME(.fini_array.*))
 *(.fini_array*)
 .fini_array    0x0800cad0        0x4 d:/gun-tools/arm-embedded-tools/bin/../lib/gcc/arm-none-eabi/9.2.1/thumb/v7e-m+fp/hard/crtbegin.o
                0x0800cad4                PROVIDE (__fini_array_end = .)
                0x0800cad4                . = ALIGN (0x4)
                0x0800cad4                _sidata = LOADADDR (.data)

.data           0x20000000      0xa58 load address 0x0800cad4
                0x20000000                . = ALIGN (0x4)
                0x20000000                _sdata = .
 *(.data)
 *(.data*)
 .data.SystemCoreClock
                0x20000000        0x4 CMakeFiles/smo.elf.dir/Core/Src/system_stm32g4xx.c.obj
                0x20000000                SystemCoreClock
 .data.uwTickFreq
                0x20000004        0x4 CMakeFiles/smo.elf.dir/Drivers/STM32G4xx_HAL_Driver/Src/stm32g4xx_hal.c.obj
                0x20000004                uwTickFreq
 .data.uwTickPrio
                0x20000008        0x4 CMakeFiles/smo.elf.dir/Drivers/STM32G4xx_HAL_Driver/Src/stm32g4xx_hal.c.obj
                0x20000008                uwTickPrio
 .data.eMBState
                0x2000000c        0x1 CMakeFiles/smo.elf.dir/modbus/mb.c.obj
 *fill*         0x2000000d        0x3 
 .data.xFuncHandlers
                0x20000010       0x80 CMakeFiles/smo.elf.dir/modbus/mb.c.obj
 .data.ucRegDiscreteBuf
                0x20000090        0x2 CMakeFiles/smo.elf.dir/modbus/port.c.obj
                0x20000090                ucRegDiscreteBuf
 *fill*         0x20000092        0x2 
 .data.usRegInputBuf
                0x20000094       0x10 CMakeFiles/smo.elf.dir/modbus/port.c.obj
                0x20000094                usRegInputBuf
 .data.__fdlib_version
                0x200000a4        0x1 d:/gun-tools/arm-embedded-tools/bin/../lib/gcc/arm-none-eabi/9.2.1/../../../../arm-none-eabi/lib/thumb/v7e-m+fp/hard\libm.a(lib_a-s_lib_ver.o)
                0x200000a4                __fdlib_version
 *fill*         0x200000a5        0x3 
 .data._impure_ptr
                0x200000a8        0x4 d:/gun-tools/arm-embedded-tools/bin/../lib/gcc/arm-none-eabi/9.2.1/../../../../arm-none-eabi/lib/thumb/v7e-m+fp/hard\libg.a(lib_a-impure.o)
                0x200000a8                _impure_ptr
 *fill*         0x200000ac        0x4 
 .data.impure_data
                0x200000b0      0x428 d:/gun-tools/arm-embedded-tools/bin/../lib/gcc/arm-none-eabi/9.2.1/../../../../arm-none-eabi/lib/thumb/v7e-m+fp/hard\libg.a(lib_a-impure.o)
 .data.__atexit_recursive_mutex
                0x200004d8        0x4 d:/gun-tools/arm-embedded-tools/bin/../lib/gcc/arm-none-eabi/9.2.1/../../../../arm-none-eabi/lib/thumb/v7e-m+fp/hard\libg.a(lib_a-__call_atexit.o)
                0x200004d8                __atexit_recursive_mutex
 .data.__global_locale
                0x200004dc      0x16c d:/gun-tools/arm-embedded-tools/bin/../lib/gcc/arm-none-eabi/9.2.1/../../../../arm-none-eabi/lib/thumb/v7e-m+fp/hard\libg.a(lib_a-locale.o)
                0x200004dc                __global_locale
 .data.__malloc_av_
                0x20000648      0x408 d:/gun-tools/arm-embedded-tools/bin/../lib/gcc/arm-none-eabi/9.2.1/../../../../arm-none-eabi/lib/thumb/v7e-m+fp/hard\libg.a(lib_a-mallocr.o)
                0x20000648                __malloc_av_
 .data.__malloc_sbrk_base
                0x20000a50        0x4 d:/gun-tools/arm-embedded-tools/bin/../lib/gcc/arm-none-eabi/9.2.1/../../../../arm-none-eabi/lib/thumb/v7e-m+fp/hard\libg.a(lib_a-mallocr.o)
                0x20000a50                __malloc_sbrk_base
 .data.__malloc_trim_threshold
                0x20000a54        0x4 d:/gun-tools/arm-embedded-tools/bin/../lib/gcc/arm-none-eabi/9.2.1/../../../../arm-none-eabi/lib/thumb/v7e-m+fp/hard\libg.a(lib_a-mallocr.o)
                0x20000a54                __malloc_trim_threshold
 *(.RamFunc)
 *(.RamFunc*)
                0x20000a58                . = ALIGN (0x4)
                0x20000a58                _edata = .

.igot.plt       0x20000a58        0x0 load address 0x0800d52c
 .igot.plt      0x20000a58        0x0 d:/gun-tools/arm-embedded-tools/bin/../lib/gcc/arm-none-eabi/9.2.1/thumb/v7e-m+fp/hard/crtbegin.o
                0x20000a58                . = ALIGN (0x4)

.bss            0x20000a58      0x8b4 load address 0x0800d52c
                0x20000a58                _sbss = .
                0x20000a58                __bss_start__ = _sbss
 *(.bss)
 .bss           0x20000a58       0x1c d:/gun-tools/arm-embedded-tools/bin/../lib/gcc/arm-none-eabi/9.2.1/thumb/v7e-m+fp/hard/crtbegin.o
 *(.bss*)
 .bss.SMO_Controller
                0x20000a74       0x4c CMakeFiles/smo.elf.dir/BSP/source/SMO.c.obj
                0x20000a74                SMO_Controller
 .bss.idParam   0x20000ac0       0x20 CMakeFiles/smo.elf.dir/BSP/source/currentPid.c.obj
                0x20000ac0                idParam
 .bss.iqParam   0x20000ae0       0x20 CMakeFiles/smo.elf.dir/BSP/source/currentPid.c.obj
                0x20000ae0                iqParam
 .bss.hfiParam  0x20000b00       0x48 CMakeFiles/smo.elf.dir/BSP/source/hfi.c.obj
                0x20000b00                hfiParam
 .bss.currentSpeed
                0x20000b48        0x4 CMakeFiles/smo.elf.dir/BSP/source/if.c.obj
 .bss.motor_state
                0x20000b4c        0x1 CMakeFiles/smo.elf.dir/BSP/source/if.c.obj
 *fill*         0x20000b4d        0x3 
 .bss.state_counter
                0x20000b50        0x4 CMakeFiles/smo.elf.dir/BSP/source/if.c.obj