Archive member included to satisfy reference by file (symbol)

D:\BLDC\smo\Middlewares\ST\ARM\DSP\Lib\libarm_cortexM4lf_math.a(arm_sin_cos_f32.o)
                              CMakeFiles/smo.elf.dir/BSP/source/SMO.c.obj (arm_sin_cos_f32)
D:\BLDC\smo\Middlewares\ST\ARM\DSP\Lib\libarm_cortexM4lf_math.a(arm_sin_f32.o)
                              CMakeFiles/smo.elf.dir/BSP/source/svpwm.c.obj (arm_sin_f32)
D:\BLDC\smo\Middlewares\ST\ARM\DSP\Lib\libarm_cortexM4lf_math.a(arm_cos_f32.o)
                              CMakeFiles/smo.elf.dir/BSP/source/svpwm.c.obj (arm_cos_f32)
D:\BLDC\smo\Middlewares\ST\ARM\DSP\Lib\libarm_cortexM4lf_math.a(arm_common_tables.o)
                              D:\BLDC\smo\Middlewares\ST\ARM\DSP\Lib\libarm_cortexM4lf_math.a(arm_sin_cos_f32.o) (sinTable_f32)
d:/gun-tools/arm-embedded-tools/bin/../lib/gcc/arm-none-eabi/9.2.1/../../../../arm-none-eabi/lib/thumb/v7e-m+fp/hard\libm.a(lib_a-sf_fmax.o)
                              CMakeFiles/smo.elf.dir/BSP/source/svpwm.c.obj (fmaxf)
d:/gun-tools/arm-embedded-tools/bin/../lib/gcc/arm-none-eabi/9.2.1/../../../../arm-none-eabi/lib/thumb/v7e-m+fp/hard\libm.a(lib_a-sf_fmin.o)
                              CMakeFiles/smo.elf.dir/BSP/source/svpwm.c.obj (fminf)
d:/gun-tools/arm-embedded-tools/bin/../lib/gcc/arm-none-eabi/9.2.1/../../../../arm-none-eabi/lib/thumb/v7e-m+fp/hard\libm.a(lib_a-sf_fpclassify.o)
                              d:/gun-tools/arm-embedded-tools/bin/../lib/gcc/arm-none-eabi/9.2.1/../../../../arm-none-eabi/lib/thumb/v7e-m+fp/hard\libm.a(lib_a-sf_fmax.o) (__fpclassifyf)
d:/gun-tools/arm-embedded-tools/bin/../lib/gcc/arm-none-eabi/9.2.1/thumb/v7e-m+fp/hard\libgcc.a(_aeabi_uldivmod.o)
                              CMakeFiles/smo.elf.dir/Drivers/STM32G4xx_HAL_Driver/Src/stm32g4xx_hal_uart.c.obj (__aeabi_uldivmod)
d:/gun-tools/arm-embedded-tools/bin/../lib/gcc/arm-none-eabi/9.2.1/thumb/v7e-m+fp/hard\libgcc.a(_udivmoddi4.o)
                              d:/gun-tools/arm-embedded-tools/bin/../lib/gcc/arm-none-eabi/9.2.1/thumb/v7e-m+fp/hard\libgcc.a(_aeabi_uldivmod.o) (__udivmoddi4)
d:/gun-tools/arm-embedded-tools/bin/../lib/gcc/arm-none-eabi/9.2.1/thumb/v7e-m+fp/hard\libgcc.a(unwind-arm.o)
                              CMakeFiles/smo.elf.dir/BSP/source/XMODEM.C.obj (__aeabi_unwind_cpp_pr0)
d:/gun-tools/arm-embedded-tools/bin/../lib/gcc/arm-none-eabi/9.2.1/thumb/v7e-m+fp/hard\libgcc.a(libunwind.o)
                              d:/gun-tools/arm-embedded-tools/bin/../lib/gcc/arm-none-eabi/9.2.1/thumb/v7e-m+fp/hard\libgcc.a(unwind-arm.o) (restore_core_regs)
d:/gun-tools/arm-embedded-tools/bin/../lib/gcc/arm-none-eabi/9.2.1/thumb/v7e-m+fp/hard\libgcc.a(pr-support.o)
                              d:/gun-tools/arm-embedded-tools/bin/../lib/gcc/arm-none-eabi/9.2.1/thumb/v7e-m+fp/hard\libgcc.a(unwind-arm.o) (__gnu_unwind_execute)
d:/gun-tools/arm-embedded-tools/bin/../lib/gcc/arm-none-eabi/9.2.1/thumb/v7e-m+fp/hard\libgcc.a(_dvmd_tls.o)
                              d:/gun-tools/arm-embedded-tools/bin/../lib/gcc/arm-none-eabi/9.2.1/thumb/v7e-m+fp/hard\libgcc.a(_aeabi_uldivmod.o) (__aeabi_ldiv0)
d:/gun-tools/arm-embedded-tools/bin/../lib/gcc/arm-none-eabi/9.2.1/../../../../arm-none-eabi/lib/thumb/v7e-m+fp/hard\libg.a(lib_a-abort.o)
                              d:/gun-tools/arm-embedded-tools/bin/../lib/gcc/arm-none-eabi/9.2.1/thumb/v7e-m+fp/hard\libgcc.a(unwind-arm.o) (abort)
d:/gun-tools/arm-embedded-tools/bin/../lib/gcc/arm-none-eabi/9.2.1/../../../../arm-none-eabi/lib/thumb/v7e-m+fp/hard\libg.a(lib_a-assert.o)
                              CMakeFiles/smo.elf.dir/modbus/ascii/mbascii.c.obj (__assert_func)
d:/gun-tools/arm-embedded-tools/bin/../lib/gcc/arm-none-eabi/9.2.1/../../../../arm-none-eabi/lib/thumb/v7e-m+fp/hard\libg.a(lib_a-errno.o)
                              CMakeFiles/smo.elf.dir/Core/Src/syscalls.c.obj (__errno)
d:/gun-tools/arm-embedded-tools/bin/../lib/gcc/arm-none-eabi/9.2.1/../../../../arm-none-eabi/lib/thumb/v7e-m+fp/hard\libg.a(lib_a-exit.o)
                              d:/gun-tools/arm-embedded-tools/bin/../lib/gcc/arm-none-eabi/9.2.1/../../../../arm-none-eabi/lib/thumb/v7e-m+fp/hard/crt0.o (exit)
d:/gun-tools/arm-embedded-tools/bin/../lib/gcc/arm-none-eabi/9.2.1/../../../../arm-none-eabi/lib/thumb/v7e-m+fp/hard\libg.a(lib_a-fiprintf.o)
                              d:/gun-tools/arm-embedded-tools/bin/../lib/gcc/arm-none-eabi/9.2.1/../../../../arm-none-eabi/lib/thumb/v7e-m+fp/hard\libg.a(lib_a-assert.o) (fiprintf)
d:/gun-tools/arm-embedded-tools/bin/../lib/gcc/arm-none-eabi/9.2.1/../../../../arm-none-eabi/lib/thumb/v7e-m+fp/hard\libg.a(lib_a-impure.o)
                              d:/gun-tools/arm-embedded-tools/bin/../lib/gcc/arm-none-eabi/9.2.1/../../../../arm-none-eabi/lib/thumb/v7e-m+fp/hard\libg.a(lib_a-exit.o) (_global_impure_ptr)
d:/gun-tools/arm-embedded-tools/bin/../lib/gcc/arm-none-eabi/9.2.1/../../../../arm-none-eabi/lib/thumb/v7e-m+fp/hard\libg.a(lib_a-init.o)
[...]
Memory Configuration

Name             Origin             Length             Attributes
RAM              0x20000000         0x00008000         xrw
FLASH            0x08000000         0x00020000         xr
*default*        0x00000000         0xffffffff

Linker script and memory map

LOAD d:/gun-tools/arm-embedded-tools/bin/../lib/gcc/arm-none-eabi/9.2.1/thumb/v7e-m+fp/hard/crti.o
LOAD d:/gun-tools/arm-embedded-tools/bin/../lib/gcc/arm-none-eabi/9.2.1/thumb/v7e-m+fp/hard/crtbegin.o
LOAD d:/gun-tools/arm-embedded-tools/bin/../lib/gcc/arm-none-eabi/9.2.1/../../../../arm-none-eabi/lib/thumb/v7e-m+fp/hard/crt0.o
LOAD CMakeFiles/smo.elf.dir/BSP/source/SMO.c.obj
LOAD CMakeFiles/smo.elf.dir/BSP/source/XMODEM.C.obj
LOAD CMakeFiles/smo.elf.dir/BSP/source/communication.c.obj
LOAD CMakeFiles/smo.elf.dir/BSP/source/currentPid.c.obj
LOAD CMakeFiles/smo.elf.dir/BSP/source/if.c.obj
LOAD CMakeFiles/smo.elf.dir/BSP/source/key.c.obj
LOAD CMakeFiles/smo.elf.dir/BSP/source/led.c.obj
LOAD CMakeFiles/smo.elf.dir/BSP/source/param.c.obj
LOAD CMakeFiles/smo.elf.dir/BSP/source/speedPid.c.obj
LOAD CMakeFiles/smo.elf.dir/BSP/source/svpwm.c.obj
LOAD CMakeFiles/smo.elf.dir/Core/Src/adc.c.obj
LOAD CMakeFiles/smo.elf.dir/Core/Src/comp.c.obj
LOAD CMakeFiles/smo.elf.dir/Core/Src/dac.c.obj
LOAD CMakeFiles/smo.elf.dir/Core/Src/dma.c.obj
LOAD CMakeFiles/smo.elf.dir/Core/Src/fdcan.c.obj
LOAD CMakeFiles/smo.elf.dir/Core/Src/gpio.c.obj
LOAD CMakeFiles/smo.elf.dir/Core/Src/main.c.obj
LOAD CMakeFiles/smo.elf.dir/Core/Src/opamp.c.obj
LOAD CMakeFiles/smo.elf.dir/Core/Src/stm32g4xx_hal_msp.c.obj
LOAD CMakeFiles/smo.elf.dir/Core/Src/stm32g4xx_it.c.obj
LOAD CMakeFiles/smo.elf.dir/Core/Src/syscalls.c.obj
LOAD CMakeFiles/smo.elf.dir/Core/Src/sysmem.c.obj
LOAD CMakeFiles/smo.elf.dir/Core/Src/system_stm32g4xx.c.obj
LOAD CMakeFiles/smo.elf.dir/Core/Src/tim.c.obj
LOAD CMakeFiles/smo.elf.dir/Core/Src/usart.c.obj
LOAD CMakeFiles/smo.elf.dir/Core/Startup/startup_stm32g431cbux.s.obj
LOAD CMakeFiles/smo.elf.dir/Drivers/STM32G4xx_HAL_Driver/Src/stm32g4xx_hal.c.obj
LOAD CMakeFiles/smo.elf.dir/Drivers/STM32G4xx_HAL_Driver/Src/stm32g4xx_hal_adc.c.obj
LOAD CMakeFiles/smo.elf.dir/Drivers/STM32G4xx_HAL_Driver/Src/stm32g4xx_hal_adc_ex.c.obj
LOAD CMakeFiles/smo.elf.dir/Drivers/STM32G4xx_HAL_Driver/Src/stm32g4xx_hal_comp.c.obj
LOAD CMakeFiles/smo.elf.dir/Drivers/STM32G4xx_HAL_Driver/Src/stm32g4xx_hal_cortex.c.obj
LOAD CMakeFiles/smo.elf.dir/Drivers/STM32G4xx_HAL_Driver/Src/stm32g4xx_hal_dac.c.obj
LOAD CMakeFiles/smo.elf.dir/Drivers/STM32G4xx_HAL_Driver/Src/stm32g4xx_hal_dac_ex.c.obj
LOAD CMakeFiles/smo.elf.dir/Drivers/STM32G4xx_HAL_Driver/Src/stm32g4xx_hal_dma.c.obj
LOAD CMakeFiles/smo.elf.dir/Drivers/STM32G4xx_HAL_Driver/Src/stm32g4xx_hal_dma_ex.c.obj
LOAD CMakeFiles/smo.elf.dir/Drivers/STM32G4xx_HAL_Driver/Src/stm32g4xx_hal_exti.c.obj
LOAD CMakeFiles/smo.elf.dir/Drivers/STM32G4xx_HAL_Driver/Src/stm32g4xx_hal_fdcan.c.obj
LOAD CMakeFiles/smo.elf.dir/Drivers/STM32G4xx_HAL_Driver/Src/stm32g4xx_hal_flash.c.obj
LOAD CMakeFiles/smo.elf.dir/Drivers/STM32G4xx_HAL_Driver/Src/stm32g4xx_hal_flash_ex.c.obj
LOAD CMakeFiles/smo.elf.dir/Drivers/STM32G4xx_HAL_Driver/Src/stm32g4xx_hal_flash_ramfunc.c.obj
LOAD CMakeFiles/smo.elf.dir/Drivers/STM32G4xx_HAL_Driver/Src/stm32g4xx_hal_gpio.c.obj
LOAD CMakeFiles/smo.elf.dir/Drivers/STM32G4xx_HAL_Driver/Src/stm32g4xx_hal_opamp.c.obj
LOAD CMakeFiles/smo.elf.dir/Drivers/STM32G4xx_HAL_Driver/Src/stm32g4xx_hal_opamp_ex.c.obj
LOAD CMakeFiles/smo.elf.dir/Drivers/STM32G4xx_HAL_Driver/Src/stm32g4xx_hal_pwr.c.obj
LOAD CMakeFiles/smo.elf.dir/Drivers/STM32G4xx_HAL_Driver/Src/stm32g4xx_hal_pwr_ex.c.obj
LOAD CMakeFiles/smo.elf.dir/Drivers/STM32G4xx_HAL_Driver/Src/stm32g4xx_hal_rcc.c.obj
LOAD CMakeFiles/smo.elf.dir/Drivers/STM32G4xx_HAL_Driver/Src/stm32g4xx_hal_rcc_ex.c.obj
LOAD CMakeFiles/smo.elf.dir/Drivers/STM32G4xx_HAL_Driver/Src/stm32g4xx_hal_tim.c.obj
LOAD CMakeFiles/smo.elf.dir/Drivers/STM32G4xx_HAL_Driver/Src/stm32g4xx_hal_tim_ex.c.obj
LOAD CMakeFiles/smo.elf.dir/Drivers/STM32G4xx_HAL_Driver/Src/stm32g4xx_hal_uart.c.obj
LOAD CMakeFiles/smo.elf.dir/Drivers/STM32G4xx_HAL_Driver/Src/stm32g4xx_hal_uart_ex.c.obj
LOAD CMakeFiles/smo.elf.dir/Drivers/STM32G4xx_HAL_Driver/Src/stm32g4xx_ll_adc.c.obj
LOAD CMakeFiles/smo.elf.dir/modbus/ascii/mbascii.c.obj
LOAD CMakeFiles/smo.elf.dir/modbus/functions/mbfunccoils.c.obj
LOAD CMakeFiles/smo.elf.dir/modbus/functions/mbfuncdiag.c.obj
LOAD CMakeFiles/smo.elf.dir/modbus/functions/mbfuncdisc.c.obj
LOAD CMakeFiles/smo.elf.dir/modbus/functions/mbfuncholding.c.obj
LOAD CMakeFiles/smo.elf.dir/modbus/functions/mbfuncinput.c.obj
LOAD CMakeFiles/smo.elf.dir/modbus/functions/mbfuncother.c.obj
LOAD CMakeFiles/smo.elf.dir/modbus/functions/mbutils.c.obj
LOAD CMakeFiles/smo.elf.dir/modbus/mb.c.obj
LOAD CMakeFiles/smo.elf.dir/modbus/port.c.obj
LOAD CMakeFiles/smo.elf.dir/modbus/portevent.c.obj
LOAD CMakeFiles/smo.elf.dir/modbus/portserial.c.obj
LOAD CMakeFiles/smo.elf.dir/modbus/porttimer.c.obj
LOAD CMakeFiles/smo.elf.dir/modbus/rtu/mbcrc.c.obj
LOAD CMakeFiles/smo.elf.dir/modbus/rtu/mbrtu.c.obj
LOAD CMakeFiles/smo.elf.dir/modbus/tcp/mbtcp.c.obj
LOAD D:\BLDC\smo\Middlewares\ST\ARM\DSP\Lib\libarm_cortexM4lf_math.a
LOAD d:/gun-tools/arm-embedded-tools/bin/../lib/gcc/arm-none-eabi/9.2.1/../../../../arm-none-eabi/lib/thumb/v7e-m+fp/hard\libstdc++.a
LOAD d:/gun-tools/arm-embedded-tools/bin/../lib/gcc/arm-none-eabi/9.2.1/../../../../arm-none-eabi/lib/thumb/v7e-m+fp/hard\libm.a
START GROUP
LOAD d:/gun-tools/arm-embedded-tools/bin/../lib/gcc/arm-none-eabi/9.2.1/thumb/v7e-m+fp/hard\libgcc.a
LOAD d:/gun-tools/arm-embedded-tools/bin/../lib/gcc/arm-none-eabi/9.2.1/../../../../arm-none-eabi/lib/thumb/v7e-m+fp/hard\libg.a
LOAD d:/gun-tools/arm-embedded-tools/bin/../lib/gcc/arm-none-eabi/9.2.1/../../../../arm-none-eabi/lib/thumb/v7e-m+fp/hard\libc.a
END GROUP
LOAD d:/gun-tools/arm-embedded-tools/bin/../lib/gcc/arm-none-eabi/9.2.1/thumb/v7e-m+fp/hard/crtend.o
LOAD d:/gun-tools/arm-embedded-tools/bin/../lib/gcc/arm-none-eabi/9.2.1/thumb/v7e-m+fp/hard/crtn.o
                0x20008000                _estack = (ORIGIN (RAM) + LENGTH (RAM))
                0x00000200                _Min_Heap_Size = 0x200
                0x00000400                _Min_Stack_Size = 0x400

.isr_vector     0x08000000      0x1d8
                0x08000000                . = ALIGN (0x4)
 *(.isr_vector)
 .isr_vector    0x08000000      0x1d8 CMakeFiles/smo.elf.dir/Core/Startup/startup_stm32g431cbux.s.obj
                0x08000000                g_pfnVectors
                0x080001d8                . = ALIGN (0x4)

.text           0x08000200     0xac88
                0x08000200                . = ALIGN (0x4)
 *(.text)
 .text          0x08000200       0x40 d:/gun-tools/arm-embedded-tools/bin/../lib/gcc/arm-none-eabi/9.2.1/thumb/v7e-m+fp/hard/crtbegin.o
 .text          0x08000240       0x30 d:/gun-tools/arm-embedded-tools/bin/../lib/gcc/arm-none-eabi/9.2.1/thumb/v7e-m+fp/hard\libgcc.a(_aeabi_uldivmod.o)
                0x08000240                __aeabi_uldivmod
 .text          0x08000270      0x2c4 d:/gun-tools/arm-embedded-tools/bin/../lib/gcc/arm-none-eabi/9.2.1/thumb/v7e-m+fp/hard\libgcc.a(_udivmoddi4.o)
                0x08000270                __udivmoddi4
 .text          0x08000534        0x4 d:/gun-tools/arm-embedded-tools/bin/../lib/gcc/arm-none-eabi/9.2.1/thumb/v7e-m+fp/hard\libgcc.a(_dvmd_tls.o)
                0x08000534                __aeabi_idiv0
                0x08000534                __aeabi_ldiv0
 .text          0x08000538      0x134 d:/gun-tools/arm-embedded-tools/bin/../lib/gcc/arm-none-eabi/9.2.1/../../../../arm-none-eabi/lib/thumb/v7e-m+fp/hard\libg.a(lib_a-memcpy.o)
                0x08000538                memcpy
 *fill*         0x0800066c        0x4 
 .text          0x08000670       0xa0 d:/gun-tools/arm-embedded-tools/bin/../lib/gcc/arm-none-eabi/9.2.1/../../../../arm-none-eabi/lib/thumb/v7e-m+fp/hard\libg.a(lib_a-memchr.o)
                0x08000670                memchr
 *fill*         0x08000710       0x30 
 .text          0x08000740       0xdc d:/gun-tools/arm-embedded-tools/bin/../lib/gcc/arm-none-eabi/9.2.1/../../../../arm-none-eabi/lib/thumb/v7e-m+fp/hard\libg.a(lib_a-strlen.o)
                0x08000740                strlen
 *(.text*)
 .text.saturation
                0x0800081c       0x5c CMakeFiles/smo.elf.dir/BSP/source/SMO.c.obj
                0x0800081c                saturation
 .text.Estimator_Init
                0x08000878       0x80 CMakeFiles/smo.elf.dir/BSP/source/SMO.c.obj
                0x08000878                Estimator_Init
 .text.Estimator_Step
                0x080008f8      0x1b8 CMakeFiles/smo.elf.dir/BSP/source/SMO.c.obj
                0x080008f8                Estimator_Step
 .text.currentPidStep
                0x08000ab0       0x68 CMakeFiles/smo.elf.dir/BSP/source/currentPid.c.obj
 .text.currentPidParamInit
                0x08000b18       0x8c CMakeFiles/smo.elf.dir/BSP/source/currentPid.c.obj
                0x08000b18                currentPidParamInit
 .text.setIdRef
                0x08000ba4        0x6 CMakeFiles/smo.elf.dir/BSP/source/currentPid.c.obj
                0x08000ba4                setIdRef
 .text.setIdFdk
                0x08000baa        0x6 CMakeFiles/smo.elf.dir/BSP/source/currentPid.c.obj
                0x08000baa                setIdFdk
 .text.setIqRef
                0x08000bb0        0x6 CMakeFiles/smo.elf.dir/BSP/source/currentPid.c.obj
                0x08000bb0                setIqRef
 .text.setIqFdk
                0x08000bb6        0x6 CMakeFiles/smo.elf.dir/BSP/source/currentPid.c.obj
                0x08000bb6                setIqFdk
 .text.currentPidCalculate
                0x08000bbc       0x2c CMakeFiles/smo.elf.dir/BSP/source/currentPid.c.obj
                0x08000bbc                currentPidCalculate
 .text.absf     0x08000be8       0x12 CMakeFiles/smo.elf.dir/BSP/source/if.c.obj
 *fill*         0x08000bfa        0x2 
 .text.ifStep   0x08000bfc      0x374 CMakeFiles/smo.elf.dir/BSP/source/if.c.obj
                0x08000bfc                ifStep
 .text.HAL_GPIO_EXTI_Callback
                0x08000f70       0x80 CMakeFiles/smo.elf.dir/BSP/source/key.c.obj
                0x08000f70                HAL_GPIO_EXTI_Callback
 .text.led1Ctrl
                0x08000ff0       0x18 CMakeFiles/smo.elf.dir/BSP/source/led.c.obj
                0x08000ff0                led1Ctrl
 .text.paramInit
                0x08001008       0x38 CMakeFiles/smo.elf.dir/BSP/source/param.c.obj
                0x08001008                paramInit
 .text.speedPidStep
                0x08001040       0x40 CMakeFiles/smo.elf.dir/BSP/source/speedPid.c.obj
 .text.speedPidParamInit
                0x08001080       0x2c CMakeFiles/smo.elf.dir/BSP/source/speedPid.c.obj
                0x08001080                speedPidParamInit
 .text.setSpeedRef
                0x080010ac       0x14 CMakeFiles/smo.elf.dir/BSP/source/speedPid.c.obj
                0x080010ac                setSpeedRef
 .text.setSpeedFdk
                0x080010c0        0x6 CMakeFiles/smo.elf.dir/BSP/source/speedPid.c.obj
                0x080010c0                setSpeedFdk
 *fill*         0x080010c6        0x2 
 .text.speedPidCalculate
                0x080010c8       0x10 CMakeFiles/smo.elf.dir/BSP/source/speedPid.c.obj
                0x080010c8                speedPidCalculate
 .text.svpwmParamInit
                0x080010d8       0x14 CMakeFiles/smo.elf.dir/BSP/source/svpwm.c.obj
                0x080010d8                svpwmParamInit
 .text.antiClarkConvert
                0x080010ec       0x38 CMakeFiles/smo.elf.dir/BSP/source/svpwm.c.obj
                0x080010ec                antiClarkConvert
 .text.antiParkConvert
                0x08001124       0x64 CMakeFiles/smo.elf.dir/BSP/source/svpwm.c.obj
                0x08001124                antiParkConvert
 .text.clarkConvert
                0x08001188       0x28 CMakeFiles/smo.elf.dir/BSP/source/svpwm.c.obj
                0x08001188                clarkConvert
 .text.parkConvert
                0x080011b0       0x64 CMakeFiles/smo.elf.dir/BSP/source/svpwm.c.obj
                0x080011b0                parkConvert
 .text.svpwmCalculate
                0x08001214       0xb8 CMakeFiles/smo.elf.dir/BSP/source/svpwm.c.obj
                0x08001214                svpwmCalculate
 .text.MX_ADC1_Init
                0x080012cc      0x114 CMakeFiles/smo.elf.dir/Core/Src/adc.c.obj
                0x080012cc                MX_ADC1_Init
 .text.MX_ADC2_Init
                0x080013e0       0xd4 CMakeFiles/smo.elf.dir/Core/Src/adc.c.obj
                0x080013e0                MX_ADC2_Init
 .text.HAL_ADC_MspInit
                0x080014b4      0x154 CMakeFiles/smo.elf.dir/Core/Src/adc.c.obj
                0x080014b4                HAL_ADC_MspInit
 .text.HAL_ADCEx_InjectedConvCpltCallback
                0x08001608      0x1e0 CMakeFiles/smo.elf.dir/Core/Src/adc.c.obj
                0x08001608                HAL_ADCEx_InjectedConvCpltCallback
 .text.MX_COMP1_Init
                0x080017e8       0x34 CMakeFiles/smo.elf.dir/Core/Src/comp.c.obj
                0x080017e8                MX_COMP1_Init
 .text.HAL_COMP_MspInit
                0x0800181c       0x64 CMakeFiles/smo.elf.dir/Core/Src/comp.c.obj
                0x0800181c                HAL_COMP_MspInit
 .text.MX_DAC1_Init
                0x08001880       0x5c CMakeFiles/smo.elf.dir/Core/Src/dac.c.obj
                0x08001880                MX_DAC1_Init
 .text.MX_DAC3_Init
                0x080018dc       0x58 CMakeFiles/smo.elf.dir/Core/Src/dac.c.obj
                0x080018dc                MX_DAC3_Init
 .text.HAL_DAC_MspInit
                0x08001934       0x84 CMakeFiles/smo.elf.dir/Core/Src/dac.c.obj
                0x08001934                HAL_DAC_MspInit
 .text.MX_DMA_Init
                0x080019b8       0x54 CMakeFiles/smo.elf.dir/Core/Src/dma.c.obj
                0x080019b8                MX_DMA_Init
 .text.MX_FDCAN1_Init
                0x08001a0c       0x4c CMakeFiles/smo.elf.dir/Core/Src/fdcan.c.obj
                0x08001a0c                MX_FDCAN1_Init
 .text.HAL_FDCAN_MspInit
                0x08001a58       0xa0 CMakeFiles/smo.elf.dir/Core/Src/fdcan.c.obj
                0x08001a58                HAL_FDCAN_MspInit
 .text.MX_GPIO_Init
                0x08001af8       0xac CMakeFiles/smo.elf.dir/Core/Src/gpio.c.obj
                0x08001af8                MX_GPIO_Init
 .text.Error_Handler
                0x08001ba4        0x4 CMakeFiles/smo.elf.dir/Core/Src/main.c.obj
                0x08001ba4                Error_Handler
 .text.SystemClock_Config
                0x08001ba8       0x6e CMakeFiles/smo.elf.dir/Core/Src/main.c.obj
                0x08001ba8                SystemClock_Config
 *fill*         0x08001c16        0x2 
 .text.main     0x08001c18      0x118 CMakeFiles/smo.elf.dir/Core/Src/main.c.obj
                0x08001c18                main
 .text.MX_OPAMP1_Init
                0x08001d30       0x30 CMakeFiles/smo.elf.dir/Core/Src/opamp.c.obj
                0x08001d30                MX_OPAMP1_Init
 .text.MX_OPAMP2_Init
                0x08001d60       0x30 CMakeFiles/smo.elf.dir/Core/Src/opamp.c.obj
                0x08001d60                MX_OPAMP2_Init
 .text.MX_OPAMP3_Init
                0x08001d90       0x30 CMakeFiles/smo.elf.dir/Core/Src/opamp.c.obj
                0x08001d90                MX_OPAMP3_Init
 .text.HAL_OPAMP_MspInit
                0x08001dc0       0xc0 CMakeFiles/smo.elf.dir/Core/Src/opamp.c.obj
                0x08001dc0                HAL_OPAMP_MspInit
 .text.HAL_MspInit
                0x08001e80       0x38 CMakeFiles/smo.elf.dir/Core/Src/stm32g4xx_hal_msp.c.obj
                0x08001e80                HAL_MspInit
 .text.NMI_Handler
                0x08001eb8        0x2 CMakeFiles/smo.elf.dir/Core/Src/stm32g4xx_it.c.obj
                0x08001eb8                NMI_Handler
 .text.HardFault_Handler
                0x08001eba        0x2 CMakeFiles/smo.elf.dir/Core/Src/stm32g4xx_it.c.obj
                0x08001eba                HardFault_Handler
 .text.MemManage_Handler
                0x08001ebc        0x2 CMakeFiles/smo.elf.dir/Core/Src/stm32g4xx_it.c.obj
                0x08001ebc                MemManage_Handler
 .text.BusFault_Handler
                0x08001ebe        0x2 CMakeFiles/smo.elf.dir/Core/Src/stm32g4xx_it.c.obj
                0x08001ebe                BusFault_Handler
 .text.UsageFault_Handler
                0x08001ec0        0x2 CMakeFiles/smo.elf.dir/Core/Src/stm32g4xx_it.c.obj
                0x08001ec0                UsageFault_Handler
 .text.SVC_Handler
                0x08001ec2        0x2 CMakeFiles/smo.elf.dir/Core/Src/stm32g4xx_it.c.obj
                0x08001ec2                SVC_Handler
 .text.DebugMon_Handler
                0x08001ec4        0x2 CMakeFiles/smo.elf.dir/Core/Src/stm32g4xx_it.c.obj
                0x08001ec4                DebugMon_Handler
 .text.PendSV_Handler
                0x08001ec6        0x2 CMakeFiles/smo.elf.dir/Core/Src/stm32g4xx_it.c.obj
                0x08001ec6                PendSV_Handler
 .text.SysTick_Handler
                0x08001ec8        0x8 CMakeFiles/smo.elf.dir/Core/Src/stm32g4xx_it.c.obj
                0x08001ec8                SysTick_Handler
 .text.DMA1_Channel1_IRQHandler
                0x08001ed0       0x10 CMakeFiles/smo.elf.dir/Core/Src/stm32g4xx_it.c.obj
                0x08001ed0                DMA1_Channel1_IRQHandler
 .text.DMA1_Channel2_IRQHandler
                0x08001ee0       0x10 CMakeFiles/smo.elf.dir/Core/Src/stm32g4xx_it.c.obj
                0x08001ee0                DMA1_Channel2_IRQHandler
 .text.ADC1_2_IRQHandler
                0x08001ef0       0x18 CMakeFiles/smo.elf.dir/Core/Src/stm32g4xx_it.c.obj
                0x08001ef0                ADC1_2_IRQHandler
 .text.FDCAN1_IT0_IRQHandler
                0x08001f08       0x10 CMakeFiles/smo.elf.dir/Core/Src/stm32g4xx_it.c.obj
                0x08001f08                FDCAN1_IT0_IRQHandler
 .text.TIM1_BRK_TIM15_IRQHandler
                0x08001f18       0x10 CMakeFiles/smo.elf.dir/Core/Src/stm32g4xx_it.c.obj
                0x08001f18                TIM1_BRK_TIM15_IRQHandler
 .text.TIM1_UP_TIM16_IRQHandler
                0x08001f28       0x10 CMakeFiles/smo.elf.dir/Core/Src/stm32g4xx_it.c.obj
                0x08001f28                TIM1_UP_TIM16_IRQHandler
 .text.TIM1_CC_IRQHandler
                0x08001f38       0x10 CMakeFiles/smo.elf.dir/Core/Src/stm32g4xx_it.c.obj
                0x08001f38                TIM1_CC_IRQHandler
 .text.TIM3_IRQHandler
                0x08001f48       0x10 CMakeFiles/smo.elf.dir/Core/Src/stm32g4xx_it.c.obj
                0x08001f48                TIM3_IRQHandler
 .text.EXTI15_10_IRQHandler
                0x08001f58       0x1c CMakeFiles/smo.elf.dir/Core/Src/stm32g4xx_it.c.obj
                0x08001f58                EXTI15_10_IRQHandler
 .text.COMP1_2_3_IRQHandler
                0x08001f74       0x10 CMakeFiles/smo.elf.dir/Core/Src/stm32g4xx_it.c.obj
                0x08001f74                COMP1_2_3_IRQHandler
 .text._getpid  0x08001f84        0x4 CMakeFiles/smo.elf.dir/Core/Src/syscalls.c.obj
                0x08001f84                _getpid
 .text._kill    0x08001f88       0x10 CMakeFiles/smo.elf.dir/Core/Src/syscalls.c.obj
                0x08001f88                _kill
 .text._exit    0x08001f98        0xc CMakeFiles/smo.elf.dir/Core/Src/syscalls.c.obj
                0x08001f98                _exit
 .text._read    0x08001fa4       0x20 CMakeFiles/smo.elf.dir/Core/Src/syscalls.c.obj
                0x08001fa4                _read
 .text._write   0x08001fc4       0x1c CMakeFiles/smo.elf.dir/Core/Src/syscalls.c.obj
                0x08001fc4                _write
 .text._close   0x08001fe0        0x6 CMakeFiles/smo.elf.dir/Core/Src/syscalls.c.obj
                0x08001fe0                _close
 .text._fstat   0x08001fe6        0xa CMakeFiles/smo.elf.dir/Core/Src/syscalls.c.obj
                0x08001fe6                _fstat
 .text._isatty  0x08001ff0        0x4 CMakeFiles/smo.elf.dir/Core/Src/syscalls.c.obj
                0x08001ff0                _isatty
 .text._lseek   0x08001ff4        0x4 CMakeFiles/smo.elf.dir/Core/Src/syscalls.c.obj
                0x08001ff4                _lseek
 .text._sbrk    0x08001ff8       0x48 CMakeFiles/smo.elf.dir/Core/Src/sysmem.c.obj
                0x08001ff8                _sbrk
 .text.SystemInit
                0x08002040       0x14 CMakeFiles/smo.elf.dir/Core/Src/system_stm32g4xx.c.obj
                0x08002040                SystemInit
 .text.MX_TIM3_Init
                0x08002054       0x70 CMakeFiles/smo.elf.dir/Core/Src/tim.c.obj
                0x08002054                MX_TIM3_Init
 .text.MX_TIM4_Init
                0x080020c4       0x70 CMakeFiles/smo.elf.dir/Core/Src/tim.c.obj
                0x080020c4                MX_TIM4_Init
 .text.HAL_TIM_Base_MspInit
                0x08002134       0xb0 CMakeFiles/smo.elf.dir/Core/Src/tim.c.obj
                0x08002134                HAL_TIM_Base_MspInit
 .text.HAL_TIM_MspPostInit
                0x080021e4       0x9c CMakeFiles/smo.elf.dir/Core/Src/tim.c.obj
                0x080021e4                HAL_TIM_MspPostInit
 .text.MX_TIM1_Init
                0x08002280      0x178 CMakeFiles/smo.elf.dir/Core/Src/tim.c.obj
                0x08002280                MX_TIM1_Init
 .text.MX_USART3_UART_Init
                0x080023f8       0x68 CMakeFiles/smo.elf.dir/Core/Src/usart.c.obj
                0x080023f8                MX_USART3_UART_Init
 .text.HAL_UART_MspInit
                0x08002460      0x10c CMakeFiles/smo.elf.dir/Core/Src/usart.c.obj
                0x08002460                HAL_UART_MspInit
 .text.Reset_Handler
                0x0800256c       0x50 CMakeFiles/smo.elf.dir/Core/Startup/startup_stm32g431cbux.s.obj
                0x0800256c                Reset_Handler
 .text.Default_Handler
                0x080025bc        0x2 CMakeFiles/smo.elf.dir/Core/Startup/startup_stm32g431cbux.s.obj
                0x080025bc                RTC_Alarm_IRQHandler
                0x080025bc                EXTI2_IRQHandler
                0x080025bc                TIM8_TRG_COM_IRQHandler
                0x080025bc                TIM8_CC_IRQHandler
                0x080025bc                USB_HP_IRQHandler
                0x080025bc                CORDIC_IRQHandler
                0x080025bc                EXTI3_IRQHandler
                0x080025bc                I2C3_ER_IRQHandler
                0x080025bc                EXTI0_IRQHandler
                0x080025bc                I2C2_EV_IRQHandler
                0x080025bc                FPU_IRQHandler
                0x080025bc                FDCAN1_IT1_IRQHandler
                0x080025bc                SPI1_IRQHandler
                0x080025bc                TIM6_DAC_IRQHandler
                0x080025bc                TIM8_UP_IRQHandler
                0x080025bc                DMA2_Channel2_IRQHandler
                0x080025bc                DMA1_Channel4_IRQHandler
                0x080025bc                TIM4_IRQHandler
                0x080025bc                DMA2_Channel1_IRQHandler
                0x080025bc                I2C1_EV_IRQHandler
                0x080025bc                DMA1_Channel6_IRQHandler
                0x080025bc                UART4_IRQHandler
                0x080025bc                DMA2_Channel4_IRQHandler
                0x080025bc                RCC_IRQHandler
                0x080025bc                Default_Handler
                0x080025bc                RTC_TAMP_LSECSS_IRQHandler
                0x080025bc                FMAC_IRQHandler
                0x080025bc                TIM7_IRQHandler
                0x080025bc                UCPD1_IRQHandler
                0x080025bc                I2C3_EV_IRQHandler
                0x080025bc                EXTI9_5_IRQHandler
                0x080025bc                RTC_WKUP_IRQHandler
                0x080025bc                PVD_PVM_IRQHandler
                0x080025bc                SPI2_IRQHandler
                0x080025bc                DMA2_Channel5_IRQHandler
                0x080025bc                CRS_IRQHandler
                0x080025bc                DMA1_Channel5_IRQHandler
                0x080025bc                USB_LP_IRQHandler
                0x080025bc                EXTI4_IRQHandler
                0x080025bc                RNG_IRQHandler
                0x080025bc                TIM1_TRG_COM_TIM17_IRQHandler
                0x080025bc                DMA1_Channel3_IRQHandler
                0x080025bc                WWDG_IRQHandler
                0x080025bc                LPUART1_IRQHandler
                0x080025bc                DMA2_Channel6_IRQHandler
                0x080025bc                TIM2_IRQHandler
                0x080025bc                EXTI1_IRQHandler
                0x080025bc                USART2_IRQHandler
                0x080025bc                I2C2_ER_IRQHandler
                0x080025bc                TIM8_BRK_IRQHandler
                0x080025bc                FLASH_IRQHandler
                0x080025bc                USART1_IRQHandler
                0x080025bc                SPI3_IRQHandler
                0x080025bc                I2C1_ER_IRQHandler
                0x080025bc                LPTIM1_IRQHandler
                0x080025bc                DMAMUX_OVR_IRQHandler
                0x080025bc                USBWakeUp_IRQHandler
                0x080025bc                SAI1_IRQHandler
                0x080025bc                DMA2_Channel3_IRQHandler
                0x080025bc                COMP4_IRQHandler
 *fill*         0x080025be        0x2 
 .text.HAL_InitTick
                0x080025c0       0x50 CMakeFiles/smo.elf.dir/Drivers/STM32G4xx_HAL_Driver/Src/stm32g4xx_hal.c.obj
                0x080025c0                HAL_InitTick
 .text.HAL_Init
                0x08002610       0x1e CMakeFiles/smo.elf.dir/Drivers/STM32G4xx_HAL_Driver/Src/stm32g4xx_hal.c.obj
                0x08002610                HAL_Init
 *fill*         0x0800262e        0x2 
 .text.HAL_IncTick
                0x08002630       0x18 CMakeFiles/smo.elf.dir/Drivers/STM32G4xx_HAL_Driver/Src/stm32g4xx_hal.c.obj
                0x08002630                HAL_IncTick
 .text.HAL_GetTick
                0x08002648        0xc CMakeFiles/smo.elf.dir/Drivers/STM32G4xx_HAL_Driver/Src/stm32g4xx_hal.c.obj
                0x08002648                HAL_GetTick
 .text.HAL_ADC_Init
                0x08002654      0x234 CMakeFiles/smo.elf.dir/Drivers/STM32G4xx_HAL_Driver/Src/stm32g4xx_hal_adc.c.obj
                0x08002654                HAL_ADC_Init
 .text.HAL_ADC_ConvCpltCallback
                0x08002888        0x2 CMakeFiles/smo.elf.dir/Drivers/STM32G4xx_HAL_Driver/Src/stm32g4xx_hal_adc.c.obj
                0x08002888                HAL_ADC_ConvCpltCallback
 .text.HAL_ADC_LevelOutOfWindowCallback
                0x0800288a        0x2 CMakeFiles/smo.elf.dir/Drivers/STM32G4xx_HAL_Driver/Src/stm32g4xx_hal_adc.c.obj
                0x0800288a                HAL_ADC_LevelOutOfWindowCallback
 .text.HAL_ADC_ErrorCallback
                0x0800288c        0x2 CMakeFiles/smo.elf.dir/Drivers/STM32G4xx_HAL_Driver/Src/stm32g4xx_hal_adc.c.obj
                0x0800288c                HAL_ADC_ErrorCallback
 *fill*         0x0800288e        0x2 
 .text.HAL_ADC_IRQHandler
                0x08002890      0x294 CMakeFiles/smo.elf.dir/Drivers/STM32G4xx_HAL_Driver/Src/stm32g4xx_hal_adc.c.obj
                0x08002890                HAL_ADC_IRQHandler
 .text.HAL_ADC_ConfigChannel
                0x08002b24      0x4d4 CMakeFiles/smo.elf.dir/Drivers/STM32G4xx_HAL_Driver/Src/stm32g4xx_hal_adc.c.obj
                0x08002b24                HAL_ADC_ConfigChannel
 .text.ADC_Enable
                0x08002ff8       0xd8 CMakeFiles/smo.elf.dir/Drivers/STM32G4xx_HAL_Driver/Src/stm32g4xx_hal_adc.c.obj
                0x08002ff8                ADC_Enable
 .text.ADC_Disable
                0x080030d0       0x94 CMakeFiles/smo.elf.dir/Drivers/STM32G4xx_HAL_Driver/Src/stm32g4xx_hal_adc.c.obj
                0x080030d0                ADC_Disable
 .text.HAL_ADCEx_Calibration_Start
                0x08003164       0x9c CMakeFiles/smo.elf.dir/Drivers/STM32G4xx_HAL_Driver/Src/stm32g4xx_hal_adc_ex.c.obj
                0x08003164                HAL_ADCEx_Calibration_Start
 .text.HAL_ADCEx_InjectedStart
                0x08003200       0xf0 CMakeFiles/smo.elf.dir/Drivers/STM32G4xx_HAL_Driver/Src/stm32g4xx_hal_adc_ex.c.obj
                0x08003200                HAL_ADCEx_InjectedStart
 .text.HAL_ADCEx_InjectedStart_IT
                0x080032f0      0x134 CMakeFiles/smo.elf.dir/Drivers/STM32G4xx_HAL_Driver/Src/stm32g4xx_hal_adc_ex.c.obj
                0x080032f0                HAL_ADCEx_InjectedStart_IT
 .text.HAL_ADCEx_InjectedQueueOverflowCallback
                0x08003424        0x2 CMakeFiles/smo.elf.dir/Drivers/STM32G4xx_HAL_Driver/Src/stm32g4xx_hal_adc_ex.c.obj
                0x08003424                HAL_ADCEx_InjectedQueueOverflowCallback
 .text.HAL_ADCEx_LevelOutOfWindow2Callback
                0x08003426        0x2 CMakeFiles/smo.elf.dir/Drivers/STM32G4xx_HAL_Driver/Src/stm32g4xx_hal_adc_ex.c.obj
                0x08003426                HAL_ADCEx_LevelOutOfWindow2Callback
 .text.HAL_ADCEx_LevelOutOfWindow3Callback
                0x08003428        0x2 CMakeFiles/smo.elf.dir/Drivers/STM32G4xx_HAL_Driver/Src/stm32g4xx_hal_adc_ex.c.obj
                0x08003428                HAL_ADCEx_LevelOutOfWindow3Callback
 .text.HAL_ADCEx_EndOfSamplingCallback
                0x0800342a        0x2 CMakeFiles/smo.elf.dir/Drivers/STM32G4xx_HAL_Driver/Src/stm32g4xx_hal_adc_ex.c.obj
                0x0800342a                HAL_ADCEx_EndOfSamplingCallback
 .text.HAL_ADCEx_InjectedConfigChannel
                0x0800342c      0x61c CMakeFiles/smo.elf.dir/Drivers/STM32G4xx_HAL_Driver/Src/stm32g4xx_hal_adc_ex.c.obj
                0x0800342c                HAL_ADCEx_InjectedConfigChannel
 .text.HAL_ADCEx_MultiModeConfigChannel
                0x08003a48      0x114 CMakeFiles/smo.elf.dir/Drivers/STM32G4xx_HAL_Driver/Src/stm32g4xx_hal_adc_ex.c.obj
                0x08003a48                HAL_ADCEx_MultiModeConfigChannel
 .text.HAL_COMP_Init
                0x08003b5c      0x164 CMakeFiles/smo.elf.dir/Drivers/STM32G4xx_HAL_Driver/Src/stm32g4xx_hal_comp.c.obj
                0x08003b5c                HAL_COMP_Init
 .text.HAL_COMP_TriggerCallback
                0x08003cc0        0x2 CMakeFiles/smo.elf.dir/Drivers/STM32G4xx_HAL_Driver/Src/stm32g4xx_hal_comp.c.obj
                0x08003cc0                HAL_COMP_TriggerCallback
 *fill*         0x08003cc2        0x2 
 .text.HAL_COMP_IRQHandler
                0x08003cc4       0x4c CMakeFiles/smo.elf.dir/Drivers/STM32G4xx_HAL_Driver/Src/stm32g4xx_hal_comp.c.obj
                0x08003cc4                HAL_COMP_IRQHandler
 .text.HAL_NVIC_SetPriorityGrouping
                0x08003d10       0x24 CMakeFiles/smo.elf.dir/Drivers/STM32G4xx_HAL_Driver/Src/stm32g4xx_hal_cortex.c.obj
                0x08003d10                HAL_NVIC_SetPriorityGrouping
 .text.HAL_NVIC_SetPriority
                0x08003d34       0x68 CMakeFiles/smo.elf.dir/Drivers/STM32G4xx_HAL_Driver/Src/stm32g4xx_hal_cortex.c.obj
                0x08003d34                HAL_NVIC_SetPriority
 .text.HAL_NVIC_EnableIRQ
                0x08003d9c       0x1c CMakeFiles/smo.elf.dir/Drivers/STM32G4xx_HAL_Driver/Src/stm32g4xx_hal_cortex.c.obj
                0x08003d9c                HAL_NVIC_EnableIRQ
 .text.HAL_SYSTICK_Config
                0x08003db8       0x2c CMakeFiles/smo.elf.dir/Drivers/STM32G4xx_HAL_Driver/Src/stm32g4xx_hal_cortex.c.obj
                0x08003db8                HAL_SYSTICK_Config
 .text.HAL_DAC_Init
                0x08003de4       0x24 CMakeFiles/smo.elf.dir/Drivers/STM32G4xx_HAL_Driver/Src/stm32g4xx_hal_dac.c.obj
                0x08003de4                HAL_DAC_Init
 .text.HAL_DAC_ConfigChannel
                0x08003e08      0x214 CMakeFiles/smo.elf.dir/Drivers/STM32G4xx_HAL_Driver/Src/stm32g4xx_hal_dac.c.obj
                0x08003e08                HAL_DAC_ConfigChannel
 .text.DMA_SetConfig
                0x0800401c       0x40 CMakeFiles/smo.elf.dir/Drivers/STM32G4xx_HAL_Driver/Src/stm32g4xx_hal_dma.c.obj
 .text.DMA_CalcDMAMUXChannelBaseAndMask
                0x0800405c       0x48 CMakeFiles/smo.elf.dir/Drivers/STM32G4xx_HAL_Driver/Src/stm32g4xx_hal_dma.c.obj
 .text.DMA_CalcDMAMUXRequestGenBaseAndMask
                0x080040a4       0x28 CMakeFiles/smo.elf.dir/Drivers/STM32G4xx_HAL_Driver/Src/stm32g4xx_hal_dma.c.obj
 .text.HAL_DMA_Init
                0x080040cc       0xd8 CMakeFiles/smo.elf.dir/Drivers/STM32G4xx_HAL_Driver/Src/stm32g4xx_hal_dma.c.obj
                0x080040cc                HAL_DMA_Init
 .text.HAL_DMA_Start_IT
                0x080041a4       0x94 CMakeFiles/smo.elf.dir/Drivers/STM32G4xx_HAL_Driver/Src/stm32g4xx_hal_dma.c.obj
                0x080041a4                HAL_DMA_Start_IT
 .text.HAL_DMA_Abort
                0x08004238       0x6c CMakeFiles/smo.elf.dir/Drivers/STM32G4xx_HAL_Driver/Src/stm32g4xx_hal_dma.c.obj
                0x08004238                HAL_DMA_Abort
 .text.HAL_DMA_IRQHandler
                0x080042a4       0xc4 CMakeFiles/smo.elf.dir/Drivers/STM32G4xx_HAL_Driver/Src/stm32g4xx_hal_dma.c.obj
                0x080042a4                HAL_DMA_IRQHandler
 .text.HAL_DMA_GetError
                0x08004368        0x4 CMakeFiles/smo.elf.dir/Drivers/STM32G4xx_HAL_Driver/Src/stm32g4xx_hal_dma.c.obj
                0x08004368                HAL_DMA_GetError
 .text.FDCAN_CalcultateRamBlockAddresses
                0x0800436c       0x68 CMakeFiles/smo.elf.dir/Drivers/STM32G4xx_HAL_Driver/Src/stm32g4xx_hal_fdcan.c.obj
 .text.HAL_FDCAN_Init
                0x080043d4      0x1d4 CMakeFiles/smo.elf.dir/Drivers/STM32G4xx_HAL_Driver/Src/stm32g4xx_hal_fdcan.c.obj
                0x080043d4                HAL_FDCAN_Init
 .text.HAL_FDCAN_TxEventFifoCallback
                0x080045a8        0x2 CMakeFiles/smo.elf.dir/Drivers/STM32G4xx_HAL_Driver/Src/stm32g4xx_hal_fdcan.c.obj
                0x080045a8                HAL_FDCAN_TxEventFifoCallback
 .text.HAL_FDCAN_RxFifo0Callback
                0x080045aa        0x2 CMakeFiles/smo.elf.dir/Drivers/STM32G4xx_HAL_Driver/Src/stm32g4xx_hal_fdcan.c.obj
                0x080045aa                HAL_FDCAN_RxFifo0Callback
 .text.HAL_FDCAN_RxFifo1Callback
                0x080045ac        0x2 CMakeFiles/smo.elf.dir/Drivers/STM32G4xx_HAL_Driver/Src/stm32g4xx_hal_fdcan.c.obj
                0x080045ac                HAL_FDCAN_RxFifo1Callback
 .text.HAL_FDCAN_TxFifoEmptyCallback
                0x080045ae        0x2 CMakeFiles/smo.elf.dir/Drivers/STM32G4xx_HAL_Driver/Src/stm32g4xx_hal_fdcan.c.obj
                0x080045ae                HAL_FDCAN_TxFifoEmptyCallback
 .text.HAL_FDCAN_TxBufferCompleteCallback
                0x080045b0        0x2 CMakeFiles/smo.elf.dir/Drivers/STM32G4xx_HAL_Driver/Src/stm32g4xx_hal_fdcan.c.obj
                0x080045b0                HAL_FDCAN_TxBufferCompleteCallback
 .text.HAL_FDCAN_TxBufferAbortCallback
                0x080045b2        0x2 CMakeFiles/smo.elf.dir/Drivers/STM32G4xx_HAL_Driver/Src/stm32g4xx_hal_fdcan.c.obj
                0x080045b2                HAL_FDCAN_TxBufferAbortCallback
 .text.HAL_FDCAN_TimestampWraparoundCallback
                0x080045b4        0x2 CMakeFiles/smo.elf.dir/Drivers/STM32G4xx_HAL_Driver/Src/stm32g4xx_hal_fdcan.c.obj
                0x080045b4                HAL_FDCAN_TimestampWraparoundCallback
 .text.HAL_FDCAN_TimeoutOccurredCallback
                0x080045b6        0x2 CMakeFiles/smo.elf.dir/Drivers/STM32G4xx_HAL_Driver/Src/stm32g4xx_hal_fdcan.c.obj
                0x080045b6                HAL_FDCAN_TimeoutOccurredCallback
 .text.HAL_FDCAN_HighPriorityMessageCallback
                0x080045b8        0x2 CMakeFiles/smo.elf.dir/Drivers/STM32G4xx_HAL_Driver/Src/stm32g4xx_hal_fdcan.c.obj
                0x080045b8                HAL_FDCAN_HighPriorityMessageCallback
 .text.HAL_FDCAN_ErrorCallback
                0x080045ba        0x2 CMakeFiles/smo.elf.dir/Drivers/STM32G4xx_HAL_Driver/Src/stm32g4xx_hal_fdcan.c.obj
                0x080045ba                HAL_FDCAN_ErrorCallback
 .text.HAL_FDCAN_ErrorStatusCallback
                0x080045bc        0x2 CMakeFiles/smo.elf.dir/Drivers/STM32G4xx_HAL_Driver/Src/stm32g4xx_hal_fdcan.c.obj
                0x080045bc                HAL_FDCAN_ErrorStatusCallback
 .text.HAL_FDCAN_IRQHandler
                0x080045be      0x188 CMakeFiles/smo.elf.dir/Drivers/STM32G4xx_HAL_Driver/Src/stm32g4xx_hal_fdcan.c.obj
                0x080045be                HAL_FDCAN_IRQHandler
 *fill*         0x08004746        0x2 
 .text.HAL_GPIO_Init
                0x08004748      0x1ac CMakeFiles/smo.elf.dir/Drivers/STM32G4xx_HAL_Driver/Src/stm32g4xx_hal_gpio.c.obj
                0x08004748                HAL_GPIO_Init
 .text.HAL_GPIO_WritePin
                0x080048f4        0xa CMakeFiles/smo.elf.dir/Drivers/STM32G4xx_HAL_Driver/Src/stm32g4xx_hal_gpio.c.obj
                0x080048f4                HAL_GPIO_WritePin
 *fill*         0x080048fe        0x2 
 .text.HAL_GPIO_EXTI_IRQHandler
                0x08004900       0x1c CMakeFiles/smo.elf.dir/Drivers/STM32G4xx_HAL_Driver/Src/stm32g4xx_hal_gpio.c.obj
                0x08004900                HAL_GPIO_EXTI_IRQHandler
 .text.HAL_OPAMP_Init
                0x0800491c      0x128 CMakeFiles/smo.elf.dir/Drivers/STM32G4xx_HAL_Driver/Src/stm32g4xx_hal_opamp.c.obj
                0x0800491c                HAL_OPAMP_Init
 .text.HAL_OPAMP_Start
                0x08004a44       0x36 CMakeFiles/smo.elf.dir/Drivers/STM32G4xx_HAL_Driver/Src/stm32g4xx_hal_opamp.c.obj
                0x08004a44                HAL_OPAMP_Start
 *fill*         0x08004a7a        0x2 
 .text.HAL_PWREx_ControlVoltageScaling
                0x08004a7c      0x10c CMakeFiles/smo.elf.dir/Drivers/STM32G4xx_HAL_Driver/Src/stm32g4xx_hal_pwr_ex.c.obj
                0x08004a7c                HAL_PWREx_ControlVoltageScaling
 .text.HAL_PWREx_DisableUCPDDeadBattery
                0x08004b88       0x10 CMakeFiles/smo.elf.dir/Drivers/STM32G4xx_HAL_Driver/Src/stm32g4xx_hal_pwr_ex.c.obj
                0x08004b88                HAL_PWREx_DisableUCPDDeadBattery
 .text.RCC_GetSysClockFreqFromPLLSource
                0x08004b98       0x58 CMakeFiles/smo.elf.dir/Drivers/STM32G4xx_HAL_Driver/Src/stm32g4xx_hal_rcc.c.obj
 .text.HAL_RCC_OscConfig
                0x08004bf0      0x4e4 CMakeFiles/smo.elf.dir/Drivers/STM32G4xx_HAL_Driver/Src/stm32g4xx_hal_rcc.c.obj
                0x08004bf0                HAL_RCC_OscConfig
 .text.HAL_RCC_GetSysClockFreq
                0x080050d4       0x88 CMakeFiles/smo.elf.dir/Drivers/STM32G4xx_HAL_Driver/Src/stm32g4xx_hal_rcc.c.obj
                0x080050d4                HAL_RCC_GetSysClockFreq
 .text.HAL_RCC_ClockConfig
                0x0800515c      0x1f8 CMakeFiles/smo.elf.dir/Drivers/STM32G4xx_HAL_Driver/Src/stm32g4xx_hal_rcc.c.obj
                0x0800515c                HAL_RCC_ClockConfig
 .text.HAL_RCC_GetHCLKFreq
                0x08005354        0xc CMakeFiles/smo.elf.dir/Drivers/STM32G4xx_HAL_Driver/Src/stm32g4xx_hal_rcc.c.obj
                0x08005354                HAL_RCC_GetHCLKFreq
 .text.HAL_RCC_GetPCLK1Freq
                0x08005360       0x24 CMakeFiles/smo.elf.dir/Drivers/STM32G4xx_HAL_Driver/Src/stm32g4xx_hal_rcc.c.obj
                0x08005360                HAL_RCC_GetPCLK1Freq
 .text.HAL_RCC_GetPCLK2Freq
                0x08005384       0x24 CMakeFiles/smo.elf.dir/Drivers/STM32G4xx_HAL_Driver/Src/stm32g4xx_hal_rcc.c.obj
                0x08005384                HAL_RCC_GetPCLK2Freq
 .text.HAL_RCCEx_PeriphCLKConfig
                0x080053a8      0x2e4 CMakeFiles/smo.elf.dir/Drivers/STM32G4xx_HAL_Driver/Src/stm32g4xx_hal_rcc_ex.c.obj
                0x080053a8                HAL_RCCEx_PeriphCLKConfig
 .text.TIM_OC1_SetConfig
                0x0800568c       0x9c CMakeFiles/smo.elf.dir/Drivers/STM32G4xx_HAL_Driver/Src/stm32g4xx_hal_tim.c.obj
 .text.TIM_OC3_SetConfig
                0x08005728       0x8c CMakeFiles/smo.elf.dir/Drivers/STM32G4xx_HAL_Driver/Src/stm32g4xx_hal_tim.c.obj
 .text.TIM_OC4_SetConfig
                0x080057b4       0x8c CMakeFiles/smo.elf.dir/Drivers/STM32G4xx_HAL_Driver/Src/stm32g4xx_hal_tim.c.obj
 .text.TIM_OC5_SetConfig
                0x08005840       0x68 CMakeFiles/smo.elf.dir/Drivers/STM32G4xx_HAL_Driver/Src/stm32g4xx_hal_tim.c.obj
 .text.TIM_OC6_SetConfig
                0x080058a8       0x6c CMakeFiles/smo.elf.dir/Drivers/STM32G4xx_HAL_Driver/Src/stm32g4xx_hal_tim.c.obj
 .text.TIM_TI1_ConfigInputStage
                0x08005914       0x24 CMakeFiles/smo.elf.dir/Drivers/STM32G4xx_HAL_Driver/Src/stm32g4xx_hal_tim.c.obj
 .text.TIM_TI2_ConfigInputStage
                0x08005938       0x26 CMakeFiles/smo.elf.dir/Drivers/STM32G4xx_HAL_Driver/Src/stm32g4xx_hal_tim.c.obj
 .text.TIM_ITRx_SetConfig
                0x0800595e       0x14 CMakeFiles/smo.elf.dir/Drivers/STM32G4xx_HAL_Driver/Src/stm32g4xx_hal_tim.c.obj
 .text.HAL_TIM_PWM_MspInit
                0x08005972        0x2 CMakeFiles/smo.elf.dir/Drivers/STM32G4xx_HAL_Driver/Src/stm32g4xx_hal_tim.c.obj
                0x08005972                HAL_TIM_PWM_MspInit
 .text.HAL_TIM_OC_DelayElapsedCallback
                0x08005974        0x2 CMakeFiles/smo.elf.dir/Drivers/STM32G4xx_HAL_Driver/Src/stm32g4xx_hal_tim.c.obj
                0x08005974                HAL_TIM_OC_DelayElapsedCallback
 .text.HAL_TIM_IC_CaptureCallback
                0x08005976        0x2 CMakeFiles/smo.elf.dir/Drivers/STM32G4xx_HAL_Driver/Src/stm32g4xx_hal_tim.c.obj
                0x08005976                HAL_TIM_IC_CaptureCallback
 .text.HAL_TIM_PWM_PulseFinishedCallback
                0x08005978        0x2 CMakeFiles/smo.elf.dir/Drivers/STM32G4xx_HAL_Driver/Src/stm32g4xx_hal_tim.c.obj
                0x08005978                HAL_TIM_PWM_PulseFinishedCallback
 .text.HAL_TIM_TriggerCallback
                0x0800597a        0x2 CMakeFiles/smo.elf.dir/Drivers/STM32G4xx_HAL_Driver/Src/stm32g4xx_hal_tim.c.obj
                0x0800597a                HAL_TIM_TriggerCallback
 .text.HAL_TIM_IRQHandler
                0x0800597c      0x1ea CMakeFiles/smo.elf.dir/Drivers/STM32G4xx_HAL_Driver/Src/stm32g4xx_hal_tim.c.obj
                0x0800597c                HAL_TIM_IRQHandler
 *fill*         0x08005b66        0x2 
 .text.TIM_Base_SetConfig
                0x08005b68       0xc8 CMakeFiles/smo.elf.dir/Drivers/STM32G4xx_HAL_Driver/Src/stm32g4xx_hal_tim.c.obj
                0x08005b68                TIM_Base_SetConfig
 .text.HAL_TIM_Base_Init
                0x08005c30       0x60 CMakeFiles/smo.elf.dir/Drivers/STM32G4xx_HAL_Driver/Src/stm32g4xx_hal_tim.c.obj
                0x08005c30                HAL_TIM_Base_Init
 .text.HAL_TIM_PWM_Init
                0x08005c90       0x60 CMakeFiles/smo.elf.dir/Drivers/STM32G4xx_HAL_Driver/Src/stm32g4xx_hal_tim.c.obj
                0x08005c90                HAL_TIM_PWM_Init
 .text.TIM_OC2_SetConfig
                0x08005cf0       0x8c CMakeFiles/smo.elf.dir/Drivers/STM32G4xx_HAL_Driver/Src/stm32g4xx_hal_tim.c.obj
                0x08005cf0                TIM_OC2_SetConfig
 .text.HAL_TIM_PWM_ConfigChannel
                0x08005d7c      0x13a CMakeFiles/smo.elf.dir/Drivers/STM32G4xx_HAL_Driver/Src/stm32g4xx_hal_tim.c.obj
                0x08005d7c                HAL_TIM_PWM_ConfigChannel
 .text.TIM_ETR_SetConfig
                0x08005eb6       0x18 CMakeFiles/smo.elf.dir/Drivers/STM32G4xx_HAL_Driver/Src/stm32g4xx_hal_tim.c.obj
                0x08005eb6                TIM_ETR_SetConfig
 *fill*         0x08005ece        0x2 
 .text.HAL_TIM_ConfigClockSource
                0x08005ed0      0x138 CMakeFiles/smo.elf.dir/Drivers/STM32G4xx_HAL_Driver/Src/stm32g4xx_hal_tim.c.obj
                0x08005ed0                HAL_TIM_ConfigClockSource
 .text.TIM_CCxChannelCmd
                0x08006008       0x24 CMakeFiles/smo.elf.dir/Drivers/STM32G4xx_HAL_Driver/Src/stm32g4xx_hal_tim.c.obj
                0x08006008                TIM_CCxChannelCmd
 .text.HAL_TIM_PWM_Start
                0x0800602c      0x158 CMakeFiles/smo.elf.dir/Drivers/STM32G4xx_HAL_Driver/Src/stm32g4xx_hal_tim.c.obj
                0x0800602c                HAL_TIM_PWM_Start
 .text.TIM_CCxNChannelCmd
                0x08006184       0x24 CMakeFiles/smo.elf.dir/Drivers/STM32G4xx_HAL_Driver/Src/stm32g4xx_hal_tim_ex.c.obj
 .text.HAL_TIMEx_PWMN_Start
                0x080061a8       0xf4 CMakeFiles/smo.elf.dir/Drivers/STM32G4xx_HAL_Driver/Src/stm32g4xx_hal_tim_ex.c.obj
                0x080061a8                HAL_TIMEx_PWMN_Start
 .text.HAL_TIMEx_MasterConfigSynchronization
                0x0800629c       0x94 CMakeFiles/smo.elf.dir/Drivers/STM32G4xx_HAL_Driver/Src/stm32g4xx_hal_tim_ex.c.obj
                0x0800629c                HAL_TIMEx_MasterConfigSynchronization
 .text.HAL_TIMEx_ConfigBreakDeadTime
                0x08006330       0xa0 CMakeFiles/smo.elf.dir/Drivers/STM32G4xx_HAL_Driver/Src/stm32g4xx_hal_tim_ex.c.obj
                0x08006330                HAL_TIMEx_ConfigBreakDeadTime
 .text.HAL_TIMEx_ConfigBreakInput
                0x080063d0       0xd4 CMakeFiles/smo.elf.dir/Drivers/STM32G4xx_HAL_Driver/Src/stm32g4xx_hal_tim_ex.c.obj
                0x080063d0                HAL_TIMEx_ConfigBreakInput
 .text.HAL_TIMEx_CommutCallback
                0x080064a4        0x2 CMakeFiles/smo.elf.dir/Drivers/STM32G4xx_HAL_Driver/Src/stm32g4xx_hal_tim_ex.c.obj
                0x080064a4                HAL_TIMEx_CommutCallback
 .text.HAL_TIMEx_BreakCallback
                0x080064a6        0x2 CMakeFiles/smo.elf.dir/Drivers/STM32G4xx_HAL_Driver/Src/stm32g4xx_hal_tim_ex.c.obj
                0x080064a6                HAL_TIMEx_BreakCallback
 .text.HAL_TIMEx_Break2Callback
                0x080064a8        0x2 CMakeFiles/smo.elf.dir/Drivers/STM32G4xx_HAL_Driver/Src/stm32g4xx_hal_tim_ex.c.obj
                0x080064a8                HAL_TIMEx_Break2Callback
 .text.HAL_TIMEx_EncoderIndexCallback
                0x080064aa        0x2 CMakeFiles/smo.elf.dir/Drivers/STM32G4xx_HAL_Driver/Src/stm32g4xx_hal_tim_ex.c.obj
                0x080064aa                HAL_TIMEx_EncoderIndexCallback
 .text.HAL_TIMEx_DirectionChangeCallback
                0x080064ac        0x2 CMakeFiles/smo.elf.dir/Drivers/STM32G4xx_HAL_Driver/Src/stm32g4xx_hal_tim_ex.c.obj
                0x080064ac                HAL_TIMEx_DirectionChangeCallback
 .text.HAL_TIMEx_IndexErrorCallback
                0x080064ae        0x2 CMakeFiles/smo.elf.dir/Drivers/STM32G4xx_HAL_Driver/Src/stm32g4xx_hal_tim_ex.c.obj
                0x080064ae                HAL_TIMEx_IndexErrorCallback
 .text.HAL_TIMEx_TransitionErrorCallback
                0x080064b0        0x2 CMakeFiles/smo.elf.dir/Drivers/STM32G4xx_HAL_Driver/Src/stm32g4xx_hal_tim_ex.c.obj
                0x080064b0                HAL_TIMEx_TransitionErrorCallback
 .text.UART_EndTxTransfer
                0x080064b2       0x32 CMakeFiles/smo.elf.dir/Drivers/STM32G4xx_HAL_Driver/Src/stm32g4xx_hal_uart.c.obj
 .text.UART_EndRxTransfer
                0x080064e4       0x56 CMakeFiles/smo.elf.dir/Drivers/STM32G4xx_HAL_Driver/Src/stm32g4xx_hal_uart.c.obj
 .text.HAL_UART_DMAStop
                0x0800653a       0xb2 CMakeFiles/smo.elf.dir/Drivers/STM32G4xx_HAL_Driver/Src/stm32g4xx_hal_uart.c.obj
                0x0800653a                HAL_UART_DMAStop
 .text.HAL_UART_RxCpltCallback
                0x080065ec        0x2 CMakeFiles/smo.elf.dir/Drivers/STM32G4xx_HAL_Driver/Src/stm32g4xx_hal_uart.c.obj
                0x080065ec                HAL_UART_RxCpltCallback
 .text.HAL_UART_RxHalfCpltCallback
                0x080065ee        0x2 CMakeFiles/smo.elf.dir/Drivers/STM32G4xx_HAL_Driver/Src/stm32g4xx_hal_uart.c.obj
                0x080065ee                HAL_UART_RxHalfCpltCallback
 .text.HAL_UART_ErrorCallback
                0x080065f0        0x2 CMakeFiles/smo.elf.dir/Drivers/STM32G4xx_HAL_Driver/Src/stm32g4xx_hal_uart.c.obj
                0x080065f0                HAL_UART_ErrorCallback
 .text.UART_DMAError
                0x080065f2       0x58 CMakeFiles/smo.elf.dir/Drivers/STM32G4xx_HAL_Driver/Src/stm32g4xx_hal_uart.c.obj
 .text.HAL_UARTEx_RxEventCallback
                0x0800664a        0x2 CMakeFiles/smo.elf.dir/Drivers/STM32G4xx_HAL_Driver/Src/stm32g4xx_hal_uart.c.obj
                0x0800664a                HAL_UARTEx_RxEventCallback
 .text.UART_DMARxHalfCplt
                0x0800664c       0x20 CMakeFiles/smo.elf.dir/Drivers/STM32G4xx_HAL_Driver/Src/stm32g4xx_hal_uart.c.obj
 .text.UART_DMAReceiveCplt
                0x0800666c       0x92 CMakeFiles/smo.elf.dir/Drivers/STM32G4xx_HAL_Driver/Src/stm32g4xx_hal_uart.c.obj
 *fill*         0x080066fe        0x2 
 .text.UART_SetConfig
                0x08006700      0x34c CMakeFiles/smo.elf.dir/Drivers/STM32G4xx_HAL_Driver/Src/stm32g4xx_hal_uart.c.obj
                0x08006700                UART_SetConfig
 .text.UART_AdvFeatureConfig
                0x08006a4c       0xca CMakeFiles/smo.elf.dir/Drivers/STM32G4xx_HAL_Driver/Src/stm32g4xx_hal_uart.c.obj
                0x08006a4c                UART_AdvFeatureConfig
 .text.UART_WaitOnFlagUntilTimeout
                0x08006b16       0x9e CMakeFiles/smo.elf.dir/Drivers/STM32G4xx_HAL_Driver/Src/stm32g4xx_hal_uart.c.obj
                0x08006b16                UART_WaitOnFlagUntilTimeout
 .text.UART_CheckIdleState
                0x08006bb4       0xca CMakeFiles/smo.elf.dir/Drivers/STM32G4xx_HAL_Driver/Src/stm32g4xx_hal_uart.c.obj
                0x08006bb4                UART_CheckIdleState
 .text.HAL_UART_Init
                0x08006c7e       0x66 CMakeFiles/smo.elf.dir/Drivers/STM32G4xx_HAL_Driver/Src/stm32g4xx_hal_uart.c.obj
                0x08006c7e                HAL_UART_Init
 .text.UART_Start_Receive_DMA
                0x08006ce4       0xb0 CMakeFiles/smo.elf.dir/Drivers/STM32G4xx_HAL_Driver/Src/stm32g4xx_hal_uart.c.obj
                0x08006ce4                UART_Start_Receive_DMA
 .text.HAL_UART_Receive_DMA
                0x08006d94       0x4c CMakeFiles/smo.elf.dir/Drivers/STM32G4xx_HAL_Driver/Src/stm32g4xx_hal_uart.c.obj
                0x08006d94                HAL_UART_Receive_DMA
 .text.UARTEx_SetNbDataToProcess
                0x08006de0       0x4c CMakeFiles/smo.elf.dir/Drivers/STM32G4xx_HAL_Driver/Src/stm32g4xx_hal_uart_ex.c.obj
 .text.HAL_UARTEx_DisableFifoMode
                0x08006e2c       0x3e CMakeFiles/smo.elf.dir/Drivers/STM32G4xx_HAL_Driver/Src/stm32g4xx_hal_uart_ex.c.obj
                0x08006e2c                HAL_UARTEx_DisableFifoMode
 .text.HAL_UARTEx_SetTxFifoThreshold
                0x08006e6a       0x4a CMakeFiles/smo.elf.dir/Drivers/STM32G4xx_HAL_Driver/Src/stm32g4xx_hal_uart_ex.c.obj
                0x08006e6a                HAL_UARTEx_SetTxFifoThreshold
 .text.HAL_UARTEx_SetRxFifoThreshold
                0x08006eb4       0x4a CMakeFiles/smo.elf.dir/Drivers/STM32G4xx_HAL_Driver/Src/stm32g4xx_hal_uart_ex.c.obj
                0x08006eb4                HAL_UARTEx_SetRxFifoThreshold
 .text.prvucMBCHAR2BIN
                0x08006efe       0x1e CMakeFiles/smo.elf.dir/modbus/ascii/mbascii.c.obj
 .text.prvucMBLRC
                0x08006f1c       0x1a CMakeFiles/smo.elf.dir/modbus/ascii/mbascii.c.obj
 *fill*         0x08006f36        0x2 
 .text.prvucMBBIN2CHAR
                0x08006f38       0x38 CMakeFiles/smo.elf.dir/modbus/ascii/mbascii.c.obj
 .text.eMBASCIIInit
                0x08006f70       0x34 CMakeFiles/smo.elf.dir/modbus/ascii/mbascii.c.obj
                0x08006f70                eMBASCIIInit
 .text.eMBASCIIStart
                0x08006fa4       0x1c CMakeFiles/smo.elf.dir/modbus/ascii/mbascii.c.obj
                0x08006fa4                eMBASCIIStart
 .text.eMBASCIIStop
                0x08006fc0       0x10 CMakeFiles/smo.elf.dir/modbus/ascii/mbascii.c.obj
                0x08006fc0                eMBASCIIStop
 .text.eMBASCIIReceive
                0x08006fd0       0x68 CMakeFiles/smo.elf.dir/modbus/ascii/mbascii.c.obj
                0x08006fd0                eMBASCIIReceive
 .text.eMBASCIISend
                0x08007038       0x68 CMakeFiles/smo.elf.dir/modbus/ascii/mbascii.c.obj
                0x08007038                eMBASCIISend
 .text.xMBASCIIReceiveFSM
                0x080070a0      0x150 CMakeFiles/smo.elf.dir/modbus/ascii/mbascii.c.obj
                0x080070a0                xMBASCIIReceiveFSM
 .text.xMBASCIITransmitFSM
                0x080071f0      0x108 CMakeFiles/smo.elf.dir/modbus/ascii/mbascii.c.obj
                0x080071f0                xMBASCIITransmitFSM
 .text.xMBASCIITimerT1SExpired
                0x080072f8       0x4c CMakeFiles/smo.elf.dir/modbus/ascii/mbascii.c.obj
                0x080072f8                xMBASCIITimerT1SExpired
 .text.eMBFuncReadCoils
                0x08007344       0x70 CMakeFiles/smo.elf.dir/modbus/functions/mbfunccoils.c.obj
                0x08007344                eMBFuncReadCoils
 .text.eMBFuncWriteCoil
                0x080073b4       0x5c CMakeFiles/smo.elf.dir/modbus/functions/mbfunccoils.c.obj
                0x080073b4                eMBFuncWriteCoil
 .text.eMBFuncWriteMultipleCoils
                0x08007410       0x60 CMakeFiles/smo.elf.dir/modbus/functions/mbfunccoils.c.obj
                0x08007410                eMBFuncWriteMultipleCoils
 .text.eMBFuncReadDiscreteInputs
                0x08007470       0x6e CMakeFiles/smo.elf.dir/modbus/functions/mbfuncdisc.c.obj
                0x08007470                eMBFuncReadDiscreteInputs
 .text.eMBFuncWriteHoldingRegister
                0x080074de       0x28 CMakeFiles/smo.elf.dir/modbus/functions/mbfuncholding.c.obj
                0x080074de                eMBFuncWriteHoldingRegister
 .text.eMBFuncWriteMultipleHoldingRegister
                0x08007506       0x4e CMakeFiles/smo.elf.dir/modbus/functions/mbfuncholding.c.obj
                0x08007506                eMBFuncWriteMultipleHoldingRegister
 .text.eMBFuncReadHoldingRegister
                0x08007554       0x5c CMakeFiles/smo.elf.dir/modbus/functions/mbfuncholding.c.obj
                0x08007554                eMBFuncReadHoldingRegister
 .text.eMBFuncReadWriteMultipleHoldingRegister
                0x080075b0       0xa4 CMakeFiles/smo.elf.dir/modbus/functions/mbfuncholding.c.obj
                0x080075b0                eMBFuncReadWriteMultipleHoldingRegister
 .text.eMBFuncReadInputRegister
                0x08007654       0x60 CMakeFiles/smo.elf.dir/modbus/functions/mbfuncinput.c.obj
                0x08007654                eMBFuncReadInputRegister
 .text.eMBFuncReportSlaveID
                0x080076b4       0x24 CMakeFiles/smo.elf.dir/modbus/functions/mbfuncother.c.obj
                0x080076b4                eMBFuncReportSlaveID
 .text.xMBUtilSetBits
                0x080076d8       0x58 CMakeFiles/smo.elf.dir/modbus/functions/mbutils.c.obj
                0x080076d8                xMBUtilSetBits
 .text.xMBUtilGetBits
                0x08007730       0x28 CMakeFiles/smo.elf.dir/modbus/functions/mbutils.c.obj
                0x08007730                xMBUtilGetBits
 .text.prveMBError2Exception
                0x08007758       0x18 CMakeFiles/smo.elf.dir/modbus/functions/mbutils.c.obj
                0x08007758                prveMBError2Exception
 .text.eMBInit  0x08007770      0x10c CMakeFiles/smo.elf.dir/modbus/mb.c.obj
                0x08007770                eMBInit
 .text.eMBEnable
                0x0800787c       0x24 CMakeFiles/smo.elf.dir/modbus/mb.c.obj
                0x0800787c                eMBEnable
 .text.eMBPoll  0x080078a0      0x100 CMakeFiles/smo.elf.dir/modbus/mb.c.obj
                0x080078a0                eMBPoll
 .text.eMBRegInputCB
                0x080079a0       0x48 CMakeFiles/smo.elf.dir/modbus/port.c.obj
                0x080079a0                eMBRegInputCB
 .text.eMBRegHoldingCB
                0x080079e8       0x70 CMakeFiles/smo.elf.dir/modbus/port.c.obj
                0x080079e8                eMBRegHoldingCB
 .text.eMBRegCoilsCB
                0x08007a58       0x7c CMakeFiles/smo.elf.dir/modbus/port.c.obj
                0x08007a58                eMBRegCoilsCB
 .text.eMBRegDiscreteCB
                0x08007ad4       0x48 CMakeFiles/smo.elf.dir/modbus/port.c.obj
                0x08007ad4                eMBRegDiscreteCB
 .text.xMBPortEventInit
                0x08007b1c       0x10 CMakeFiles/smo.elf.dir/modbus/portevent.c.obj
                0x08007b1c                xMBPortEventInit
 .text.xMBPortEventPost
                0x08007b2c       0x18 CMakeFiles/smo.elf.dir/modbus/portevent.c.obj
                0x08007b2c                xMBPortEventPost
 .text.xMBPortEventGet
                0x08007b44       0x20 CMakeFiles/smo.elf.dir/modbus/portevent.c.obj
                0x08007b44                xMBPortEventGet
 .text.vMBPortSerialEnable
                0x08007b64       0x24 CMakeFiles/smo.elf.dir/modbus/portserial.c.obj
                0x08007b64                vMBPortSerialEnable
 .text.xMBPortSerialInit
                0x08007b88       0x80 CMakeFiles/smo.elf.dir/modbus/portserial.c.obj
                0x08007b88                xMBPortSerialInit
 .text.xMBPortSerialPutByte
                0x08007c08       0x10 CMakeFiles/smo.elf.dir/modbus/portserial.c.obj
                0x08007c08                xMBPortSerialPutByte
 .text.xMBPortSerialGetByte
                0x08007c18       0x30 CMakeFiles/smo.elf.dir/modbus/portserial.c.obj
                0x08007c18                xMBPortSerialGetByte
 .text.USART3_IRQHandler
                0x08007c48       0x74 CMakeFiles/smo.elf.dir/modbus/portserial.c.obj
                0x08007c48                USART3_IRQHandler
 .text.prvvTIMERExpiredISR
                0x08007cbc       0x10 CMakeFiles/smo.elf.dir/modbus/porttimer.c.obj
 .text.xMBPortTimersInit
                0x08007ccc       0x84 CMakeFiles/smo.elf.dir/modbus/porttimer.c.obj
                0x08007ccc                xMBPortTimersInit
 .text.vMBPortTimersEnable
                0x08007d50       0x18 CMakeFiles/smo.elf.dir/modbus/porttimer.c.obj
                0x08007d50                vMBPortTimersEnable
 .text.vMBPortTimersDisable
                0x08007d68       0x28 CMakeFiles/smo.elf.dir/modbus/porttimer.c.obj
                0x08007d68                vMBPortTimersDisable
 .text.HAL_TIM_PeriodElapsedCallback
                0x08007d90       0x24 CMakeFiles/smo.elf.dir/modbus/porttimer.c.obj
                0x08007d90                HAL_TIM_PeriodElapsedCallback
 .text.usMBCRC16
                0x08007db4       0x30 CMakeFiles/smo.elf.dir/modbus/rtu/mbcrc.c.obj
                0x08007db4                usMBCRC16
 .text.eMBRTUInit
                0x08007de4       0x40 CMakeFiles/smo.elf.dir/modbus/rtu/mbrtu.c.obj
                0x08007de4                eMBRTUInit
 .text.eMBRTUStart
                0x08007e24       0x18 CMakeFiles/smo.elf.dir/modbus/rtu/mbrtu.c.obj
                0x08007e24                eMBRTUStart
 .text.eMBRTUStop
                0x08007e3c       0x10 CMakeFiles/smo.elf.dir/modbus/rtu/mbrtu.c.obj
                0x08007e3c                eMBRTUStop
 .text.eMBRTUReceive
                0x08007e4c       0x68 CMakeFiles/smo.elf.dir/modbus/rtu/mbrtu.c.obj
                0x08007e4c                eMBRTUReceive
 .text.eMBRTUSend
                0x08007eb4       0x78 CMakeFiles/smo.elf.dir/modbus/rtu/mbrtu.c.obj
                0x08007eb4                eMBRTUSend
 .text.xMBRTUReceiveFSM
                0x08007f2c       0xb0 CMakeFiles/smo.elf.dir/modbus/rtu/mbrtu.c.obj
                0x08007f2c                xMBRTUReceiveFSM
 .text.xMBRTUTransmitFSM
                0x08007fdc       0x94 CMakeFiles/smo.elf.dir/modbus/rtu/mbrtu.c.obj
                0x08007fdc                xMBRTUTransmitFSM
 .text.xMBRTUTimerT35Expired
                0x08008070       0x7c CMakeFiles/smo.elf.dir/modbus/rtu/mbrtu.c.obj
                0x08008070                xMBRTUTimerT35Expired
 .text.arm_sin_cos_f32
                0x080080ec      0x124 D:\BLDC\smo\Middlewares\ST\ARM\DSP\Lib\libarm_cortexM4lf_math.a(arm_sin_cos_f32.o)
                0x080080ec                arm_sin_cos_f32
 .text.arm_sin_f32
                0x08008210       0x8c D:\BLDC\smo\Middlewares\ST\ARM\DSP\Lib\libarm_cortexM4lf_math.a(arm_sin_f32.o)
                0x08008210                arm_sin_f32
 .text.arm_cos_f32
                0x0800829c       0x94 D:\BLDC\smo\Middlewares\ST\ARM\DSP\Lib\libarm_cortexM4lf_math.a(arm_cos_f32.o)
                0x0800829c                arm_cos_f32
 .text.fmaxf    0x08008330       0x3c d:/gun-tools/arm-embedded-tools/bin/../lib/gcc/arm-none-eabi/9.2.1/../../../../arm-none-eabi/lib/thumb/v7e-m+fp/hard\libm.a(lib_a-sf_fmax.o)
                0x08008330                fmaxf
 .text.fminf    0x0800836c       0x3c d:/gun-tools/arm-embedded-tools/bin/../lib/gcc/arm-none-eabi/9.2.1/../../../../arm-none-eabi/lib/thumb/v7e-m+fp/hard\libm.a(lib_a-sf_fmin.o)
                0x0800836c                fminf
 .text.__fpclassifyf
                0x080083a8       0x38 d:/gun-tools/arm-embedded-tools/bin/../lib/gcc/arm-none-eabi/9.2.1/../../../../arm-none-eabi/lib/thumb/v7e-m+fp/hard\libm.a(lib_a-sf_fpclassify.o)
                0x080083a8                __fpclassifyf
 .text.abort    0x080083e0       0x10 d:/gun-tools/arm-embedded-tools/bin/../lib/gcc/arm-none-eabi/9.2.1/../../../../arm-none-eabi/lib/thumb/v7e-m+fp/hard\libg.a(lib_a-abort.o)
                0x080083e0                abort
 .text.__assert_func
                0x080083f0       0x3c d:/gun-tools/arm-embedded-tools/bin/../lib/gcc/arm-none-eabi/9.2.1/../../../../arm-none-eabi/lib/thumb/v7e-m+fp/hard\libg.a(lib_a-assert.o)
                0x080083f0                __assert_func
 .text.__errno  0x0800842c        0xc d:/gun-tools/arm-embedded-tools/bin/../lib/gcc/arm-none-eabi/9.2.1/../../../../arm-none-eabi/lib/thumb/v7e-m+fp/hard\libg.a(lib_a-errno.o)
                0x0800842c                __errno
 .text.fiprintf
                0x08008438       0x28 d:/gun-tools/arm-embedded-tools/bin/../lib/gcc/arm-none-eabi/9.2.1/../../../../arm-none-eabi/lib/thumb/v7e-m+fp/hard\libg.a(lib_a-fiprintf.o)
                0x08008438                fiprintf
 .text.__libc_init_array
                0x08008460       0x48 d:/gun-tools/arm-embedded-tools/bin/../lib/gcc/arm-none-eabi/9.2.1/../../../../arm-none-eabi/lib/thumb/v7e-m+fp/hard\libg.a(lib_a-init.o)
                0x08008460                __libc_init_array
 .text.memset   0x080084a8       0xa0 d:/gun-tools/arm-embedded-tools/bin/../lib/gcc/arm-none-eabi/9.2.1/../../../../arm-none-eabi/lib/thumb/v7e-m+fp/hard\libg.a(lib_a-memset.o)
                0x080084a8                memset
 .text._raise_r
                0x08008548       0x58 d:/gun-tools/arm-embedded-tools/bin/../lib/gcc/arm-none-eabi/9.2.1/../../../../arm-none-eabi/lib/thumb/v7e-m+fp/hard\libg.a(lib_a-signal.o)
                0x08008548                _raise_r
 .text.raise    0x080085a0       0x10 d:/gun-tools/arm-embedded-tools/bin/../lib/gcc/arm-none-eabi/9.2.1/../../../../arm-none-eabi/lib/thumb/v7e-m+fp/hard\libg.a(lib_a-signal.o)
                0x080085a0                raise
 .text._kill_r  0x080085b0       0x2c d:/gun-tools/arm-embedded-tools/bin/../lib/gcc/arm-none-eabi/9.2.1/../../../../arm-none-eabi/lib/thumb/v7e-m+fp/hard\libg.a(lib_a-signalr.o)
                0x080085b0                _kill_r
 .text._getpid_r
                0x080085dc        0x4 d:/gun-tools/arm-embedded-tools/bin/../lib/gcc/arm-none-eabi/9.2.1/../../../../arm-none-eabi/lib/thumb/v7e-m+fp/hard\libg.a(lib_a-signalr.o)
                0x080085dc                _getpid_r
 .text.__sprint_r.part.0
                0x080085e0       0x78 d:/gun-tools/arm-embedded-tools/bin/../lib/gcc/arm-none-eabi/9.2.1/../../../../arm-none-eabi/lib/thumb/v7e-m+fp/hard\libg.a(lib_a-vfiprintf.o)
 .text._vfiprintf_r
                0x08008658      0xd4c d:/gun-tools/arm-embedded-tools/bin/../lib/gcc/arm-none-eabi/9.2.1/../../../../arm-none-eabi/lib/thumb/v7e-m+fp/hard\libg.a(lib_a-vfiprintf.o)
                0x08008658                _vfiprintf_r
 .text.__sbprintf
                0x080093a4       0x84 d:/gun-tools/arm-embedded-tools/bin/../lib/gcc/arm-none-eabi/9.2.1/../../../../arm-none-eabi/lib/thumb/v7e-m+fp/hard\libg.a(lib_a-vfiprintf.o)
 .text.__swsetup_r
                0x08009428       0xd0 d:/gun-tools/arm-embedded-tools/bin/../lib/gcc/arm-none-eabi/9.2.1/../../../../arm-none-eabi/lib/thumb/v7e-m+fp/hard\libg.a(lib_a-wsetup.o)
                0x08009428                __swsetup_r
 .text.startup.register_fini
                0x080094f8       0x14 d:/gun-tools/arm-embedded-tools/bin/../lib/gcc/arm-none-eabi/9.2.1/../../../../arm-none-eabi/lib/thumb/v7e-m+fp/hard\libg.a(lib_a-__call_atexit.o)
 .text.atexit   0x0800950c        0xc d:/gun-tools/arm-embedded-tools/bin/../lib/gcc/arm-none-eabi/9.2.1/../../../../arm-none-eabi/lib/thumb/v7e-m+fp/hard\libg.a(lib_a-atexit.o)
                0x0800950c                atexit
 .text.__sflush_r
                0x08009518      0x130 d:/gun-tools/arm-embedded-tools/bin/../lib/gcc/arm-none-eabi/9.2.1/../../../../arm-none-eabi/lib/thumb/v7e-m+fp/hard\libg.a(lib_a-fflush.o)
                0x08009518                __sflush_r
 .text._fflush_r
                0x08009648       0x5c d:/gun-tools/arm-embedded-tools/bin/../lib/gcc/arm-none-eabi/9.2.1/../../../../arm-none-eabi/lib/thumb/v7e-m+fp/hard\libg.a(lib_a-fflush.o)
                0x08009648                _fflush_r
 .text.std      0x080096a4       0x50 d:/gun-tools/arm-embedded-tools/bin/../lib/gcc/arm-none-eabi/9.2.1/../../../../arm-none-eabi/lib/thumb/v7e-m+fp/hard\libg.a(lib_a-findfp.o)
 .text._cleanup_r
                0x080096f4        0xc d:/gun-tools/arm-embedded-tools/bin/../lib/gcc/arm-none-eabi/9.2.1/../../../../arm-none-eabi/lib/thumb/v7e-m+fp/hard\libg.a(lib_a-findfp.o)
                0x080096f4                _cleanup_r
 .text.__sinit  0x08009700       0x54 d:/gun-tools/arm-embedded-tools/bin/../lib/gcc/arm-none-eabi/9.2.1/../../../../arm-none-eabi/lib/thumb/v7e-m+fp/hard\libg.a(lib_a-findfp.o)
                0x08009700                __sinit
 .text.__sfp_lock_acquire
                0x08009754        0xc d:/gun-tools/arm-embedded-tools/bin/../lib/gcc/arm-none-eabi/9.2.1/../../../../arm-none-eabi/lib/thumb/v7e-m+fp/hard\libg.a(lib_a-findfp.o)
                0x08009754                __sfp_lock_acquire
 .text.__sfp_lock_release
                0x08009760        0xc d:/gun-tools/arm-embedded-tools/bin/../lib/gcc/arm-none-eabi/9.2.1/../../../../arm-none-eabi/lib/thumb/v7e-m+fp/hard\libg.a(lib_a-findfp.o)
                0x08009760                __sfp_lock_release
 .text.__libc_fini_array
                0x0800976c       0x2c d:/gun-tools/arm-embedded-tools/bin/../lib/gcc/arm-none-eabi/9.2.1/../../../../arm-none-eabi/lib/thumb/v7e-m+fp/hard\libg.a(lib_a-fini.o)
                0x0800976c                __libc_fini_array
 .text.__fputwc
                0x08009798       0xa8 d:/gun-tools/arm-embedded-tools/bin/../lib/gcc/arm-none-eabi/9.2.1/../../../../arm-none-eabi/lib/thumb/v7e-m+fp/hard\libg.a(lib_a-fputwc.o)
                0x08009798                __fputwc
 .text._fputwc_r
                0x08009840       0x68 d:/gun-tools/arm-embedded-tools/bin/../lib/gcc/arm-none-eabi/9.2.1/../../../../arm-none-eabi/lib/thumb/v7e-m+fp/hard\libg.a(lib_a-fputwc.o)
                0x08009840                _fputwc_r
 .text._malloc_trim_r
                0x080098a8       0xa0 d:/gun-tools/arm-embedded-tools/bin/../lib/gcc/arm-none-eabi/9.2.1/../../../../arm-none-eabi/lib/thumb/v7e-m+fp/hard\libg.a(lib_a-freer.o)
                0x080098a8                _malloc_trim_r
 .text._free_r  0x08009948      0x208 d:/gun-tools/arm-embedded-tools/bin/../lib/gcc/arm-none-eabi/9.2.1/../../../../arm-none-eabi/lib/thumb/v7e-m+fp/hard\libg.a(lib_a-freer.o)
                0x08009948                _free_r
 .text.__sfvwrite_r
                0x08009b50      0x2e0 d:/gun-tools/arm-embedded-tools/bin/../lib/gcc/arm-none-eabi/9.2.1/../../../../arm-none-eabi/lib/thumb/v7e-m+fp/hard\libg.a(lib_a-fvwrite.o)
                0x08009b50                __sfvwrite_r
 .text._fwalk_reent
                0x08009e30       0x48 d:/gun-tools/arm-embedded-tools/bin/../lib/gcc/arm-none-eabi/9.2.1/../../../../arm-none-eabi/lib/thumb/v7e-m+fp/hard\libg.a(lib_a-fwalk.o)
                0x08009e30                _fwalk_reent
 .text.__locale_mb_cur_max
                0x08009e78        0xc d:/gun-tools/arm-embedded-tools/bin/../lib/gcc/arm-none-eabi/9.2.1/../../../../arm-none-eabi/lib/thumb/v7e-m+fp/hard\libg.a(lib_a-locale.o)
                0x08009e78                __locale_mb_cur_max
 .text._localeconv_r
                0x08009e84        0x8 d:/gun-tools/arm-embedded-tools/bin/../lib/gcc/arm-none-eabi/9.2.1/../../../../arm-none-eabi/lib/thumb/v7e-m+fp/hard\libg.a(lib_a-localeconv.o)
                0x08009e84                _localeconv_r
 .text.__retarget_lock_init_recursive
                0x08009e8c        0x4 d:/gun-tools/arm-embedded-tools/bin/../lib/gcc/arm-none-eabi/9.2.1/../../../../arm-none-eabi/lib/thumb/v7e-m+fp/hard\libg.a(lib_a-lock.o)
                0x08009e8c                __retarget_lock_init_recursive
 .text.__retarget_lock_close_recursive
                0x08009e90        0x4 d:/gun-tools/arm-embedded-tools/bin/../lib/gcc/arm-none-eabi/9.2.1/../../../../arm-none-eabi/lib/thumb/v7e-m+fp/hard\libg.a(lib_a-lock.o)
                0x08009e90                __retarget_lock_close_recursive
 .text.__retarget_lock_acquire_recursive
                0x08009e94        0x4 d:/gun-tools/arm-embedded-tools/bin/../lib/gcc/arm-none-eabi/9.2.1/../../../../arm-none-eabi/lib/thumb/v7e-m+fp/hard\libg.a(lib_a-lock.o)
                0x08009e94                __retarget_lock_acquire_recursive
 .text.__retarget_lock_release_recursive
                0x08009e98        0x4 d:/gun-tools/arm-embedded-tools/bin/../lib/gcc/arm-none-eabi/9.2.1/../../../../arm-none-eabi/lib/thumb/v7e-m+fp/hard\libg.a(lib_a-lock.o)
                0x08009e98                __retarget_lock_release_recursive
 .text.__swhatbuf_r
                0x08009e9c       0x5c d:/gun-tools/arm-embedded-tools/bin/../lib/gcc/arm-none-eabi/9.2.1/../../../../arm-none-eabi/lib/thumb/v7e-m+fp/hard\libg.a(lib_a-makebuf.o)
                0x08009e9c                __swhatbuf_r
 .text.__smakebuf_r
                0x08009ef8       0x98 d:/gun-tools/arm-embedded-tools/bin/../lib/gcc/arm-none-eabi/9.2.1/../../../../arm-none-eabi/lib/thumb/v7e-m+fp/hard\libg.a(lib_a-makebuf.o)
                0x08009ef8                __smakebuf_r
 .text._malloc_r
                0x08009f90      0x574 d:/gun-tools/arm-embedded-tools/bin/../lib/gcc/arm-none-eabi/9.2.1/../../../../arm-none-eabi/lib/thumb/v7e-m+fp/hard\libg.a(lib_a-mallocr.o)
                0x08009f90                _malloc_r
 .text.__ascii_mbtowc
                0x0800a504       0x2c d:/gun-tools/arm-embedded-tools/bin/../lib/gcc/arm-none-eabi/9.2.1/../../../../arm-none-eabi/lib/thumb/v7e-m+fp/hard\libg.a(lib_a-mbtowc_r.o)
                0x0800a504                __ascii_mbtowc
 .text.memmove  0x0800a530       0xd8 d:/gun-tools/arm-embedded-tools/bin/../lib/gcc/arm-none-eabi/9.2.1/../../../../arm-none-eabi/lib/thumb/v7e-m+fp/hard\libg.a(lib_a-memmove.o)
                0x0800a530                memmove
 .text.__malloc_lock
                0x0800a608        0xc d:/gun-tools/arm-embedded-tools/bin/../lib/gcc/arm-none-eabi/9.2.1/../../../../arm-none-eabi/lib/thumb/v7e-m+fp/hard\libg.a(lib_a-mlock.o)
                0x0800a608                __malloc_lock
 .text.__malloc_unlock
                0x0800a614        0xc d:/gun-tools/arm-embedded-tools/bin/../lib/gcc/arm-none-eabi/9.2.1/../../../../arm-none-eabi/lib/thumb/v7e-m+fp/hard\libg.a(lib_a-mlock.o)
                0x0800a614                __malloc_unlock
 .text._realloc_r
                0x0800a620      0x3e0 d:/gun-tools/arm-embedded-tools/bin/../lib/gcc/arm-none-eabi/9.2.1/../../../../arm-none-eabi/lib/thumb/v7e-m+fp/hard\libg.a(lib_a-reallocr.o)
                0x0800a620                _realloc_r
 .text._sbrk_r  0x0800aa00       0x24 d:/gun-tools/arm-embedded-tools/bin/../lib/gcc/arm-none-eabi/9.2.1/../../../../arm-none-eabi/lib/thumb/v7e-m+fp/hard\libg.a(lib_a-sbrkr.o)
                0x0800aa00                _sbrk_r
 .text.__sread  0x0800aa24       0x24 d:/gun-tools/arm-embedded-tools/bin/../lib/gcc/arm-none-eabi/9.2.1/../../../../arm-none-eabi/lib/thumb/v7e-m+fp/hard\libg.a(lib_a-stdio.o)
                0x0800aa24                __sread
 .text.__swrite
                0x0800aa48       0x40 d:/gun-tools/arm-embedded-tools/bin/../lib/gcc/arm-none-eabi/9.2.1/../../../../arm-none-eabi/lib/thumb/v7e-m+fp/hard\libg.a(lib_a-stdio.o)
                0x0800aa48                __swrite
 .text.__sseek  0x0800aa88       0x20 d:/gun-tools/arm-embedded-tools/bin/../lib/gcc/arm-none-eabi/9.2.1/../../../../arm-none-eabi/lib/thumb/v7e-m+fp/hard\libg.a(lib_a-stdio.o)
                0x0800aa88                __sseek
 .text.__sclose
                0x0800aaa8        0x8 d:/gun-tools/arm-embedded-tools/bin/../lib/gcc/arm-none-eabi/9.2.1/../../../../arm-none-eabi/lib/thumb/v7e-m+fp/hard\libg.a(lib_a-stdio.o)
                0x0800aaa8                __sclose
 .text.strncpy  0x0800aab0       0x68 d:/gun-tools/arm-embedded-tools/bin/../lib/gcc/arm-none-eabi/9.2.1/../../../../arm-none-eabi/lib/thumb/v7e-m+fp/hard\libg.a(lib_a-strncpy.o)
                0x0800aab0                strncpy
 .text.__swbuf_r
                0x0800ab18       0xb0 d:/gun-tools/arm-embedded-tools/bin/../lib/gcc/arm-none-eabi/9.2.1/../../../../arm-none-eabi/lib/thumb/v7e-m+fp/hard\libg.a(lib_a-wbuf.o)
                0x0800ab18                __swbuf_r
 .text._wcrtomb_r
                0x0800abc8       0x3c d:/gun-tools/arm-embedded-tools/bin/../lib/gcc/arm-none-eabi/9.2.1/../../../../arm-none-eabi/lib/thumb/v7e-m+fp/hard\libg.a(lib_a-wcrtomb.o)
                0x0800abc8                _wcrtomb_r
 .text.__ascii_wctomb
                0x0800ac04       0x1c d:/gun-tools/arm-embedded-tools/bin/../lib/gcc/arm-none-eabi/9.2.1/../../../../arm-none-eabi/lib/thumb/v7e-m+fp/hard\libg.a(lib_a-wctomb_r.o)
                0x0800ac04                __ascii_wctomb
 .text._write_r
                0x0800ac20       0x2c d:/gun-tools/arm-embedded-tools/bin/../lib/gcc/arm-none-eabi/9.2.1/../../../../arm-none-eabi/lib/thumb/v7e-m+fp/hard\libg.a(lib_a-writer.o)
                0x0800ac20                _write_r
 .text.__register_exitproc
                0x0800ac4c       0x8c d:/gun-tools/arm-embedded-tools/bin/../lib/gcc/arm-none-eabi/9.2.1/../../../../arm-none-eabi/lib/thumb/v7e-m+fp/hard\libg.a(lib_a-__atexit.o)
                0x0800ac4c                __register_exitproc
 .text._close_r
                0x0800acd8       0x24 d:/gun-tools/arm-embedded-tools/bin/../lib/gcc/arm-none-eabi/9.2.1/../../../../arm-none-eabi/lib/thumb/v7e-m+fp/hard\libg.a(lib_a-closer.o)
                0x0800acd8                _close_r
 .text._fclose_r
                0x0800acfc       0xcc d:/gun-tools/arm-embedded-tools/bin/../lib/gcc/arm-none-eabi/9.2.1/../../../../arm-none-eabi/lib/thumb/v7e-m+fp/hard\libg.a(lib_a-fclose.o)
                0x0800acfc                _fclose_r
 .text._fstat_r
                0x0800adc8       0x2c d:/gun-tools/arm-embedded-tools/bin/../lib/gcc/arm-none-eabi/9.2.1/../../../../arm-none-eabi/lib/thumb/v7e-m+fp/hard\libg.a(lib_a-fstatr.o)
                0x0800adc8                _fstat_r
 .text._isatty_r
                0x0800adf4       0x24 d:/gun-tools/arm-embedded-tools/bin/../lib/gcc/arm-none-eabi/9.2.1/../../../../arm-none-eabi/lib/thumb/v7e-m+fp/hard\libg.a(lib_a-isattyr.o)
                0x0800adf4                _isatty_r
 .text._lseek_r
                0x0800ae18       0x2c d:/gun-tools/arm-embedded-tools/bin/../lib/gcc/arm-none-eabi/9.2.1/../../../../arm-none-eabi/lib/thumb/v7e-m+fp/hard\libg.a(lib_a-lseekr.o)
                0x0800ae18                _lseek_r
 .text._read_r  0x0800ae44       0x2c d:/gun-tools/arm-embedded-tools/bin/../lib/gcc/arm-none-eabi/9.2.1/../../../../arm-none-eabi/lib/thumb/v7e-m+fp/hard\libg.a(lib_a-readr.o)
                0x0800ae44                _read_r
 *(.glue_7)
 .glue_7        0x0800ae70        0x0 linker stubs
 *(.glue_7t)
 .glue_7t       0x0800ae70        0x0 linker stubs
 *(.eh_frame)
 .eh_frame      0x0800ae70        0x0 d:/gun-tools/arm-embedded-tools/bin/../lib/gcc/arm-none-eabi/9.2.1/thumb/v7e-m+fp/hard/crtbegin.o
 *(.init)
 .init          0x0800ae70        0x4 d:/gun-tools/arm-embedded-tools/bin/../lib/gcc/arm-none-eabi/9.2.1/thumb/v7e-m+fp/hard/crti.o
                0x0800ae70                _init
 .init          0x0800ae74        0x8 d:/gun-tools/arm-embedded-tools/bin/../lib/gcc/arm-none-eabi/9.2.1/thumb/v7e-m+fp/hard/crtn.o
 *(.fini)
 .fini          0x0800ae7c        0x4 d:/gun-tools/arm-embedded-tools/bin/../lib/gcc/arm-none-eabi/9.2.1/thumb/v7e-m+fp/hard/crti.o
                0x0800ae7c                _fini
 .fini          0x0800ae80        0x8 d:/gun-tools/arm-embedded-tools/bin/../lib/gcc/arm-none-eabi/9.2.1/thumb/v7e-m+fp/hard/crtn.o
                0x0800ae88                . = ALIGN (0x4)
                0x0800ae88                _etext = .

.vfp11_veneer   0x0800ae88        0x0
 .vfp11_veneer  0x0800ae88        0x0 linker stubs

.v4_bx          0x0800ae88        0x0
 .v4_bx         0x0800ae88        0x0 linker stubs

.iplt           0x0800ae88        0x0
 .iplt          0x0800ae88        0x0 d:/gun-tools/arm-embedded-tools/bin/../lib/gcc/arm-none-eabi/9.2.1/thumb/v7e-m+fp/hard/crtbegin.o

.rodata         0x0800ae88      0xe34
                0x0800ae88                . = ALIGN (0x4)
 *(.rodata)
 *(.rodata*)
 .rodata.AHBPrescTable
                0x0800ae88       0x10 CMakeFiles/smo.elf.dir/Core/Src/system_stm32g4xx.c.obj
                0x0800ae88                AHBPrescTable
 .rodata.APBPrescTable
                0x0800ae98        0x8 CMakeFiles/smo.elf.dir/Core/Src/system_stm32g4xx.c.obj
                0x0800ae98                APBPrescTable
 .rodata.UARTPrescTable
                0x0800aea0       0x18 CMakeFiles/smo.elf.dir/Drivers/STM32G4xx_HAL_Driver/Src/stm32g4xx_hal_uart.c.obj
                0x0800aea0                UARTPrescTable
 .rodata.denominator.10239
                0x0800aeb8        0x8 CMakeFiles/smo.elf.dir/Drivers/STM32G4xx_HAL_Driver/Src/stm32g4xx_hal_uart_ex.c.obj
 .rodata.numerator.10238
                0x0800aec0        0x8 CMakeFiles/smo.elf.dir/Drivers/STM32G4xx_HAL_Driver/Src/stm32g4xx_hal_uart_ex.c.obj
 .rodata.prvucMBBIN2CHAR.str1.4
                0x0800aec8       0x27 CMakeFiles/smo.elf.dir/modbus/ascii/mbascii.c.obj
 *fill*         0x0800aeef        0x1 
 .rodata.eMBASCIIReceive.str1.4
                0x0800aef0       0x25 CMakeFiles/smo.elf.dir/modbus/ascii/mbascii.c.obj
 *fill*         0x0800af15        0x3 
 .rodata.xMBASCIIReceiveFSM.str1.4
                0x0800af18       0x1b CMakeFiles/smo.elf.dir/modbus/ascii/mbascii.c.obj
 *fill*         0x0800af33        0x1 
 .rodata.xMBASCIITransmitFSM.str1.4
                0x0800af34       0x1b CMakeFiles/smo.elf.dir/modbus/ascii/mbascii.c.obj
 *fill*         0x0800af4f        0x1 
 .rodata.xMBASCIITimerT1SExpired.str1.4
                0x0800af50       0x44 CMakeFiles/smo.elf.dir/modbus/ascii/mbascii.c.obj
 .rodata.__func__.6690
                0x0800af94       0x10 CMakeFiles/smo.elf.dir/modbus/ascii/mbascii.c.obj
 .rodata.__func__.6704
                0x0800afa4       0x13 CMakeFiles/smo.elf.dir/modbus/ascii/mbascii.c.obj
 *fill*         0x0800afb7        0x1 
 .rodata.__func__.6717
                0x0800afb8       0x14 CMakeFiles/smo.elf.dir/modbus/ascii/mbascii.c.obj
 .rodata.__func__.6734
                0x0800afcc       0x18 CMakeFiles/smo.elf.dir/modbus/ascii/mbascii.c.obj
 .rodata.__func__.6741
                0x0800afe4       0x10 CMakeFiles/smo.elf.dir/modbus/ascii/mbascii.c.obj
 .rodata.xMBUtilSetBits.str1.4
                0x0800aff4       0x37 CMakeFiles/smo.elf.dir/modbus/functions/mbutils.c.obj
 *fill*         0x0800b02b        0x1 
 .rodata.__func__.6609
                0x0800b02c        0xf CMakeFiles/smo.elf.dir/modbus/functions/mbutils.c.obj
 *fill*         0x0800b03b        0x1 
 .rodata.aucCRCHi
                0x0800b03c      0x100 CMakeFiles/smo.elf.dir/modbus/rtu/mbcrc.c.obj
 .rodata.aucCRCLo
                0x0800b13c      0x100 CMakeFiles/smo.elf.dir/modbus/rtu/mbcrc.c.obj
 .rodata.eMBRTUReceive.str1.4
                0x0800b23c       0x1f CMakeFiles/smo.elf.dir/modbus/rtu/mbrtu.c.obj
                                 0x47 (size before relaxing)
 .rodata.xMBRTUReceiveFSM.str1.4
                0x0800b25b       0x1b CMakeFiles/smo.elf.dir/modbus/rtu/mbrtu.c.obj
 .rodata.xMBRTUTransmitFSM.str1.4
                0x0800b25b       0x1b CMakeFiles/smo.elf.dir/modbus/rtu/mbrtu.c.obj
 *fill*         0x0800b25b        0x1 
 .rodata.xMBRTUTimerT35Expired.str1.4
                0x0800b25c       0x63 CMakeFiles/smo.elf.dir/modbus/rtu/mbrtu.c.obj
 *fill*         0x0800b2bf        0x1 
 .rodata.__func__.6677
                0x0800b2c0        0xe CMakeFiles/smo.elf.dir/modbus/rtu/mbrtu.c.obj
 *fill*         0x0800b2ce        0x2 
 .rodata.__func__.6690
                0x0800b2d0       0x11 CMakeFiles/smo.elf.dir/modbus/rtu/mbrtu.c.obj
 *fill*         0x0800b2e1        0x3 
 .rodata.__func__.6700
                0x0800b2e4       0x12 CMakeFiles/smo.elf.dir/modbus/rtu/mbrtu.c.obj
 *fill*         0x0800b2f6        0x2 
 .rodata.__func__.6713
                0x0800b2f8       0x16 CMakeFiles/smo.elf.dir/modbus/rtu/mbrtu.c.obj
 *fill*         0x0800b30e        0x2 
 .rodata.sinTable_f32
                0x0800b310      0x804 D:\BLDC\smo\Middlewares\ST\ARM\DSP\Lib\libarm_cortexM4lf_math.a(arm_common_tables.o)
                0x0800b310                sinTable_f32
 .rodata.__assert_func.str1.4
                0x0800bb14       0x3f d:/gun-tools/arm-embedded-tools/bin/../lib/gcc/arm-none-eabi/9.2.1/../../../../arm-none-eabi/lib/thumb/v7e-m+fp/hard\libg.a(lib_a-assert.o)
                                 0x43 (size before relaxing)
 *fill*         0x0800bb53        0x1 
 .rodata._global_impure_ptr
                0x0800bb54        0x4 d:/gun-tools/arm-embedded-tools/bin/../lib/gcc/arm-none-eabi/9.2.1/../../../../arm-none-eabi/lib/thumb/v7e-m+fp/hard\libg.a(lib_a-impure.o)
                0x0800bb54                _global_impure_ptr
 .rodata._vfiprintf_r.str1.4
                0x0800bb58       0x2f d:/gun-tools/arm-embedded-tools/bin/../lib/gcc/arm-none-eabi/9.2.1/../../../../arm-none-eabi/lib/thumb/v7e-m+fp/hard\libg.a(lib_a-vfiprintf.o)
 *fill*         0x0800bb87        0x1 
 .rodata.blanks.8701
                0x0800bb88       0x10 d:/gun-tools/arm-embedded-tools/bin/../lib/gcc/arm-none-eabi/9.2.1/../../../../arm-none-eabi/lib/thumb/v7e-m+fp/hard\libg.a(lib_a-vfiprintf.o)
 .rodata.zeroes.8702
                0x0800bb98       0x10 d:/gun-tools/arm-embedded-tools/bin/../lib/gcc/arm-none-eabi/9.2.1/../../../../arm-none-eabi/lib/thumb/v7e-m+fp/hard\libg.a(lib_a-vfiprintf.o)
 .rodata._setlocale_r.str1.4
                0x0800bba8        0xa d:/gun-tools/arm-embedded-tools/bin/../lib/gcc/arm-none-eabi/9.2.1/../../../../arm-none-eabi/lib/thumb/v7e-m+fp/hard\libg.a(lib_a-locale.o)
                                  0xd (size before relaxing)
 *fill*         0x0800bbb2        0x2 
 .rodata.str1.4
                0x0800bbb4        0x2 d:/gun-tools/arm-embedded-tools/bin/../lib/gcc/arm-none-eabi/9.2.1/../../../../arm-none-eabi/lib/thumb/v7e-m+fp/hard\libg.a(lib_a-locale.o)
 *fill*         0x0800bbb6        0x2 
 .rodata._ctype_
                0x0800bbb8      0x101 d:/gun-tools/arm-embedded-tools/bin/../lib/gcc/arm-none-eabi/9.2.1/../../../../arm-none-eabi/lib/thumb/v7e-m+fp/hard\libg.a(lib_a-ctype_.o)
                0x0800bbb8                _ctype_
                0x0800bcbc                . = ALIGN (0x4)
 *fill*         0x0800bcb9        0x3 

.ARM.extab      0x0800bcbc        0x0
                0x0800bcbc                . = ALIGN (0x4)
 *(.ARM.extab* .gnu.linkonce.armextab.*)
                0x0800bcbc                . = ALIGN (0x4)

.ARM            0x0800bcbc        0x8
                0x0800bcbc                . = ALIGN (0x4)
                0x0800bcbc                __exidx_start = .
 *(.ARM.exidx*)
 .ARM.exidx     0x0800bcbc        0x8 d:/gun-tools/arm-embedded-tools/bin/../lib/gcc/arm-none-eabi/9.2.1/thumb/v7e-m+fp/hard\libgcc.a(_udivmoddi4.o)
                0x0800bcc4                __exidx_end = .
                0x0800bcc4                . = ALIGN (0x4)

.rel.dyn        0x0800bcc4        0x0
 .rel.iplt      0x0800bcc4        0x0 d:/gun-tools/arm-embedded-tools/bin/../lib/gcc/arm-none-eabi/9.2.1/thumb/v7e-m+fp/hard/crtbegin.o

.preinit_array  0x0800bcc4        0x0
                0x0800bcc4                . = ALIGN (0x4)
                0x0800bcc4                PROVIDE (__preinit_array_start = .)
 *(.preinit_array*)
                0x0800bcc4                PROVIDE (__preinit_array_end = .)
                0x0800bcc4                . = ALIGN (0x4)

.init_array     0x0800bcc4        0x8
                0x0800bcc4                . = ALIGN (0x4)
                0x0800bcc4                PROVIDE (__init_array_start = .)
 *(SORT_BY_NAME(.init_array.*))
 .init_array.00000
                0x0800bcc4        0x4 d:/gun-tools/arm-embedded-tools/bin/../lib/gcc/arm-none-eabi/9.2.1/../../../../arm-none-eabi/lib/thumb/v7e-m+fp/hard\libg.a(lib_a-__call_atexit.o)
 *(.init_array*)
 .init_array    0x0800bcc8        0x4 d:/gun-tools/arm-embedded-tools/bin/../lib/gcc/arm-none-eabi/9.2.1/thumb/v7e-m+fp/hard/crtbegin.o
                0x0800bccc                PROVIDE (__init_array_end = .)
                0x0800bccc                . = ALIGN (0x4)

.fini_array     0x0800bccc        0x4
                0x0800bccc                . = ALIGN (0x4)
                0x0800bccc                PROVIDE (__fini_array_start = .)
 *(SORT_BY_NAME(.fini_array.*))
 *(.fini_array*)
 .fini_array    0x0800bccc        0x4 d:/gun-tools/arm-embedded-tools/bin/../lib/gcc/arm-none-eabi/9.2.1/thumb/v7e-m+fp/hard/crtbegin.o
                0x0800bcd0                PROVIDE (__fini_array_end = .)
                0x0800bcd0                . = ALIGN (0x4)
                0x0800bcd0                _sidata = LOADADDR (.data)

.data           0x20000000      0xa58 load address 0x0800bcd0
                0x20000000                . = ALIGN (0x4)
                0x20000000                _sdata = .
 *(.data)
 *(.data*)
 .data.SystemCoreClock
                0x20000000        0x4 CMakeFiles/smo.elf.dir/Core/Src/system_stm32g4xx.c.obj
                0x20000000                SystemCoreClock
 .data.uwTickFreq
                0x20000004        0x4 CMakeFiles/smo.elf.dir/Drivers/STM32G4xx_HAL_Driver/Src/stm32g4xx_hal.c.obj
                0x20000004                uwTickFreq
 .data.uwTickPrio
                0x20000008        0x4 CMakeFiles/smo.elf.dir/Drivers/STM32G4xx_HAL_Driver/Src/stm32g4xx_hal.c.obj
                0x20000008                uwTickPrio
 .data.eMBState
                0x2000000c        0x1 CMakeFiles/smo.elf.dir/modbus/mb.c.obj
 *fill*         0x2000000d        0x3 
 .data.xFuncHandlers
                0x20000010       0x80 CMakeFiles/smo.elf.dir/modbus/mb.c.obj
 .data.ucRegCoilsBuf
                0x20000090        0x2 CMakeFiles/smo.elf.dir/modbus/port.c.obj
                0x20000090                ucRegCoilsBuf
 *fill*         0x20000092        0x2 
 .data.ucRegDiscreteBuf
                0x20000094        0x2 CMakeFiles/smo.elf.dir/modbus/port.c.obj
                0x20000094                ucRegDiscreteBuf
 *fill*         0x20000096        0x2 
 .data.usRegInputBuf
                0x20000098       0x10 CMakeFiles/smo.elf.dir/modbus/port.c.obj
                0x20000098                usRegInputBuf
 .data._impure_ptr
                0x200000a8        0x4 d:/gun-tools/arm-embedded-tools/bin/../lib/gcc/arm-none-eabi/9.2.1/../../../../arm-none-eabi/lib/thumb/v7e-m+fp/hard\libg.a(lib_a-impure.o)
                0x200000a8                _impure_ptr
 *fill*         0x200000ac        0x4 
 .data.impure_data
                0x200000b0      0x428 d:/gun-tools/arm-embedded-tools/bin/../lib/gcc/arm-none-eabi/9.2.1/../../../../arm-none-eabi/lib/thumb/v7e-m+fp/hard\libg.a(lib_a-impure.o)
 .data.__atexit_recursive_mutex
                0x200004d8        0x4 d:/gun-tools/arm-embedded-tools/bin/../lib/gcc/arm-none-eabi/9.2.1/../../../../arm-none-eabi/lib/thumb/v7e-m+fp/hard\libg.a(lib_a-__call_atexit.o)
                0x200004d8                __atexit_recursive_mutex
 .data.__global_locale
                0x200004dc      0x16c d:/gun-tools/arm-embedded-tools/bin/../lib/gcc/arm-none-eabi/9.2.1/../../../../arm-none-eabi/lib/thumb/v7e-m+fp/hard\libg.a(lib_a-locale.o)
                0x200004dc                __global_locale
 .data.__malloc_av_
                0x20000648      0x408 d:/gun-tools/arm-embedded-tools/bin/../lib/gcc/arm-none-eabi/9.2.1/../../../../arm-none-eabi/lib/thumb/v7e-m+fp/hard\libg.a(lib_a-mallocr.o)
                0x20000648                __malloc_av_
 .data.__malloc_sbrk_base
                0x20000a50        0x4 d:/gun-tools/arm-embedded-tools/bin/../lib/gcc/arm-none-eabi/9.2.1/../../../../arm-none-eabi/lib/thumb/v7e-m+fp/hard\libg.a(lib_a-mallocr.o)
                0x20000a50                __malloc_sbrk_base
 .data.__malloc_trim_threshold
                0x20000a54        0x4 d:/gun-tools/arm-embedded-tools/bin/../lib/gcc/arm-none-eabi/9.2.1/../../../../arm-none-eabi/lib/thumb/v7e-m+fp/hard\libg.a(lib_a-mallocr.o)
                0x20000a54                __malloc_trim_threshold
 *(.RamFunc)
 *(.RamFunc*)
                0x20000a58                . = ALIGN (0x4)
                0x20000a58                _edata = .

.igot.plt       0x20000a58        0x0 load address 0x0800c728
 .igot.plt      0x20000a58        0x0 d:/gun-tools/arm-embedded-tools/bin/../lib/gcc/arm-none-eabi/9.2.1/thumb/v7e-m+fp/hard/crtbegin.o
                0x20000a58                . = ALIGN (0x4)

.bss            0x20000a58      0x86c load address 0x0800c728
                0x20000a58                _sbss = .
                0x20000a58                __bss_start__ = _sbss
 *(.bss)
 .bss           0x20000a58       0x1c d:/gun-tools/arm-embedded-tools/bin/../lib/gcc/arm-none-eabi/9.2.1/thumb/v7e-m+fp/hard/crtbegin.o
 *(.bss*)
 .bss.SMO_Controller
                0x20000a74       0x4c CMakeFiles/smo.elf.dir/BSP/source/SMO.c.obj
                0x20000a74                SMO_Controller
 .bss.idParam   0x20000ac0       0x20 CMakeFiles/smo.elf.dir/BSP/source/currentPid.c.obj
                0x20000ac0                idParam
 .bss.iqParam   0x20000ae0       0x20 CMakeFiles/smo.elf.dir/BSP/source/currentPid.c.obj
                0x20000ae0                iqParam
 .bss.currentSpeed
                0x20000b00        0x4 CMakeFiles/smo.elf.dir/BSP/source/if.c.obj
 .bss.motor_state
                0x20000b04        0x1 CMakeFiles/smo.elf.dir/BSP/source/if.c.obj
 *fill*         0x20000b05        0x3 
 .bss.state_counter
                0x20000b08        0x4 CMakeFiles/smo.elf.dir/BSP/source/if.c.obj
 .bss.i         0x20000b0c        0x4 CMakeFiles/smo.elf.dir/BSP/source/key.c.obj
                0x20000b0c                i
 .bss.motorParam
                0x20000b10       0x20 CMakeFiles/smo.elf.dir/BSP/source/param.c.obj
                0x20000b10                motorParam
 .bss.speedParam
                0x20000b30       0x20 CMakeFiles/smo.elf.dir/BSP/source/speedPid.c.obj
                0x20000b30                speedParam
 .bss.svpwmParam
                0x20000b50       0x50 CMakeFiles/smo.elf.dir/BSP/source/svpwm.c.obj
                0x20000b50                svpwmParam
 .bss.ADC_offset
                0x20000ba0        0x1 CMakeFiles/smo.elf.dir/Core/Src/adc.c.obj
                0x20000ba0                ADC_offset
 *fill*         0x20000ba1        0x3 
 .bss.HAL_RCC_ADC12_CLK_ENABLED
                0x20000ba4        0x4 CMakeFiles/smo.elf.dir/Core/Src/adc.c.obj
 .bss.IA_Offset
                0x20000ba8        0x4 CMakeFiles/smo.elf.dir/Core/Src/adc.c.obj
                0x20000ba8                IA_Offset
 .bss.IB_Offset
                0x20000bac        0x4 CMakeFiles/smo.elf.dir/Core/Src/adc.c.obj
                0x20000bac                IB_Offset
 .bss.IC_Offset
                0x20000bb0        0x4 CMakeFiles/smo.elf.dir/Core/Src/adc.c.obj
                0x20000bb0                IC_Offset
 .bss.adc1_in1  0x20000bb4        0x4 CMakeFiles/smo.elf.dir/Core/Src/adc.c.obj
                0x20000bb4                adc1_in1
 .bss.adc1_in2  0x20000bb8        0x4 CMakeFiles/smo.elf.dir/Core/Src/adc.c.obj
                0x20000bb8                adc1_in2
 .bss.adc1_in3  0x20000bbc        0x4 CMakeFiles/smo.elf.dir/Core/Src/adc.c.obj
                0x20000bbc                adc1_in3
 .bss.cnt       0x20000bc0        0x1 CMakeFiles/smo.elf.dir/Core/Src/adc.c.obj
                0x20000bc0                cnt
 *fill*         0x20000bc1        0x3 
 .bss.current   0x20000bc4        0xc CMakeFiles/smo.elf.dir/Core/Src/adc.c.obj
                0x20000bc4                current
 .bss.hadc1     0x20000bd0       0x6c CMakeFiles/smo.elf.dir/Core/Src/adc.c.obj
                0x20000bd0                hadc1
 .bss.hadc2     0x20000c3c       0x6c CMakeFiles/smo.elf.dir/Core/Src/adc.c.obj
                0x20000c3c                hadc2
 .bss.speed     0x20000ca8        0xc CMakeFiles/smo.elf.dir/Core/Src/adc.c.obj
                0x20000ca8                speed
 .bss.theta     0x20000cb4        0xc CMakeFiles/smo.elf.dir/Core/Src/adc.c.obj
                0x20000cb4                theta
 .bss.hcomp1    0x20000cc0       0x24 CMakeFiles/smo.elf.dir/Core/Src/comp.c.obj
                0x20000cc0                hcomp1
 .bss.hdac1     0x20000ce4       0x14 CMakeFiles/smo.elf.dir/Core/Src/dac.c.obj
                0x20000ce4                hdac1
 .bss.hdac3     0x20000cf8       0x14 CMakeFiles/smo.elf.dir/Core/Src/dac.c.obj
                0x20000cf8                hdac3
 .bss.hfdcan1   0x20000d0c       0x64 CMakeFiles/smo.elf.dir/Core/Src/fdcan.c.obj
                0x20000d0c                hfdcan1
 .bss.hopamp1   0x20000d70       0x3c CMakeFiles/smo.elf.dir/Core/Src/opamp.c.obj
                0x20000d70                hopamp1
 .bss.hopamp2   0x20000dac       0x3c CMakeFiles/smo.elf.dir/Core/Src/opamp.c.obj
                0x20000dac                hopamp2
 .bss.hopamp3   0x20000de8       0x3c CMakeFiles/smo.elf.dir/Core/Src/opamp.c.obj
                0x20000de8                hopamp3
 .bss.__sbrk_heap_end
                0x20000e24        0x4 CMakeFiles/smo.elf.dir/Core/Src/sysmem.c.obj